2026-10-10T08:33:29Z

OWNED
227157
2026-10-10T08:33:35Z

OWNED
227157
228231
228242
228243
2026-10-10T08:33:40Z

OWNED
227157
228231
228242
228243
2026-10-10T08:33:46Z

OWNED
227157
228231
228242
228890
2026-10-10T08:33:51Z

OWNED
227157
228231
228242
228890
2026-10-10T08:33:57Z

OWNED
227157
228231
228242
228890
2026-10-10T08:34:02Z

OWNED
227157
228231
228242
228890
230025
230027
2026-10-10T08:34:07Z
GPU-A, 228890, 352 MiB
OWNED
227157
228231
228242
228890
230447
2026-10-10T08:34:13Z
GPU-A, 228890, 352 MiB
OWNED
227157
228231
228242
228890
230447
2026-10-10T08:34:18Z
GPU-A, 228890, 352 MiB
OWNED
227157
228231
228242
228890
230447
2026-10-10T08:34:24Z
GPU-A, 228890, 352 MiB
OWNED
227157
228231
228242
228890
230447
231585
231640
2026-10-10T08:34:29Z
GPU-A, 228890, 714 MiB
OWNED
227157
228231
228242
228890
231585
231640
2026-10-10T08:34:35Z
GPU-A, 228890, 714 MiB
OWNED
227157
228231
228242
228890
2026-10-10T08:34:40Z
GPU-A, 228890, 714 MiB
OWNED
227157
228231
228242
228890
232782
2026-10-10T08:34:46Z
GPU-A, 228890, 716 MiB
OWNED
227157
228231
228242
228890
2026-10-10T08:34:51Z
GPU-A, 228890, 716 MiB
OWNED
227157
228231
228242
228890
2026-10-10T08:34:57Z
GPU-A, 228890, 716 MiB
OWNED
227157
228231
228242
228890
2026-10-10T08:35:02Z
GPU-A, 228890, 974 MiB
OWNED
227157
228231
228242
228890
2026-10-10T08:35:08Z
GPU-A, 228890, 974 MiB
OWNED
227157
228231
228242
228890
2026-10-10T08:35:13Z
GPU-A, 228890, 974 MiB
OWNED
227157
228231
228242
228890
2026-10-10T08:35:19Z
GPU-A, 228890, 974 MiB
OWNED
227157
228231
228242
228890
234916
2026-10-10T08:35:24Z
GPU-A, 228890, 974 MiB
OWNED
227157
228231
228242
228890
2026-10-10T08:35:29Z
GPU-A, 228890, 974 MiB
OWNED
227157
228231
228242
228890
2026-10-10T08:35:35Z
GPU-A, 228890, 974 MiB
OWNED
227157
228231
228242
228890
2026-10-10T08:35:40Z
GPU-A, 228890, 714 MiB
OWNED
227157
228231
228242
228890
236143
2026-10-10T08:35:46Z
GPU-A, 228890, 974 MiB
OWNED
227157
228231
228242
228890
236399
2026-10-10T08:35:51Z
GPU-A, 228890, 974 MiB
OWNED
227157
228231
228242
228890
2026-10-10T08:35:57Z
GPU-A, 228890, 980 MiB
OWNED
227157
228231
228242
228890
2026-10-10T08:36:02Z

OWNED
227157
228231
228242
237166
2026-10-10T08:36:08Z

OWNED
227157
228231
228242
237166
2026-10-10T08:36:13Z

OWNED
227157
228231
228242
237166
2026-10-10T08:36:19Z

OWNED
227157
228231
228242
237166
238444
238447
2026-10-10T08:36:24Z
GPU-A, 237166, 284 MiB
OWNED
227157
228231
228242
237166
238444
238447
2026-10-10T08:36:29Z
GPU-A, 237166, 284 MiB
OWNED
227157
228231
228242
237166
2026-10-10T08:36:35Z
GPU-A, 237166, 284 MiB
OWNED
227157
228231
228242
237166
2026-10-10T08:36:40Z

OWNED
227157
228231
228242
239899
2026-10-10T08:36:46Z

OWNED
227157
228231
228242
239899
2026-10-10T08:36:51Z

OWNED
227157
228231
228242
239899
2026-10-10T08:36:57Z

OWNED
227157
228231
228242
241000
2026-10-10T08:37:02Z

OWNED
227157
228231
228242
241000
2026-10-10T08:37:08Z

OWNED
227157
228231
228242
241000
2026-10-10T08:37:13Z

OWNED
227157
228231
228242
241000
242131
242133
2026-10-10T08:37:19Z

OWNED
227157
242131
242133
242699
242710
242881
242882
2026-10-10T08:37:24Z
GPU-A, 242881, 284 MiB
GPU-B, 242882, 284 MiB
OWNED
227157
242699
242710
242881
242882
2026-10-10T08:37:29Z
GPU-A, 242881, 284 MiB
GPU-B, 242882, 284 MiB
OWNED
227157
242699
242710
242881
242882
2026-10-10T08:37:35Z
GPU-A, 242881, 548 MiB
GPU-B, 242882, 548 MiB
OWNED
227157
242699
242710
242881
242882
243726
243729
243731
243733
2026-10-10T08:37:40Z
GPU-A, 242881, 774 MiB
GPU-B, 242882, 774 MiB
OWNED
227157
242699
242710
242881
242882
243726
243729
243731
243733
2026-10-10T08:37:46Z

OWNED
227157
2026-10-10T08:37:51Z

OWNED
227157
244839
244861
2026-10-10T08:37:57Z

OWNED
227157
244839
244861
2026-10-10T08:38:02Z

OWNED
227157
244839
244861
2026-10-10T08:38:07Z

OWNED
227157
244839
244861
246106
2026-10-10T08:38:13Z

OWNED
227157
244839
244861
246106
2026-10-10T08:38:18Z

OWNED
227157
244839
244861
246106
2026-10-10T08:38:24Z

OWNED
227157
244839
244861
248077
248079
248218
248220
2026-10-10T08:38:29Z

OWNED
227157
244839
244861
248218
248220
248747
248750
248751
2026-10-10T08:38:35Z

OWNED
227157
244839
244861
248747
248750
248751
2026-10-10T08:38:40Z

OWNED
227157
244839
244861
248747
248750
248751
2026-10-10T08:38:46Z
GPU-A, 248750, 284 MiB
GPU-B, 248751, 284 MiB
OWNED
227157
244839
244861
248747
248750
248751
249958
249960
249962
249964
2026-10-10T08:38:51Z
GPU-A, 248750, 15010 MiB
GPU-B, 248751, 15010 MiB
OWNED
227157
244839
244861
248747
248750
248751
249958
249960
249962
249964
250821
251236
2026-10-10T08:38:57Z
GPU-A, 248750, 15122 MiB
GPU-B, 248751, 15122 MiB
OWNED
227157
244839
244861
248747
248750
248751
2026-10-10T08:39:02Z
GPU-A, 248750, 15122 MiB
GPU-B, 248751, 15122 MiB
OWNED
227157
244839
244861
248747
248750
248751
2026-10-10T08:39:08Z
GPU-A, 248750, 15122 MiB
GPU-B, 248751, 15122 MiB
OWNED
227157
244839
244861
248747
248750
248751
2026-10-10T08:39:13Z
GPU-A, 248750, 15254 MiB
GPU-B, 248751, 15254 MiB
OWNED
227157
244839
244861
248747
248750
248751
2026-10-10T08:39:18Z
GPU-A, 248750, 15330 MiB
GPU-B, 248751, 15330 MiB
OWNED
227157
244839
244861
248747
248750
248751
2026-10-10T08:39:24Z
GPU-A, 248750, 15344 MiB
GPU-B, 248751, 15344 MiB
OWNED
227157
244839
244861
248747
248750
248751
2026-10-10T08:39:29Z
GPU-A, 248750, 15344 MiB
GPU-B, 248751, 15344 MiB
OWNED
227157
244839
244861
248747
248750
248751
2026-10-10T08:39:35Z
GPU-A, 248750, 15344 MiB
GPU-B, 248751, 15344 MiB
OWNED
227157
244839
244861
248747
248750
248751
2026-10-10T08:39:40Z
GPU-A, 248750, 15348 MiB
GPU-B, 248751, 15348 MiB
OWNED
227157
244839
244861
248747
248750
248751
2026-10-10T08:39:46Z
GPU-A, 248750, 16048 MiB
GPU-B, 248751, 16052 MiB
OWNED
227157
244839
244861
248747
248750
248751
256453
2026-10-10T08:39:51Z
GPU-A, 248750, 18456 MiB
GPU-B, 248751, 18456 MiB
OWNED
227157
244839
244861
248747
248750
248751
256841
2026-10-10T08:39:57Z
GPU-A, 248750, 18602 MiB
GPU-B, 248751, 18600 MiB
OWNED
227157
244839
244861
248747
248750
248751
256878
256879
256880
256882
256883
256884
256885
256933
256934
256935
256936
256937
256938
256939
2026-10-10T08:40:02Z
GPU-A, 248750, 18602 MiB
GPU-B, 248751, 18600 MiB
OWNED
227157
244839
244861
248747
248750
248751
256878
256879
256880
256882
256883
256884
256885
256933
256934
256935
257280
257281
257282
257283
2026-10-10T08:40:08Z
GPU-A, 248750, 18602 MiB
GPU-B, 248751, 18600 MiB
OWNED
227157
244839
244861
248747
248750
248751
256878
256879
256880
256883
256884
257280
257281
257282
257283
2026-10-10T08:40:13Z
GPU-A, 248750, 18602 MiB
GPU-B, 248751, 18600 MiB
OWNED
227157
244839
244861
248747
248750
248751
256878
256879
256880
256883
256884
257282
257283
258114
258115
2026-10-10T08:40:19Z
GPU-A, 248750, 18602 MiB
GPU-B, 248751, 18600 MiB
OWNED
227157
244839
244861
248747
248750
248751
256878
256879
256883
257282
257283
2026-10-10T08:40:24Z
GPU-A, 248750, 18602 MiB
GPU-B, 248751, 18600 MiB
OWNED
227157
244839
244861
248747
248750
248751
256878
256879
256883
257282
257283
2026-10-10T08:40:29Z
GPU-A, 248750, 18602 MiB
GPU-B, 248751, 18600 MiB
OWNED
227157
244839
244861
248747
248750
248751
256878
256879
256883
257282
257283
2026-10-10T08:40:35Z
GPU-A, 248750, 18602 MiB
GPU-B, 248751, 18600 MiB
OWNED
227157
244839
244861
248747
248750
248751
256878
256879
256883
259307
259308
2026-10-10T08:40:40Z
GPU-A, 248750, 18602 MiB
GPU-B, 248751, 18600 MiB
OWNED
227157
244839
244861
248747
248750
248751
256878
256879
256883
259307
259308
2026-10-10T08:40:46Z
GPU-A, 248750, 18602 MiB
GPU-B, 248751, 18600 MiB
OWNED
227157
244839
244861
248747
248750
248751
256878
256879
256883
259307
259308
2026-10-10T08:40:51Z
GPU-A, 248750, 18602 MiB
GPU-B, 248751, 18600 MiB
OWNED
227157
244839
244861
248747
248750
248751
256878
256879
256883
260255
260256
2026-10-10T08:40:57Z
GPU-A, 248750, 18602 MiB
GPU-B, 248751, 18600 MiB
OWNED
227157
244839
244861
248747
248750
248751
256878
256879
256883
260504
260505
260506
2026-10-10T08:41:02Z
GPU-A, 248750, 18608 MiB
GPU-B, 248751, 18632 MiB
OWNED
227157
244839
244861
248747
248750
248751
2026-10-10T08:41:08Z
GPU-A, 248750, 18686 MiB
GPU-B, 248751, 18686 MiB
OWNED
227157
244839
244861
248747
248750
248751
2026-10-10T08:41:13Z
GPU-A, 248750, 18686 MiB
GPU-B, 248751, 18686 MiB
OWNED
227157
244839
244861
248747
248750
248751
2026-10-10T08:41:19Z
GPU-A, 248750, 18688 MiB
GPU-B, 248751, 18688 MiB
OWNED
227157
244839
244861
248747
248750
248751
2026-10-10T08:41:24Z
GPU-A, 248750, 18688 MiB
GPU-B, 248751, 18688 MiB
OWNED
227157
244839
244861
248747
248750
248751
2026-10-10T08:41:30Z
GPU-A, 248750, 18688 MiB
GPU-B, 248751, 18688 MiB
OWNED
227157
244839
244861
248747
248750
248751
2026-10-10T08:41:35Z
GPU-A, 248750, 18688 MiB
GPU-B, 248751, 18688 MiB
OWNED
227157
244839
244861
248747
248750
248751
2026-10-10T08:41:40Z
GPU-A, 248750, 18688 MiB
GPU-B, 248751, 18688 MiB
OWNED
227157
244839
244861
248747
248750
248751
2026-10-10T08:41:46Z
GPU-A, 248750, 18688 MiB
GPU-B, 248751, 18688 MiB
OWNED
227157
244839
244861
248747
248750
248751
2026-10-10T08:41:51Z
GPU-A, 248750, 18688 MiB
GPU-B, 248751, 18688 MiB
OWNED
227157
244839
244861
248747
248750
248751
2026-10-10T08:41:57Z

OWNED
227157
2026-10-10T08:42:02Z

OWNED
227157
264383
264394
2026-10-10T08:42:08Z

OWNED
227157
264383
264394
2026-10-10T08:42:13Z

OWNED
227157
264383
264394
2026-10-10T08:42:19Z

OWNED
227157
264383
264394
265680
2026-10-10T08:42:24Z

OWNED
227157
264383
264394
265680
2026-10-10T08:42:29Z

OWNED
227157
264383
264394
265680
2026-10-10T08:42:35Z

OWNED
227157
264383
264394
266783
266785
266926
266928
2026-10-10T08:42:40Z

OWNED
227157
264383
264394
266926
266928
267495
267498
267499
2026-10-10T08:42:46Z

OWNED
227157
264383
264394
267495
267498
267499
2026-10-10T08:42:51Z

OWNED
227157
264383
264394
267495
267498
267499
2026-10-10T08:42:57Z
GPU-B, 267499, 284 MiB
OWNED
227157
264383
264394
267495
267498
267499
268626
268628
268630
268632
2026-10-10T08:43:02Z
GPU-A, 267498, 15010 MiB
GPU-B, 267499, 15010 MiB
OWNED
227157
264383
264394
267495
267498
267499
268626
268628
268630
268632
269501
269687
2026-10-10T08:43:08Z
GPU-A, 267498, 15122 MiB
GPU-B, 267499, 15122 MiB
OWNED
227157
264383
264394
267495
267498
267499
2026-10-10T08:43:13Z
GPU-A, 267498, 15122 MiB
GPU-B, 267499, 15122 MiB
OWNED
227157
264383
264394
267495
267498
267499
2026-10-10T08:43:19Z
GPU-A, 267498, 15122 MiB
GPU-B, 267499, 15122 MiB
OWNED
227157
264383
264394
267495
267498
267499
2026-10-10T08:43:24Z
GPU-A, 267498, 15254 MiB
GPU-B, 267499, 15254 MiB
OWNED
227157
264383
264394
267495
267498
267499
2026-10-10T08:43:29Z
GPU-A, 267498, 15330 MiB
GPU-B, 267499, 15330 MiB
OWNED
227157
264383
264394
267495
267498
267499
2026-10-10T08:43:35Z
GPU-A, 267498, 15344 MiB
GPU-B, 267499, 15344 MiB
OWNED
227157
264383
264394
267495
267498
267499
2026-10-10T08:43:40Z
GPU-A, 267498, 15344 MiB
GPU-B, 267499, 15344 MiB
OWNED
227157
264383
264394
267495
267498
267499
2026-10-10T08:43:46Z
GPU-A, 267498, 15344 MiB
GPU-B, 267499, 15344 MiB
OWNED
227157
264383
264394
267495
267498
267499
2026-10-10T08:43:51Z
GPU-A, 267498, 15282 MiB
GPU-B, 267499, 15282 MiB
OWNED
227157
264383
264394
267495
267498
267499
2026-10-10T08:43:57Z
GPU-A, 267498, 16122 MiB
GPU-B, 267499, 16122 MiB
OWNED
227157
264383
264394
267495
267498
267499
2026-10-10T08:44:02Z
GPU-A, 267498, 18458 MiB
GPU-B, 267499, 18458 MiB
OWNED
227157
264383
264394
267495
267498
267499
2026-10-10T08:44:08Z
GPU-A, 267498, 18604 MiB
GPU-B, 267499, 18604 MiB
OWNED
227157
264383
264394
267495
267498
267499
273316
273317
273318
273319
273320
273321
273322
273406
273407
273408
273409
273410
273411
273412
2026-10-10T08:44:13Z
GPU-A, 267498, 18604 MiB
GPU-B, 267499, 18604 MiB
OWNED
227157
264383
264394
267495
267498
267499
273316
273317
273318
273319
273320
273321
273322
273406
273407
273408
273705
273706
273707
273708
2026-10-10T08:44:19Z
GPU-A, 267498, 18604 MiB
GPU-B, 267499, 18604 MiB
OWNED
227157
264383
264394
267495
267498
267499
273316
273317
273318
273320
273321
273705
273706
274223
274224
2026-10-10T08:44:24Z
GPU-A, 267498, 18604 MiB
GPU-B, 267499, 18604 MiB
OWNED
227157
264383
264394
267495
267498
267499
273316
273317
273318
273320
273321
273705
273706
274305
274306
274307
2026-10-10T08:44:30Z
GPU-A, 267498, 18604 MiB
GPU-B, 267499, 18604 MiB
OWNED
227157
264383
264394
267495
267498
267499
273316
273317
273320
273705
273706
2026-10-10T08:44:35Z
GPU-A, 267498, 18604 MiB
GPU-B, 267499, 18604 MiB
OWNED
227157
264383
264394
267495
267498
267499
273316
273317
273320
273705
273706
2026-10-10T08:44:41Z
GPU-A, 267498, 18604 MiB
GPU-B, 267499, 18604 MiB
OWNED
227157
264383
264394
267495
267498
267499
273316
273317
273320
273705
273706
2026-10-10T08:44:46Z
GPU-A, 267498, 18604 MiB
GPU-B, 267499, 18604 MiB
OWNED
227157
264383
264394
267495
267498
267499
273316
273317
273320
275489
275490
2026-10-10T08:44:51Z
GPU-A, 267498, 18604 MiB
GPU-B, 267499, 18604 MiB
OWNED
227157
264383
264394
267495
267498
267499
273316
273317
273320
275489
275490
2026-10-10T08:44:57Z
GPU-A, 267498, 18604 MiB
GPU-B, 267499, 18604 MiB
OWNED
227157
264383
264394
267495
267498
267499
273316
273317
273320
275489
275490
2026-10-10T08:45:02Z
GPU-A, 267498, 18604 MiB
GPU-B, 267499, 18604 MiB
OWNED
227157
264383
264394
267495
267498
267499
273316
273317
273320
276464
276465
276466
2026-10-10T08:45:08Z
GPU-A, 267498, 18604 MiB
GPU-B, 267499, 18604 MiB
OWNED
227157
264383
264394
267495
267498
267499
273316
273317
273320
276464
276465
276466
2026-10-10T08:45:13Z
GPU-A, 267498, 18562 MiB
GPU-B, 267499, 18562 MiB
OWNED
227157
264383
264394
267495
267498
267499
2026-10-10T08:45:19Z
GPU-A, 267498, 18688 MiB
GPU-B, 267499, 18688 MiB
OWNED
227157
264383
264394
267495
267498
267499
2026-10-10T08:45:24Z
GPU-A, 267498, 18688 MiB
GPU-B, 267499, 18688 MiB
OWNED
227157
264383
264394
267495
267498
267499
2026-10-10T08:45:30Z
GPU-A, 267498, 18690 MiB
GPU-B, 267499, 18690 MiB
OWNED
227157
264383
264394
267495
267498
267499
2026-10-10T08:45:35Z
GPU-A, 267498, 18690 MiB
GPU-B, 267499, 18690 MiB
OWNED
227157
264383
264394
267495
267498
267499
2026-10-10T08:45:41Z
GPU-A, 267498, 18690 MiB
GPU-B, 267499, 18690 MiB
OWNED
227157
264383
264394
267495
267498
267499
2026-10-10T08:45:46Z
GPU-A, 267498, 18690 MiB
GPU-B, 267499, 18690 MiB
OWNED
227157
264383
264394
267495
267498
267499
2026-10-10T08:45:51Z
GPU-A, 267498, 18690 MiB
GPU-B, 267499, 18690 MiB
OWNED
227157
264383
264394
267495
267498
267499
2026-10-10T08:45:57Z
GPU-A, 267498, 18690 MiB
GPU-B, 267499, 18690 MiB
OWNED
227157
264383
264394
267495
267498
267499
2026-10-10T08:46:02Z
GPU-A, 267498, 18690 MiB
GPU-B, 267499, 18690 MiB
OWNED
227157
264383
264394
267495
267498
267499
2026-10-10T08:46:08Z
GPU-A, 267498, 18690 MiB
GPU-B, 267499, 18690 MiB
OWNED
227157
264383
264394
267495
267498
267499
2026-10-10T08:46:13Z
GPU-A, 267498, 18690 MiB
GPU-B, 267499, 18690 MiB
OWNED
227157
264383
264394
267495
267498
267499
2026-10-10T08:46:19Z
GPU-A, 267498, 18690 MiB
GPU-B, 267499, 18690 MiB
OWNED
227157
264383
264394
267495
267498
267499
2026-10-10T08:46:24Z
GPU-A, 267498, 18690 MiB
GPU-B, 267499, 18690 MiB
OWNED
227157
264383
264394
267495
267498
267499
2026-10-10T08:46:30Z

OWNED
227157
2026-10-10T08:46:35Z

OWNED
227157
281800
281811
2026-10-10T08:46:40Z

OWNED
227157
281800
281811
2026-10-10T08:46:46Z

OWNED
227157
281800
281811
2026-10-10T08:46:51Z

OWNED
227157
281800
281811
283052
2026-10-10T08:46:57Z

OWNED
227157
281800
281811
283052
2026-10-10T08:47:02Z

OWNED
227157
281800
281811
283052
2026-10-10T08:47:08Z

OWNED
227157
281800
281811
284168
284170
284371
284373
2026-10-10T08:47:13Z

OWNED
227157
281800
281811
284371
284373
284888
284891
284892
2026-10-10T08:47:19Z

OWNED
227157
281800
281811
284888
284891
284892
2026-10-10T08:47:24Z

OWNED
227157
281800
281811
284888
284891
284892
2026-10-10T08:47:29Z
GPU-B, 284892, 284 MiB
OWNED
227157
281800
281811
284888
284891
284892
286122
286124
286132
286134
2026-10-10T08:47:35Z
GPU-A, 284891, 15010 MiB
GPU-B, 284892, 15010 MiB
OWNED
227157
281800
281811
284888
284891
284892
286122
286124
286132
286134
286942
287122
2026-10-10T08:47:40Z
GPU-A, 284891, 15274 MiB
GPU-B, 284892, 15274 MiB
OWNED
227157
281800
281811
284888
284891
284892
2026-10-10T08:47:46Z
GPU-A, 284891, 18294 MiB
GPU-B, 284892, 18294 MiB
OWNED
227157
281800
281811
284888
284891
284892
2026-10-10T08:47:51Z
GPU-A, 284891, 18416 MiB
GPU-B, 284892, 18416 MiB
OWNED
227157
281800
281811
284888
284891
284892
2026-10-10T08:47:57Z
GPU-A, 284891, 18416 MiB
GPU-B, 284892, 18416 MiB
OWNED
227157
281800
281811
284888
284891
284892
2026-10-10T08:48:02Z
GPU-A, 284891, 18416 MiB
GPU-B, 284892, 18416 MiB
OWNED
227157
281800
281811
284888
284891
284892
2026-10-10T08:48:08Z
GPU-A, 284891, 18416 MiB
GPU-B, 284892, 18416 MiB
OWNED
227157
281800
281811
284888
284891
284892
2026-10-10T08:48:13Z
GPU-A, 284891, 18416 MiB
GPU-B, 284892, 18416 MiB
OWNED
227157
281800
281811
284888
284891
284892
2026-10-10T08:48:19Z
GPU-A, 284891, 18416 MiB
GPU-B, 284892, 18416 MiB
OWNED
227157
281800
281811
284888
284891
284892
2026-10-10T08:48:24Z
GPU-A, 284891, 18416 MiB
GPU-B, 284892, 18416 MiB
OWNED
227157
281800
281811
284888
284891
284892
2026-10-10T08:48:29Z
GPU-A, 284891, 18418 MiB
GPU-B, 284892, 18418 MiB
OWNED
227157
281800
281811
284888
284891
284892
2026-10-10T08:48:35Z
GPU-A, 284891, 18418 MiB
GPU-B, 284892, 18418 MiB
OWNED
227157
281800
281811
284888
284891
284892
2026-10-10T08:48:40Z
GPU-A, 284891, 18418 MiB
GPU-B, 284892, 18418 MiB
OWNED
227157
281800
281811
284888
284891
284892
2026-10-10T08:48:46Z
GPU-A, 284891, 18418 MiB
GPU-B, 284892, 18418 MiB
OWNED
227157
281800
281811
284888
284891
284892
2026-10-10T08:48:51Z
GPU-A, 284891, 18418 MiB
GPU-B, 284892, 18418 MiB
OWNED
227157
281800
281811
284888
284891
284892
2026-10-10T08:48:57Z
GPU-A, 284891, 18418 MiB
GPU-B, 284892, 18418 MiB
OWNED
227157
281800
281811
284888
284891
284892
2026-10-10T08:49:02Z
GPU-A, 284891, 18418 MiB
GPU-B, 284892, 18418 MiB
OWNED
227157
281800
281811
284888
284891
284892
2026-10-10T08:49:08Z
GPU-A, 284891, 18418 MiB
GPU-B, 284892, 18418 MiB
OWNED
227157
281800
281811
284888
284891
284892
2026-10-10T08:49:13Z
GPU-A, 284891, 18418 MiB
GPU-B, 284892, 18418 MiB
OWNED
227157
281800
281811
284888
284891
284892
2026-10-10T08:49:19Z
GPU-A, 284891, 18418 MiB
GPU-B, 284892, 18418 MiB
OWNED
227157
281800
281811
284888
284891
284892
293017
293018
2026-10-10T08:49:24Z
GPU-A, 284891, 18418 MiB
GPU-B, 284892, 18418 MiB
OWNED
227157
281800
281811
284888
284891
284892
2026-10-10T08:49:29Z
GPU-A, 284891, 18418 MiB
GPU-B, 284892, 18418 MiB
OWNED
227157
281800
281811
284888
284891
284892
2026-10-10T08:49:35Z
GPU-A, 284891, 18418 MiB
GPU-B, 284892, 18418 MiB
OWNED
227157
281800
281811
284888
284891
284892
2026-10-10T08:49:40Z
GPU-A, 284891, 18418 MiB
GPU-B, 284892, 18418 MiB
OWNED
227157
281800
281811
284888
284891
284892
2026-10-10T08:49:46Z
GPU-A, 284891, 18418 MiB
GPU-B, 284892, 18418 MiB
OWNED
227157
281800
281811
284888
284891
284892
2026-10-10T08:49:51Z
GPU-A, 284891, 18418 MiB
GPU-B, 284892, 18418 MiB
OWNED
227157
281800
281811
284888
284891
284892
2026-10-10T08:49:57Z
GPU-A, 284891, 18418 MiB
GPU-B, 284892, 18418 MiB
OWNED
227157
281800
281811
284888
284891
284892
2026-10-10T08:50:02Z
GPU-A, 284891, 18418 MiB
GPU-B, 284892, 18418 MiB
OWNED
227157
281800
281811
284888
284891
284892
2026-10-10T08:50:08Z
GPU-A, 284891, 18418 MiB
GPU-B, 284892, 18418 MiB
OWNED
227157
281800
281811
284888
284891
284892
2026-10-10T08:50:13Z
GPU-A, 284891, 18418 MiB
GPU-B, 284892, 18418 MiB
OWNED
227157
281800
281811
284888
284891
284892
2026-10-10T08:50:19Z
GPU-A, 284891, 18418 MiB
GPU-B, 284892, 18418 MiB
OWNED
227157
281800
281811
284888
284891
284892
2026-10-10T08:50:24Z
GPU-A, 284891, 18418 MiB
GPU-B, 284892, 18418 MiB
OWNED
227157
281800
281811
284888
284891
284892
2026-10-10T08:50:30Z
GPU-A, 284891, 18418 MiB
GPU-B, 284892, 18418 MiB
OWNED
227157
281800
281811
284888
284891
284892
2026-10-10T08:50:35Z
GPU-A, 284891, 18418 MiB
GPU-B, 284892, 18418 MiB
OWNED
227157
281800
281811
284888
284891
284892
2026-10-10T08:50:40Z
GPU-A, 284891, 18418 MiB
GPU-B, 284892, 18418 MiB
OWNED
227157
281800
281811
284888
284891
284892
2026-10-10T08:50:46Z
GPU-A, 284891, 18418 MiB
GPU-B, 284892, 18418 MiB
OWNED
227157
281800
281811
284888
284891
284892
2026-10-10T08:50:51Z
GPU-A, 284891, 18418 MiB
GPU-B, 284892, 18418 MiB
OWNED
227157
281800
281811
284888
284891
284892
2026-10-10T08:50:57Z
GPU-A, 284891, 18418 MiB
GPU-B, 284892, 18418 MiB
OWNED
227157
281800
281811
284888
284891
284892
2026-10-10T08:51:02Z
GPU-A, 284891, 18418 MiB
GPU-B, 284892, 18418 MiB
OWNED
227157
281800
281811
284888
284891
284892
2026-10-10T08:51:08Z
GPU-A, 284891, 18418 MiB
GPU-B, 284892, 18418 MiB
OWNED
227157
281800
281811
284888
284891
284892
2026-10-10T08:51:13Z
GPU-A, 284891, 18418 MiB
GPU-B, 284892, 18418 MiB
OWNED
227157
281800
281811
284888
284891
284892
2026-10-10T08:51:19Z
GPU-A, 284891, 18418 MiB
GPU-B, 284892, 18418 MiB
OWNED
227157
281800
281811
284888
284891
284892
2026-10-10T08:51:24Z
GPU-A, 284891, 18418 MiB
GPU-B, 284892, 18418 MiB
OWNED
227157
281800
281811
284888
284891
284892
2026-10-10T08:51:30Z
GPU-A, 284891, 18418 MiB
GPU-B, 284892, 18418 MiB
OWNED
227157
281800
281811
284888
284891
284892
2026-10-10T08:51:35Z
GPU-A, 284891, 18418 MiB
GPU-B, 284892, 18418 MiB
OWNED
227157
281800
281811
284888
284891
284892
2026-10-10T08:51:40Z
GPU-A, 284891, 18418 MiB
GPU-B, 284892, 18418 MiB
OWNED
227157
281800
281811
284888
284891
284892
2026-10-10T08:51:46Z
GPU-A, 284891, 16016 MiB
GPU-B, 284892, 16692 MiB
OWNED
227157
281800
281811
284888
284891
284892
2026-10-10T08:51:51Z

OWNED
227157
301520
301643
2026-10-10T08:51:57Z

OWNED
227157
301520
301643
2026-10-10T08:52:02Z

OWNED
227157
301520
301643
2026-10-10T08:52:08Z

OWNED
227157
301520
301643
303692
2026-10-10T08:52:13Z

OWNED
227157
301520
301643
303692
2026-10-10T08:52:19Z

OWNED
227157
301520
301643
303692
2026-10-10T08:52:24Z

OWNED
227157
301520
301643
303692
308158
308161
2026-10-10T08:52:29Z

OWNED
227157
301520
301643
308158
308161
309460
309476
2026-10-10T08:52:35Z

OWNED
227157
301520
301643
310785
310788
310789
2026-10-10T08:52:40Z

OWNED
227157
301520
301643
310785
310788
310789
2026-10-10T08:52:46Z

OWNED
227157
301520
301643
310785
310788
310789
2026-10-10T08:52:51Z
GPU-A, 310788, 554 MiB
GPU-B, 310789, 554 MiB
OWNED
227157
301520
301643
310785
310788
310789
315987
315989
315991
315996
2026-10-10T08:52:57Z
GPU-A, 310788, 15010 MiB
GPU-B, 310789, 15010 MiB
OWNED
227157
301520
301643
310785
310788
310789
2026-10-10T08:53:02Z
GPU-A, 310788, 15276 MiB
GPU-B, 310789, 15276 MiB
OWNED
227157
301520
301643
310785
310788
310789
320638
2026-10-10T08:53:08Z
GPU-A, 310788, 18294 MiB
GPU-B, 310789, 18294 MiB
OWNED
227157
301520
301643
310785
310788
310789
2026-10-10T08:53:13Z
GPU-A, 310788, 18416 MiB
GPU-B, 310789, 18416 MiB
OWNED
227157
301520
301643
310785
310788
310789
2026-10-10T08:53:19Z
GPU-A, 310788, 18416 MiB
GPU-B, 310789, 18416 MiB
OWNED
227157
301520
301643
310785
310788
310789
2026-10-10T08:53:24Z
GPU-A, 310788, 18416 MiB
GPU-B, 310789, 18416 MiB
OWNED
227157
301520
301643
310785
310788
310789
2026-10-10T08:53:29Z
GPU-A, 310788, 18416 MiB
GPU-B, 310789, 18416 MiB
OWNED
227157
301520
301643
310785
310788
310789
2026-10-10T08:53:35Z
GPU-A, 310788, 18416 MiB
GPU-B, 310789, 18416 MiB
OWNED
227157
301520
301643
310785
310788
310789
2026-10-10T08:53:40Z
GPU-A, 310788, 18416 MiB
GPU-B, 310789, 18416 MiB
OWNED
227157
301520
301643
310785
310788
310789
2026-10-10T08:53:46Z
GPU-A, 310788, 18418 MiB
GPU-B, 310789, 18418 MiB
OWNED
227157
301520
301643
310785
310788
310789
2026-10-10T08:53:51Z
GPU-A, 310788, 18418 MiB
GPU-B, 310789, 18418 MiB
OWNED
227157
301520
301643
310785
310788
310789
2026-10-10T08:53:57Z
GPU-A, 310788, 18418 MiB
GPU-B, 310789, 18418 MiB
OWNED
227157
301520
301643
310785
310788
310789
2026-10-10T08:54:02Z
GPU-A, 310788, 18418 MiB
GPU-B, 310789, 18418 MiB
OWNED
227157
301520
301643
310785
310788
310789
2026-10-10T08:54:08Z
GPU-A, 310788, 18418 MiB
GPU-B, 310789, 18418 MiB
OWNED
227157
301520
301643
310785
310788
310789
2026-10-10T08:54:13Z
GPU-A, 310788, 18418 MiB
GPU-B, 310789, 18418 MiB
OWNED
227157
301520
301643
310785
310788
310789
2026-10-10T08:54:19Z
GPU-A, 310788, 18418 MiB
GPU-B, 310789, 18418 MiB
OWNED
227157
301520
301643
310785
310788
310789
2026-10-10T08:54:24Z
GPU-A, 310788, 18418 MiB
GPU-B, 310789, 18418 MiB
OWNED
227157
301520
301643
310785
310788
310789
2026-10-10T08:54:30Z
GPU-A, 310788, 18418 MiB
GPU-B, 310789, 18418 MiB
OWNED
227157
301520
301643
310785
310788
310789
2026-10-10T08:54:35Z
GPU-A, 310788, 18418 MiB
GPU-B, 310789, 18418 MiB
OWNED
227157
301520
301643
310785
310788
310789
2026-10-10T08:54:40Z
GPU-A, 310788, 18418 MiB
GPU-B, 310789, 18418 MiB
OWNED
227157
301520
301643
310785
310788
310789
2026-10-10T08:54:46Z
GPU-A, 310788, 18418 MiB
GPU-B, 310789, 18418 MiB
OWNED
227157
301520
301643
310785
310788
310789
2026-10-10T08:54:51Z
GPU-A, 310788, 18418 MiB
GPU-B, 310789, 18418 MiB
OWNED
227157
301520
301643
310785
310788
310789
2026-10-10T08:54:57Z
GPU-A, 310788, 18418 MiB
GPU-B, 310789, 18418 MiB
OWNED
227157
301520
301643
310785
310788
310789
2026-10-10T08:55:02Z
GPU-A, 310788, 18418 MiB
GPU-B, 310789, 18418 MiB
OWNED
227157
301520
301643
310785
310788
310789
2026-10-10T08:55:08Z
GPU-A, 310788, 18418 MiB
GPU-B, 310789, 18418 MiB
OWNED
227157
301520
301643
310785
310788
310789
2026-10-10T08:55:13Z
GPU-A, 310788, 18418 MiB
GPU-B, 310789, 18418 MiB
OWNED
227157
301520
301643
310785
310788
310789
2026-10-10T08:55:19Z
GPU-A, 310788, 18418 MiB
GPU-B, 310789, 18418 MiB
OWNED
227157
301520
301643
310785
310788
310789
2026-10-10T08:55:24Z
GPU-A, 310788, 18418 MiB
GPU-B, 310789, 18418 MiB
OWNED
227157
301520
301643
310785
310788
310789
2026-10-10T08:55:30Z
GPU-A, 310788, 18418 MiB
GPU-B, 310789, 18418 MiB
OWNED
227157
301520
301643
310785
310788
310789
2026-10-10T08:55:35Z
GPU-A, 310788, 18418 MiB
GPU-B, 310789, 18418 MiB
OWNED
227157
301520
301643
310785
310788
310789
2026-10-10T08:55:40Z
GPU-A, 310788, 18418 MiB
GPU-B, 310789, 18418 MiB
OWNED
227157
301520
301643
310785
310788
310789
2026-10-10T08:55:46Z
GPU-A, 310788, 18418 MiB
GPU-B, 310789, 18418 MiB
OWNED
227157
301520
301643
310785
310788
310789
2026-10-10T08:55:51Z
GPU-A, 310788, 18418 MiB
GPU-B, 310789, 18418 MiB
OWNED
227157
301520
301643
310785
310788
310789
2026-10-10T08:55:57Z
GPU-A, 310788, 18418 MiB
GPU-B, 310789, 18418 MiB
OWNED
227157
301520
301643
310785
310788
310789
2026-10-10T08:56:02Z
GPU-A, 310788, 18418 MiB
GPU-B, 310789, 18418 MiB
OWNED
227157
301520
301643
310785
310788
310789
2026-10-10T08:56:08Z
GPU-A, 310788, 18418 MiB
GPU-B, 310789, 18418 MiB
OWNED
227157
301520
301643
310785
310788
310789
2026-10-10T08:56:13Z
GPU-A, 310788, 18418 MiB
GPU-B, 310789, 18418 MiB
OWNED
227157
301520
301643
310785
310788
310789
2026-10-10T08:56:19Z
GPU-A, 310788, 18418 MiB
GPU-B, 310789, 18418 MiB
OWNED
227157
301520
301643
310785
310788
310789
2026-10-10T08:56:24Z
GPU-A, 310788, 18418 MiB
GPU-B, 310789, 18418 MiB
OWNED
227157
301520
301643
310785
310788
310789
2026-10-10T08:56:30Z
GPU-A, 310788, 18418 MiB
GPU-B, 310789, 18418 MiB
OWNED
227157
301520
301643
310785
310788
310789
2026-10-10T08:56:35Z
GPU-A, 310788, 18418 MiB
GPU-B, 310789, 18418 MiB
OWNED
227157
301520
301643
310785
310788
310789
2026-10-10T08:56:41Z
GPU-A, 310788, 18418 MiB
GPU-B, 310789, 18418 MiB
OWNED
227157
301520
301643
310785
310788
310789
2026-10-10T08:56:46Z
GPU-A, 310788, 18418 MiB
GPU-B, 310789, 18418 MiB
OWNED
227157
301520
301643
310785
310788
310789
2026-10-10T08:56:51Z
GPU-A, 310788, 18418 MiB
GPU-B, 310789, 18418 MiB
OWNED
227157
301520
301643
310785
310788
310789
2026-10-10T08:56:57Z
GPU-A, 310788, 18418 MiB
GPU-B, 310789, 18418 MiB
OWNED
227157
301520
301643
310785
310788
310789
2026-10-10T08:57:02Z
GPU-A, 310788, 18418 MiB
GPU-B, 310789, 18418 MiB
OWNED
227157
301520
301643
310785
310788
310789
2026-10-10T08:57:08Z
GPU-A, 310788, 18418 MiB
GPU-B, 310789, 18418 MiB
OWNED
227157
301520
301643
310785
310788
310789
2026-10-10T08:57:13Z
GPU-A, 310788, 18418 MiB
GPU-B, 310789, 18418 MiB
OWNED
227157
301520
301643
310785
310788
310789
2026-10-10T08:57:19Z
GPU-A, 310788, 552 MiB
GPU-B, 310789, 550 MiB
OWNED
227157
301520
301643
310785
310788
310789
