2026-10-10T08:28:50Z

OWNED
213839
2026-10-10T08:28:56Z

OWNED
213839
215891
215903
215904
2026-10-10T08:29:01Z

OWNED
213839
215891
215903
215904
2026-10-10T08:29:07Z

OWNED
213839
215891
215903
216576
2026-10-10T08:29:12Z

OWNED
213839
215891
215903
216576
2026-10-10T08:29:17Z

OWNED
213839
215891
215903
216576
2026-10-10T08:29:23Z

OWNED
213839
215891
215903
216576
217688
217690
2026-10-10T08:29:28Z
GPU-A, 216576, 388 MiB
OWNED
213839
215891
215903
216576
2026-10-10T08:29:34Z
GPU-A, 216576, 352 MiB
OWNED
213839
215891
215903
216576
218602
2026-10-10T08:29:39Z
GPU-A, 216576, 352 MiB
OWNED
213839
215891
215903
2026-10-10T08:29:45Z

OWNED
213839
215891
215903
219011
2026-10-10T08:29:50Z

OWNED
213839
215891
215903
219011
2026-10-10T08:29:56Z

OWNED
213839
215891
215903
219011
2026-10-10T08:30:01Z

OWNED
213839
215891
215903
219011
2026-10-10T08:30:07Z

OWNED
213839
215891
215903
220580
2026-10-10T08:30:12Z

OWNED
213839
215891
215903
220580
2026-10-10T08:30:17Z

OWNED
213839
215891
215903
220580
2026-10-10T08:30:23Z

OWNED
213839
215891
215903
220580
2026-10-10T08:30:28Z

OWNED
213839
215891
215903
221718
2026-10-10T08:30:34Z

OWNED
213839
215891
215903
221718
2026-10-10T08:30:39Z

OWNED
213839
215891
215903
221718
