2026-10-09T12:06:12Z

PID
193054
205566
205574
205579
2026-10-09T12:06:18Z

PID
193054
205566
205574
205579
2026-10-09T12:06:23Z

PID
193054
205566
205574
205579
206006
206008
2026-10-09T12:06:28Z

PID
193054
205566
205574
205579
206316
206319
206320
2026-10-09T12:06:34Z
GPU-b7783a01-c440-29bd-ccb8-98ca7acf6675, 206320, 284 MiB
PID
193054
205566
205574
205579
206316
206319
206320
206814
206816
206818
206823
2026-10-09T12:06:39Z
GPU-a2be9350-e0b5-d8b0-9844-51c35161cd3e, 206319, 15490 MiB
GPU-b7783a01-c440-29bd-ccb8-98ca7acf6675, 206320, 15490 MiB
PID
193054
205566
205574
205579
206316
206319
206320
207427
207520
2026-10-09T12:06:44Z
GPU-a2be9350-e0b5-d8b0-9844-51c35161cd3e, 206319, 15370 MiB
GPU-b7783a01-c440-29bd-ccb8-98ca7acf6675, 206320, 15370 MiB
PID
193054
205566
205574
205579
206316
206319
206320
207650
207651
2026-10-09T12:06:50Z
GPU-a2be9350-e0b5-d8b0-9844-51c35161cd3e, 206319, 18390 MiB
GPU-b7783a01-c440-29bd-ccb8-98ca7acf6675, 206320, 18390 MiB
PID
193054
205566
205574
205579
206316
206319
206320
207840
207846
2026-10-09T12:06:55Z
GPU-a2be9350-e0b5-d8b0-9844-51c35161cd3e, 206319, 18512 MiB
GPU-b7783a01-c440-29bd-ccb8-98ca7acf6675, 206320, 18512 MiB
PID
193054
205566
205574
205579
206316
206319
206320
2026-10-09T12:07:00Z
GPU-a2be9350-e0b5-d8b0-9844-51c35161cd3e, 206319, 18512 MiB
GPU-b7783a01-c440-29bd-ccb8-98ca7acf6675, 206320, 18512 MiB
PID
193054
205566
205574
205579
206316
206319
206320
2026-10-09T12:07:05Z
GPU-a2be9350-e0b5-d8b0-9844-51c35161cd3e, 206319, 18512 MiB
GPU-b7783a01-c440-29bd-ccb8-98ca7acf6675, 206320, 18512 MiB
PID
193054
205566
205574
205579
206316
206319
206320
2026-10-09T12:07:11Z
GPU-a2be9350-e0b5-d8b0-9844-51c35161cd3e, 206319, 18512 MiB
GPU-b7783a01-c440-29bd-ccb8-98ca7acf6675, 206320, 18512 MiB
PID
193054
205566
205574
205579
206316
206319
206320
2026-10-09T12:07:16Z
GPU-a2be9350-e0b5-d8b0-9844-51c35161cd3e, 206319, 18512 MiB
GPU-b7783a01-c440-29bd-ccb8-98ca7acf6675, 206320, 18512 MiB
PID
193054
205566
205574
205579
206316
206319
206320
2026-10-09T12:07:21Z
GPU-a2be9350-e0b5-d8b0-9844-51c35161cd3e, 206319, 18512 MiB
GPU-b7783a01-c440-29bd-ccb8-98ca7acf6675, 206320, 18512 MiB
PID
193054
205566
205574
205579
206316
206319
206320
2026-10-09T12:07:27Z
GPU-a2be9350-e0b5-d8b0-9844-51c35161cd3e, 206319, 18512 MiB
GPU-b7783a01-c440-29bd-ccb8-98ca7acf6675, 206320, 18512 MiB
PID
193054
205566
205574
205579
206316
206319
206320
2026-10-09T12:07:32Z
GPU-a2be9350-e0b5-d8b0-9844-51c35161cd3e, 206319, 18512 MiB
GPU-b7783a01-c440-29bd-ccb8-98ca7acf6675, 206320, 18512 MiB
PID
193054
205566
205574
205579
206316
206319
206320
2026-10-09T12:07:37Z
GPU-a2be9350-e0b5-d8b0-9844-51c35161cd3e, 206319, 18512 MiB
GPU-b7783a01-c440-29bd-ccb8-98ca7acf6675, 206320, 18512 MiB
PID
193054
205566
205574
205579
206316
206319
206320
2026-10-09T12:07:43Z
GPU-a2be9350-e0b5-d8b0-9844-51c35161cd3e, 206319, 18512 MiB
GPU-b7783a01-c440-29bd-ccb8-98ca7acf6675, 206320, 18512 MiB
PID
193054
205566
205574
205579
206316
206319
206320
2026-10-09T12:07:48Z
GPU-a2be9350-e0b5-d8b0-9844-51c35161cd3e, 206319, 18512 MiB
GPU-b7783a01-c440-29bd-ccb8-98ca7acf6675, 206320, 18512 MiB
PID
193054
205566
205574
205579
206316
206319
206320
2026-10-09T12:07:53Z
GPU-a2be9350-e0b5-d8b0-9844-51c35161cd3e, 206319, 18514 MiB
GPU-b7783a01-c440-29bd-ccb8-98ca7acf6675, 206320, 18514 MiB
PID
193054
205566
205574
205579
206316
206319
206320
2026-10-09T12:07:58Z
GPU-a2be9350-e0b5-d8b0-9844-51c35161cd3e, 206319, 18514 MiB
GPU-b7783a01-c440-29bd-ccb8-98ca7acf6675, 206320, 18514 MiB
PID
193054
205566
205574
205579
206316
206319
206320
2026-10-09T12:08:04Z
GPU-a2be9350-e0b5-d8b0-9844-51c35161cd3e, 206319, 18514 MiB
GPU-b7783a01-c440-29bd-ccb8-98ca7acf6675, 206320, 18514 MiB
PID
193054
205566
205574
205579
206316
206319
206320
2026-10-09T12:08:09Z
GPU-a2be9350-e0b5-d8b0-9844-51c35161cd3e, 206319, 18514 MiB
GPU-b7783a01-c440-29bd-ccb8-98ca7acf6675, 206320, 18514 MiB
PID
193054
205566
205574
205579
206316
206319
206320
2026-10-09T12:08:14Z
GPU-a2be9350-e0b5-d8b0-9844-51c35161cd3e, 206319, 18514 MiB
GPU-b7783a01-c440-29bd-ccb8-98ca7acf6675, 206320, 18514 MiB
PID
193054
205566
205574
205579
206316
206319
206320
2026-10-09T12:08:20Z
GPU-a2be9350-e0b5-d8b0-9844-51c35161cd3e, 206319, 18514 MiB
GPU-b7783a01-c440-29bd-ccb8-98ca7acf6675, 206320, 18514 MiB
PID
193054
205566
205574
205579
206316
206319
206320
2026-10-09T12:08:25Z
GPU-a2be9350-e0b5-d8b0-9844-51c35161cd3e, 206319, 18514 MiB
GPU-b7783a01-c440-29bd-ccb8-98ca7acf6675, 206320, 18514 MiB
PID
193054
205566
205574
205579
206316
206319
206320
2026-10-09T12:08:30Z
GPU-a2be9350-e0b5-d8b0-9844-51c35161cd3e, 206319, 18514 MiB
GPU-b7783a01-c440-29bd-ccb8-98ca7acf6675, 206320, 18514 MiB
PID
193054
205566
205574
205579
206316
206319
206320
2026-10-09T12:08:35Z
GPU-a2be9350-e0b5-d8b0-9844-51c35161cd3e, 206319, 18514 MiB
GPU-b7783a01-c440-29bd-ccb8-98ca7acf6675, 206320, 18514 MiB
PID
193054
205566
205574
205579
206316
206319
206320
2026-10-09T12:08:41Z
GPU-a2be9350-e0b5-d8b0-9844-51c35161cd3e, 206319, 18514 MiB
GPU-b7783a01-c440-29bd-ccb8-98ca7acf6675, 206320, 18514 MiB
PID
193054
205566
205574
205579
206316
206319
206320
2026-10-09T12:08:46Z
GPU-a2be9350-e0b5-d8b0-9844-51c35161cd3e, 206319, 18514 MiB
GPU-b7783a01-c440-29bd-ccb8-98ca7acf6675, 206320, 18514 MiB
PID
193054
205566
205574
205579
206316
206319
206320
2026-10-09T12:08:51Z
GPU-a2be9350-e0b5-d8b0-9844-51c35161cd3e, 206319, 18514 MiB
GPU-b7783a01-c440-29bd-ccb8-98ca7acf6675, 206320, 18514 MiB
PID
193054
205566
205574
205579
206316
206319
206320
2026-10-09T12:08:57Z
GPU-a2be9350-e0b5-d8b0-9844-51c35161cd3e, 206319, 18514 MiB
GPU-b7783a01-c440-29bd-ccb8-98ca7acf6675, 206320, 18514 MiB
PID
193054
205566
205574
205579
206316
206319
206320
2026-10-09T12:09:02Z
GPU-a2be9350-e0b5-d8b0-9844-51c35161cd3e, 206319, 18514 MiB
GPU-b7783a01-c440-29bd-ccb8-98ca7acf6675, 206320, 18514 MiB
PID
193054
205566
205574
205579
206316
206319
206320
2026-10-09T12:09:07Z
GPU-a2be9350-e0b5-d8b0-9844-51c35161cd3e, 206319, 18514 MiB
GPU-b7783a01-c440-29bd-ccb8-98ca7acf6675, 206320, 18514 MiB
PID
193054
205566
205574
205579
206316
206319
206320
2026-10-09T12:09:13Z
GPU-a2be9350-e0b5-d8b0-9844-51c35161cd3e, 206319, 18514 MiB
GPU-b7783a01-c440-29bd-ccb8-98ca7acf6675, 206320, 18514 MiB
PID
193054
205566
205574
205579
206316
206319
206320
2026-10-09T12:09:18Z
GPU-a2be9350-e0b5-d8b0-9844-51c35161cd3e, 206319, 18514 MiB
GPU-b7783a01-c440-29bd-ccb8-98ca7acf6675, 206320, 18514 MiB
PID
193054
205566
205574
205579
206316
206319
206320
2026-10-09T12:09:23Z
GPU-a2be9350-e0b5-d8b0-9844-51c35161cd3e, 206319, 18514 MiB
GPU-b7783a01-c440-29bd-ccb8-98ca7acf6675, 206320, 18514 MiB
PID
193054
205566
205574
205579
206316
206319
206320
2026-10-09T12:09:28Z
GPU-a2be9350-e0b5-d8b0-9844-51c35161cd3e, 206319, 18514 MiB
GPU-b7783a01-c440-29bd-ccb8-98ca7acf6675, 206320, 18514 MiB
PID
193054
205566
205574
205579
206316
206319
206320
2026-10-09T12:09:34Z
GPU-a2be9350-e0b5-d8b0-9844-51c35161cd3e, 206319, 18514 MiB
GPU-b7783a01-c440-29bd-ccb8-98ca7acf6675, 206320, 18514 MiB
PID
193054
205566
205574
205579
206316
206319
206320
2026-10-09T12:09:39Z
GPU-a2be9350-e0b5-d8b0-9844-51c35161cd3e, 206319, 18514 MiB
GPU-b7783a01-c440-29bd-ccb8-98ca7acf6675, 206320, 18514 MiB
PID
193054
205566
205574
205579
206316
206319
206320
2026-10-09T12:09:44Z
GPU-a2be9350-e0b5-d8b0-9844-51c35161cd3e, 206319, 18514 MiB
GPU-b7783a01-c440-29bd-ccb8-98ca7acf6675, 206320, 18514 MiB
PID
193054
205566
205574
205579
206316
206319
206320
2026-10-09T12:09:50Z
GPU-a2be9350-e0b5-d8b0-9844-51c35161cd3e, 206319, 18514 MiB
GPU-b7783a01-c440-29bd-ccb8-98ca7acf6675, 206320, 18514 MiB
PID
193054
205566
205574
205579
206316
206319
206320
2026-10-09T12:09:55Z
GPU-a2be9350-e0b5-d8b0-9844-51c35161cd3e, 206319, 18514 MiB
GPU-b7783a01-c440-29bd-ccb8-98ca7acf6675, 206320, 18514 MiB
PID
193054
205566
205574
205579
206316
206319
206320
2026-10-09T12:10:00Z
GPU-a2be9350-e0b5-d8b0-9844-51c35161cd3e, 206319, 18514 MiB
GPU-b7783a01-c440-29bd-ccb8-98ca7acf6675, 206320, 18514 MiB
PID
193054
205566
205574
205579
206316
206319
206320
2026-10-09T12:10:06Z
GPU-a2be9350-e0b5-d8b0-9844-51c35161cd3e, 206319, 18514 MiB
GPU-b7783a01-c440-29bd-ccb8-98ca7acf6675, 206320, 18514 MiB
PID
193054
205566
205574
205579
206316
206319
206320
2026-10-09T12:10:11Z
GPU-a2be9350-e0b5-d8b0-9844-51c35161cd3e, 206319, 18514 MiB
GPU-b7783a01-c440-29bd-ccb8-98ca7acf6675, 206320, 18514 MiB
PID
193054
205566
205574
205579
206316
206319
206320
2026-10-09T12:10:16Z
GPU-a2be9350-e0b5-d8b0-9844-51c35161cd3e, 206319, 18514 MiB
GPU-b7783a01-c440-29bd-ccb8-98ca7acf6675, 206320, 18514 MiB
PID
193054
205566
205574
205579
206316
206319
206320
2026-10-09T12:10:21Z
GPU-a2be9350-e0b5-d8b0-9844-51c35161cd3e, 206319, 18514 MiB
GPU-b7783a01-c440-29bd-ccb8-98ca7acf6675, 206320, 18514 MiB
PID
193054
205566
205574
205579
206316
206319
206320
2026-10-09T12:10:27Z
GPU-a2be9350-e0b5-d8b0-9844-51c35161cd3e, 206319, 18514 MiB
GPU-b7783a01-c440-29bd-ccb8-98ca7acf6675, 206320, 18514 MiB
PID
193054
205566
205574
205579
206316
206319
206320
2026-10-09T12:10:32Z
GPU-a2be9350-e0b5-d8b0-9844-51c35161cd3e, 206319, 18514 MiB
GPU-b7783a01-c440-29bd-ccb8-98ca7acf6675, 206320, 18514 MiB
PID
193054
205566
205574
205579
206316
206319
206320
2026-10-09T12:10:37Z
GPU-a2be9350-e0b5-d8b0-9844-51c35161cd3e, 206319, 18514 MiB
GPU-b7783a01-c440-29bd-ccb8-98ca7acf6675, 206320, 18514 MiB
PID
193054
205566
205574
205579
206316
206319
206320
2026-10-09T12:10:43Z
GPU-a2be9350-e0b5-d8b0-9844-51c35161cd3e, 206319, 18514 MiB
GPU-b7783a01-c440-29bd-ccb8-98ca7acf6675, 206320, 18514 MiB
PID
193054
205566
205574
205579
206316
206319
206320
2026-10-09T12:10:48Z
GPU-a2be9350-e0b5-d8b0-9844-51c35161cd3e, 206319, 18514 MiB
GPU-b7783a01-c440-29bd-ccb8-98ca7acf6675, 206320, 18514 MiB
PID
193054
205566
205574
205579
206316
206319
206320
2026-10-09T12:10:53Z
GPU-a2be9350-e0b5-d8b0-9844-51c35161cd3e, 206319, 18514 MiB
GPU-b7783a01-c440-29bd-ccb8-98ca7acf6675, 206320, 18514 MiB
PID
193054
205566
205574
205579
206316
206319
206320
2026-10-09T12:10:59Z
GPU-a2be9350-e0b5-d8b0-9844-51c35161cd3e, 206319, 18514 MiB
GPU-b7783a01-c440-29bd-ccb8-98ca7acf6675, 206320, 18514 MiB
PID
193054
205566
205574
205579
206316
206319
206320
2026-10-09T12:11:04Z
GPU-a2be9350-e0b5-d8b0-9844-51c35161cd3e, 206319, 18514 MiB
GPU-b7783a01-c440-29bd-ccb8-98ca7acf6675, 206320, 18514 MiB
PID
193054
205566
205574
205579
206316
206319
206320
2026-10-09T12:11:09Z
GPU-a2be9350-e0b5-d8b0-9844-51c35161cd3e, 206319, 18514 MiB
GPU-b7783a01-c440-29bd-ccb8-98ca7acf6675, 206320, 18514 MiB
PID
193054
205566
205574
205579
206316
206319
206320
2026-10-09T12:11:14Z
GPU-a2be9350-e0b5-d8b0-9844-51c35161cd3e, 206319, 18514 MiB
GPU-b7783a01-c440-29bd-ccb8-98ca7acf6675, 206320, 18514 MiB
PID
193054
205566
205574
205579
206316
206319
206320
2026-10-09T12:11:20Z
GPU-a2be9350-e0b5-d8b0-9844-51c35161cd3e, 206319, 18514 MiB
GPU-b7783a01-c440-29bd-ccb8-98ca7acf6675, 206320, 18514 MiB
PID
193054
205566
205574
205579
206316
206319
206320
2026-10-09T12:11:25Z
GPU-a2be9350-e0b5-d8b0-9844-51c35161cd3e, 206319, 18514 MiB
GPU-b7783a01-c440-29bd-ccb8-98ca7acf6675, 206320, 18514 MiB
PID
193054
205566
205574
205579
206316
206319
206320
2026-10-09T12:11:30Z
GPU-a2be9350-e0b5-d8b0-9844-51c35161cd3e, 206319, 18514 MiB
GPU-b7783a01-c440-29bd-ccb8-98ca7acf6675, 206320, 18514 MiB
PID
193054
205566
205574
205579
206316
206319
206320
2026-10-09T12:11:36Z
GPU-a2be9350-e0b5-d8b0-9844-51c35161cd3e, 206319, 552 MiB
GPU-b7783a01-c440-29bd-ccb8-98ca7acf6675, 206320, 550 MiB
PID
193054
205566
205574
205579
206316
206319
2026-10-09T12:11:41Z

PID
193054
