2026-10-10T02:49:24Z

OWNED
22392
23557
23690
2026-10-10T02:49:29Z

OWNED
22392
23557
23690
23764
23765
2026-10-10T02:49:34Z

OWNED
22392
23557
23690
23764
23765
2026-10-10T02:49:40Z

OWNED
22392
23557
23690
23764
23765
24827
24829
24831
24833
24873
24892
24989
25009
2026-10-10T02:49:45Z
GPU-4af84168-6d29-6128-fee3-1b146cce9b47, 23764, 454 MiB
GPU-a2be9350-e0b5-d8b0-9844-51c35161cd3e, 23765, 454 MiB
OWNED
22392
23557
23690
23764
23765
24827
24829
24831
24833
2026-10-10T02:49:51Z
GPU-4af84168-6d29-6128-fee3-1b146cce9b47, 23764, 3710 MiB
GPU-a2be9350-e0b5-d8b0-9844-51c35161cd3e, 23765, 3710 MiB
OWNED
22392
23557
23690
23764
23765
2026-10-10T02:49:56Z
GPU-4af84168-6d29-6128-fee3-1b146cce9b47, 23764, 530 MiB
GPU-a2be9350-e0b5-d8b0-9844-51c35161cd3e, 23765, 530 MiB
OWNED
22392
23557
23690
23764
23765
2026-10-10T02:50:02Z
GPU-4af84168-6d29-6128-fee3-1b146cce9b47, 23764, 1330 MiB
GPU-a2be9350-e0b5-d8b0-9844-51c35161cd3e, 23765, 1330 MiB
OWNED
22392
23557
23690
23764
23765
