2026-10-09T09:13:32Z
PID
457702
43909
43917
43922
2026-10-09T09:13:37Z
PID
457702
43909
43917
43922
2026-10-09T09:13:42Z
PID
457702
43909
43917
43922
44630
44632
2026-10-09T09:13:48Z
PID
457702
43909
43917
43922
44934
44937
44938
2026-10-09T09:13:53Z
GPU-b7783a01-c440-29bd-ccb8-98ca7acf6675, 44938, 22 MiB
PID
457702
43909
43917
43922
44934
44937
44938
45424
45426
45428
45430
2026-10-09T09:13:58Z
GPU-a2be9350-e0b5-d8b0-9844-51c35161cd3e, 44937, 15490 MiB
GPU-b7783a01-c440-29bd-ccb8-98ca7acf6675, 44938, 15490 MiB
PID
457702
43909
43917
43922
44934
44937
44938
46033
46138
2026-10-09T09:14:03Z
GPU-a2be9350-e0b5-d8b0-9844-51c35161cd3e, 44937, 15218 MiB
GPU-b7783a01-c440-29bd-ccb8-98ca7acf6675, 44938, 15218 MiB
PID
457702
43909
43917
43922
44934
44937
44938
2026-10-09T09:14:09Z
GPU-a2be9350-e0b5-d8b0-9844-51c35161cd3e, 44937, 15218 MiB
GPU-b7783a01-c440-29bd-ccb8-98ca7acf6675, 44938, 15218 MiB
PID
457702
43909
43917
43922
44934
44937
44938
2026-10-09T09:14:14Z
GPU-a2be9350-e0b5-d8b0-9844-51c35161cd3e, 44937, 15218 MiB
GPU-b7783a01-c440-29bd-ccb8-98ca7acf6675, 44938, 15218 MiB
PID
457702
43909
43917
43922
44934
44937
44938
2026-10-09T09:14:19Z
GPU-a2be9350-e0b5-d8b0-9844-51c35161cd3e, 44937, 15350 MiB
GPU-b7783a01-c440-29bd-ccb8-98ca7acf6675, 44938, 15350 MiB
PID
457702
43909
43917
43922
44934
44937
44938
2026-10-09T09:14:25Z
GPU-a2be9350-e0b5-d8b0-9844-51c35161cd3e, 44937, 15540 MiB
GPU-b7783a01-c440-29bd-ccb8-98ca7acf6675, 44938, 15540 MiB
PID
457702
43909
43917
43922
44934
44937
44938
46902
2026-10-09T09:14:30Z
GPU-a2be9350-e0b5-d8b0-9844-51c35161cd3e, 44937, 15568 MiB
GPU-b7783a01-c440-29bd-ccb8-98ca7acf6675, 44938, 15568 MiB
PID
457702
43909
43917
43922
44934
44937
44938
2026-10-09T09:14:35Z
GPU-a2be9350-e0b5-d8b0-9844-51c35161cd3e, 44937, 15568 MiB
GPU-b7783a01-c440-29bd-ccb8-98ca7acf6675, 44938, 15568 MiB
PID
457702
43909
43917
43922
44934
44937
44938
2026-10-09T09:14:40Z
GPU-a2be9350-e0b5-d8b0-9844-51c35161cd3e, 44937, 15568 MiB
GPU-b7783a01-c440-29bd-ccb8-98ca7acf6675, 44938, 15568 MiB
PID
457702
43909
43917
43922
44934
44937
44938
2026-10-09T09:14:46Z
GPU-a2be9350-e0b5-d8b0-9844-51c35161cd3e, 44937, 15584 MiB
GPU-b7783a01-c440-29bd-ccb8-98ca7acf6675, 44938, 15584 MiB
PID
457702
43909
43917
43922
44934
44937
44938
2026-10-09T09:14:51Z
GPU-a2be9350-e0b5-d8b0-9844-51c35161cd3e, 44937, 16146 MiB
GPU-b7783a01-c440-29bd-ccb8-98ca7acf6675, 44938, 16146 MiB
PID
457702
43909
43917
43922
44934
44937
44938
2026-10-09T09:14:56Z
GPU-a2be9350-e0b5-d8b0-9844-51c35161cd3e, 44937, 18554 MiB
GPU-b7783a01-c440-29bd-ccb8-98ca7acf6675, 44938, 18554 MiB
PID
457702
43909
43917
43922
44934
44937
44938
2026-10-09T09:15:02Z
GPU-a2be9350-e0b5-d8b0-9844-51c35161cd3e, 44937, 18700 MiB
GPU-b7783a01-c440-29bd-ccb8-98ca7acf6675, 44938, 18700 MiB
PID
457702
43909
43917
43922
44934
44937
44938
47793
47794
47795
47796
47797
47798
47799
47820
47821
47822
47823
47824
47825
47826
47827
2026-10-09T09:15:07Z
GPU-a2be9350-e0b5-d8b0-9844-51c35161cd3e, 44937, 18700 MiB
GPU-b7783a01-c440-29bd-ccb8-98ca7acf6675, 44938, 18700 MiB
PID
457702
43909
43917
43922
44934
44937
44938
47793
47794
47795
47796
47797
47798
47799
47899
47900
47902
47933
47934
47935
47936
2026-10-09T09:15:12Z
GPU-a2be9350-e0b5-d8b0-9844-51c35161cd3e, 44937, 18700 MiB
GPU-b7783a01-c440-29bd-ccb8-98ca7acf6675, 44938, 18700 MiB
PID
457702
43909
43917
43922
44934
44937
44938
47793
47794
47795
47797
47798
47933
47934
47935
47936
2026-10-09T09:15:17Z
GPU-a2be9350-e0b5-d8b0-9844-51c35161cd3e, 44937, 18700 MiB
GPU-b7783a01-c440-29bd-ccb8-98ca7acf6675, 44938, 18700 MiB
PID
457702
43909
43917
43922
44934
44937
44938
47793
47794
47795
47797
47798
47933
47934
48163
48164
2026-10-09T09:15:23Z
GPU-a2be9350-e0b5-d8b0-9844-51c35161cd3e, 44937, 18700 MiB
GPU-b7783a01-c440-29bd-ccb8-98ca7acf6675, 44938, 18700 MiB
PID
457702
43909
43917
43922
44934
44937
44938
47793
47794
47795
47797
47798
47933
47934
48327
48328
48329
2026-10-09T09:15:28Z
GPU-a2be9350-e0b5-d8b0-9844-51c35161cd3e, 44937, 18700 MiB
GPU-b7783a01-c440-29bd-ccb8-98ca7acf6675, 44938, 18700 MiB
PID
457702
43909
43917
43922
44934
44937
44938
47793
47794
47797
47933
47934
2026-10-09T09:15:33Z
GPU-a2be9350-e0b5-d8b0-9844-51c35161cd3e, 44937, 18700 MiB
GPU-b7783a01-c440-29bd-ccb8-98ca7acf6675, 44938, 18700 MiB
PID
457702
43909
43917
43922
44934
44937
44938
47793
47794
47797
47933
47934
2026-10-09T09:15:39Z
GPU-a2be9350-e0b5-d8b0-9844-51c35161cd3e, 44937, 18700 MiB
GPU-b7783a01-c440-29bd-ccb8-98ca7acf6675, 44938, 18700 MiB
PID
457702
43909
43917
43922
44934
44937
44938
47793
47794
47797
47933
47934
2026-10-09T09:15:44Z
GPU-a2be9350-e0b5-d8b0-9844-51c35161cd3e, 44937, 18700 MiB
GPU-b7783a01-c440-29bd-ccb8-98ca7acf6675, 44938, 18700 MiB
PID
457702
43909
43917
43922
44934
44937
44938
47793
47794
47797
48886
48887
2026-10-09T09:15:49Z
GPU-a2be9350-e0b5-d8b0-9844-51c35161cd3e, 44937, 18700 MiB
GPU-b7783a01-c440-29bd-ccb8-98ca7acf6675, 44938, 18700 MiB
PID
457702
43909
43917
43922
44934
44937
44938
47793
47794
47797
48886
48887
2026-10-09T09:15:55Z
GPU-a2be9350-e0b5-d8b0-9844-51c35161cd3e, 44937, 18700 MiB
GPU-b7783a01-c440-29bd-ccb8-98ca7acf6675, 44938, 18700 MiB
PID
457702
43909
43917
43922
44934
44937
44938
47793
47794
47797
48886
48887
2026-10-09T09:16:00Z
GPU-a2be9350-e0b5-d8b0-9844-51c35161cd3e, 44937, 18700 MiB
GPU-b7783a01-c440-29bd-ccb8-98ca7acf6675, 44938, 18700 MiB
PID
457702
43909
43917
43922
44934
44937
44938
47793
47794
47797
49245
49246
49247
2026-10-09T09:16:05Z
GPU-a2be9350-e0b5-d8b0-9844-51c35161cd3e, 44937, 18730 MiB
GPU-b7783a01-c440-29bd-ccb8-98ca7acf6675, 44938, 18732 MiB
PID
457702
43909
43917
43922
44934
44937
44938
2026-10-09T09:16:10Z
GPU-a2be9350-e0b5-d8b0-9844-51c35161cd3e, 44937, 18658 MiB
GPU-b7783a01-c440-29bd-ccb8-98ca7acf6675, 44938, 18660 MiB
PID
457702
43909
43917
43922
44934
44937
44938
2026-10-09T09:16:16Z
GPU-a2be9350-e0b5-d8b0-9844-51c35161cd3e, 44937, 18784 MiB
GPU-b7783a01-c440-29bd-ccb8-98ca7acf6675, 44938, 18786 MiB
PID
457702
43909
43917
43922
44934
44937
44938
2026-10-09T09:16:21Z
GPU-a2be9350-e0b5-d8b0-9844-51c35161cd3e, 44937, 18784 MiB
GPU-b7783a01-c440-29bd-ccb8-98ca7acf6675, 44938, 18786 MiB
PID
457702
43909
43917
43922
44934
44937
44938
2026-10-09T09:16:26Z
GPU-a2be9350-e0b5-d8b0-9844-51c35161cd3e, 44937, 18786 MiB
GPU-b7783a01-c440-29bd-ccb8-98ca7acf6675, 44938, 18788 MiB
PID
457702
43909
43917
43922
44934
44937
44938
2026-10-09T09:16:32Z
GPU-a2be9350-e0b5-d8b0-9844-51c35161cd3e, 44937, 18786 MiB
GPU-b7783a01-c440-29bd-ccb8-98ca7acf6675, 44938, 18788 MiB
PID
457702
43909
43917
43922
44934
44937
44938
2026-10-09T09:16:37Z
GPU-a2be9350-e0b5-d8b0-9844-51c35161cd3e, 44937, 18786 MiB
GPU-b7783a01-c440-29bd-ccb8-98ca7acf6675, 44938, 18788 MiB
PID
457702
43909
43917
43922
44934
44937
44938
2026-10-09T09:16:42Z
GPU-a2be9350-e0b5-d8b0-9844-51c35161cd3e, 44937, 18786 MiB
GPU-b7783a01-c440-29bd-ccb8-98ca7acf6675, 44938, 18788 MiB
PID
457702
43909
43917
43922
44934
44937
44938
2026-10-09T09:16:47Z
GPU-a2be9350-e0b5-d8b0-9844-51c35161cd3e, 44937, 18786 MiB
GPU-b7783a01-c440-29bd-ccb8-98ca7acf6675, 44938, 18788 MiB
PID
457702
43909
43917
43922
44934
44937
44938
2026-10-09T09:16:53Z
GPU-a2be9350-e0b5-d8b0-9844-51c35161cd3e, 44937, 18786 MiB
GPU-b7783a01-c440-29bd-ccb8-98ca7acf6675, 44938, 18788 MiB
PID
457702
43909
43917
43922
44934
44937
44938
2026-10-09T09:16:58Z
GPU-a2be9350-e0b5-d8b0-9844-51c35161cd3e, 44937, 18786 MiB
GPU-b7783a01-c440-29bd-ccb8-98ca7acf6675, 44938, 18788 MiB
PID
457702
43909
43917
43922
44934
44937
44938
2026-10-09T09:17:03Z
GPU-a2be9350-e0b5-d8b0-9844-51c35161cd3e, 44937, 18786 MiB
GPU-b7783a01-c440-29bd-ccb8-98ca7acf6675, 44938, 18788 MiB
PID
457702
43909
43917
43922
44934
44937
44938
2026-10-09T09:17:09Z
GPU-a2be9350-e0b5-d8b0-9844-51c35161cd3e, 44937, 18786 MiB
GPU-b7783a01-c440-29bd-ccb8-98ca7acf6675, 44938, 18788 MiB
PID
457702
43909
43917
43922
44934
44937
44938
2026-10-09T09:17:14Z
GPU-a2be9350-e0b5-d8b0-9844-51c35161cd3e, 44937, 18786 MiB
GPU-b7783a01-c440-29bd-ccb8-98ca7acf6675, 44938, 18788 MiB
PID
457702
43909
43917
43922
44934
44937
44938
2026-10-09T09:17:19Z
GPU-a2be9350-e0b5-d8b0-9844-51c35161cd3e, 44937, 18786 MiB
GPU-b7783a01-c440-29bd-ccb8-98ca7acf6675, 44938, 18788 MiB
PID
457702
43909
43917
43922
44934
44937
44938
2026-10-09T09:17:24Z
GPU-a2be9350-e0b5-d8b0-9844-51c35161cd3e, 44937, 14180 MiB
GPU-b7783a01-c440-29bd-ccb8-98ca7acf6675, 44938, 14284 MiB
PID
457702
43909
43917
43922
44934
44937
44938
2026-10-09T09:17:30Z
PID
457702
