2026-10-09T09:29:49Z
PID
457702
70510
70517
70522
2026-10-09T09:29:55Z
PID
457702
70510
70517
70522
2026-10-09T09:30:00Z
PID
457702
70510
70517
70522
71201
71203
2026-10-09T09:30:05Z
PID
457702
70510
70517
70522
71511
71514
71515
2026-10-09T09:30:10Z
GPU-b7783a01-c440-29bd-ccb8-98ca7acf6675, 71515, 284 MiB
PID
457702
70510
70517
70522
71511
71514
71515
72001
72003
72005
72007
2026-10-09T09:30:16Z
GPU-a2be9350-e0b5-d8b0-9844-51c35161cd3e, 71514, 15490 MiB
GPU-b7783a01-c440-29bd-ccb8-98ca7acf6675, 71515, 15490 MiB
PID
457702
70510
70517
70522
71511
71514
71515
72610
72622
2026-10-09T09:30:21Z
GPU-a2be9350-e0b5-d8b0-9844-51c35161cd3e, 71514, 15218 MiB
GPU-b7783a01-c440-29bd-ccb8-98ca7acf6675, 71515, 15218 MiB
PID
457702
70510
70517
70522
71511
71514
71515
2026-10-09T09:30:26Z
GPU-a2be9350-e0b5-d8b0-9844-51c35161cd3e, 71514, 15218 MiB
GPU-b7783a01-c440-29bd-ccb8-98ca7acf6675, 71515, 15218 MiB
PID
457702
70510
70517
70522
71511
71514
71515
2026-10-09T09:30:32Z
GPU-a2be9350-e0b5-d8b0-9844-51c35161cd3e, 71514, 15218 MiB
GPU-b7783a01-c440-29bd-ccb8-98ca7acf6675, 71515, 15218 MiB
PID
457702
70510
70517
70522
71511
71514
71515
2026-10-09T09:30:37Z
GPU-a2be9350-e0b5-d8b0-9844-51c35161cd3e, 71514, 15350 MiB
GPU-b7783a01-c440-29bd-ccb8-98ca7acf6675, 71515, 15350 MiB
PID
457702
70510
70517
70522
71511
71514
71515
73268
2026-10-09T09:30:42Z
GPU-a2be9350-e0b5-d8b0-9844-51c35161cd3e, 71514, 15540 MiB
GPU-b7783a01-c440-29bd-ccb8-98ca7acf6675, 71515, 15218 MiB
PID
457702
70510
70517
70522
71511
71514
71515
2026-10-09T09:30:47Z
GPU-a2be9350-e0b5-d8b0-9844-51c35161cd3e, 71514, 15568 MiB
GPU-b7783a01-c440-29bd-ccb8-98ca7acf6675, 71515, 15568 MiB
PID
457702
70510
70517
70522
71511
71514
71515
2026-10-09T09:30:53Z
GPU-a2be9350-e0b5-d8b0-9844-51c35161cd3e, 71514, 15568 MiB
GPU-b7783a01-c440-29bd-ccb8-98ca7acf6675, 71515, 15568 MiB
PID
457702
70510
70517
70522
71511
71514
71515
2026-10-09T09:30:58Z
GPU-a2be9350-e0b5-d8b0-9844-51c35161cd3e, 71514, 15568 MiB
GPU-b7783a01-c440-29bd-ccb8-98ca7acf6675, 71515, 15568 MiB
PID
457702
70510
70517
70522
71511
71514
71515
2026-10-09T09:31:03Z
GPU-a2be9350-e0b5-d8b0-9844-51c35161cd3e, 71514, 15584 MiB
GPU-b7783a01-c440-29bd-ccb8-98ca7acf6675, 71515, 15584 MiB
PID
457702
70510
70517
70522
71511
71514
71515
2026-10-09T09:31:09Z
GPU-a2be9350-e0b5-d8b0-9844-51c35161cd3e, 71514, 16134 MiB
GPU-b7783a01-c440-29bd-ccb8-98ca7acf6675, 71515, 16134 MiB
PID
457702
70510
70517
70522
71511
71514
71515
2026-10-09T09:31:14Z
GPU-a2be9350-e0b5-d8b0-9844-51c35161cd3e, 71514, 18554 MiB
GPU-b7783a01-c440-29bd-ccb8-98ca7acf6675, 71515, 18554 MiB
PID
457702
70510
70517
70522
71511
71514
71515
2026-10-09T09:31:19Z
GPU-a2be9350-e0b5-d8b0-9844-51c35161cd3e, 71514, 18700 MiB
GPU-b7783a01-c440-29bd-ccb8-98ca7acf6675, 71515, 18700 MiB
PID
457702
70510
70517
70522
71511
71514
71515
74281
74282
74283
74284
74285
74286
74287
74357
74358
74359
74360
74361
2026-10-09T09:31:25Z
GPU-a2be9350-e0b5-d8b0-9844-51c35161cd3e, 71514, 18700 MiB
GPU-b7783a01-c440-29bd-ccb8-98ca7acf6675, 71515, 18700 MiB
PID
457702
70510
70517
70522
71511
71514
71515
74281
74282
74283
74284
74285
74286
74287
74435
74436
74437
74440
74441
74442
74443
2026-10-09T09:31:30Z
GPU-a2be9350-e0b5-d8b0-9844-51c35161cd3e, 71514, 18700 MiB
GPU-b7783a01-c440-29bd-ccb8-98ca7acf6675, 71515, 18700 MiB
PID
457702
70510
70517
70522
71511
71514
71515
74281
74282
74283
74285
74286
74440
74441
74442
74443
2026-10-09T09:31:35Z
GPU-a2be9350-e0b5-d8b0-9844-51c35161cd3e, 71514, 18700 MiB
GPU-b7783a01-c440-29bd-ccb8-98ca7acf6675, 71515, 18700 MiB
PID
457702
70510
70517
70522
71511
71514
71515
74281
74282
74283
74285
74286
74440
74441
74676
74677
2026-10-09T09:31:40Z
GPU-a2be9350-e0b5-d8b0-9844-51c35161cd3e, 71514, 18700 MiB
GPU-b7783a01-c440-29bd-ccb8-98ca7acf6675, 71515, 18700 MiB
PID
457702
70510
70517
70522
71511
71514
71515
74281
74282
74285
74440
74441
2026-10-09T09:31:46Z
GPU-a2be9350-e0b5-d8b0-9844-51c35161cd3e, 71514, 18700 MiB
GPU-b7783a01-c440-29bd-ccb8-98ca7acf6675, 71515, 18700 MiB
PID
457702
70510
70517
70522
71511
71514
71515
74281
74282
74285
74440
74441
2026-10-09T09:31:51Z
GPU-a2be9350-e0b5-d8b0-9844-51c35161cd3e, 71514, 18700 MiB
GPU-b7783a01-c440-29bd-ccb8-98ca7acf6675, 71515, 18700 MiB
PID
457702
70510
70517
70522
71511
71514
71515
74281
74282
74285
74440
74441
2026-10-09T09:31:56Z
GPU-a2be9350-e0b5-d8b0-9844-51c35161cd3e, 71514, 18700 MiB
GPU-b7783a01-c440-29bd-ccb8-98ca7acf6675, 71515, 18700 MiB
PID
457702
70510
70517
70522
71511
71514
71515
74281
74282
74285
75149
75150
2026-10-09T09:32:02Z
GPU-a2be9350-e0b5-d8b0-9844-51c35161cd3e, 71514, 18700 MiB
GPU-b7783a01-c440-29bd-ccb8-98ca7acf6675, 71515, 18700 MiB
PID
457702
70510
70517
70522
71511
71514
71515
74281
74282
74285
75149
75150
2026-10-09T09:32:07Z
GPU-a2be9350-e0b5-d8b0-9844-51c35161cd3e, 71514, 18700 MiB
GPU-b7783a01-c440-29bd-ccb8-98ca7acf6675, 71515, 18700 MiB
PID
457702
70510
70517
70522
71511
71514
71515
74281
74282
74285
75149
75150
2026-10-09T09:32:12Z
GPU-a2be9350-e0b5-d8b0-9844-51c35161cd3e, 71514, 18700 MiB
GPU-b7783a01-c440-29bd-ccb8-98ca7acf6675, 71515, 18700 MiB
PID
457702
70510
70517
70522
71511
71514
71515
74281
74282
74285
75546
75547
2026-10-09T09:32:17Z
GPU-a2be9350-e0b5-d8b0-9844-51c35161cd3e, 71514, 18700 MiB
GPU-b7783a01-c440-29bd-ccb8-98ca7acf6675, 71515, 18700 MiB
PID
457702
70510
70517
70522
71511
71514
71515
74281
74282
74285
75615
75616
75617
2026-10-09T09:32:23Z
GPU-a2be9350-e0b5-d8b0-9844-51c35161cd3e, 71514, 18762 MiB
GPU-b7783a01-c440-29bd-ccb8-98ca7acf6675, 71515, 18762 MiB
PID
457702
70510
70517
70522
71511
71514
71515
2026-10-09T09:32:28Z
GPU-a2be9350-e0b5-d8b0-9844-51c35161cd3e, 71514, 18786 MiB
GPU-b7783a01-c440-29bd-ccb8-98ca7acf6675, 71515, 18786 MiB
PID
457702
70510
70517
70522
71511
71514
71515
2026-10-09T09:32:33Z
GPU-a2be9350-e0b5-d8b0-9844-51c35161cd3e, 71514, 18786 MiB
GPU-b7783a01-c440-29bd-ccb8-98ca7acf6675, 71515, 18786 MiB
PID
457702
70510
70517
70522
71511
71514
71515
2026-10-09T09:32:39Z
GPU-a2be9350-e0b5-d8b0-9844-51c35161cd3e, 71514, 18788 MiB
GPU-b7783a01-c440-29bd-ccb8-98ca7acf6675, 71515, 18788 MiB
PID
457702
70510
70517
70522
71511
71514
71515
2026-10-09T09:32:44Z
GPU-a2be9350-e0b5-d8b0-9844-51c35161cd3e, 71514, 18788 MiB
GPU-b7783a01-c440-29bd-ccb8-98ca7acf6675, 71515, 18788 MiB
PID
457702
70510
70517
70522
71511
71514
71515
2026-10-09T09:32:49Z
GPU-a2be9350-e0b5-d8b0-9844-51c35161cd3e, 71514, 18788 MiB
GPU-b7783a01-c440-29bd-ccb8-98ca7acf6675, 71515, 18788 MiB
PID
457702
70510
70517
70522
71511
71514
71515
2026-10-09T09:32:54Z
GPU-a2be9350-e0b5-d8b0-9844-51c35161cd3e, 71514, 18788 MiB
GPU-b7783a01-c440-29bd-ccb8-98ca7acf6675, 71515, 18788 MiB
PID
457702
70510
70517
70522
71511
71514
71515
2026-10-09T09:33:00Z
GPU-a2be9350-e0b5-d8b0-9844-51c35161cd3e, 71514, 18788 MiB
GPU-b7783a01-c440-29bd-ccb8-98ca7acf6675, 71515, 18788 MiB
PID
457702
70510
70517
70522
71511
71514
71515
2026-10-09T09:33:05Z
GPU-a2be9350-e0b5-d8b0-9844-51c35161cd3e, 71514, 18788 MiB
GPU-b7783a01-c440-29bd-ccb8-98ca7acf6675, 71515, 18788 MiB
PID
457702
70510
70517
70522
71511
71514
71515
2026-10-09T09:33:10Z
GPU-b7783a01-c440-29bd-ccb8-98ca7acf6675, 71515, 14182 MiB
PID
457702
70510
70517
70522
71511
2026-10-09T09:33:16Z
PID
457702
77061
77069
77074
