2026-10-09T09:04:52Z
PID
457702
27161
27169
27174
2026-10-09T09:04:57Z
PID
457702
27161
27169
27174
2026-10-09T09:05:02Z
PID
457702
27161
27169
27174
27794
27796
2026-10-09T09:05:08Z
PID
457702
27161
27169
27174
28099
28102
28103
2026-10-09T09:05:13Z
GPU-b7783a01-c440-29bd-ccb8-98ca7acf6675, 28103, 284 MiB
PID
457702
27161
27169
27174
28099
28102
28103
28590
28592
28594
28596
2026-10-09T09:05:18Z
GPU-a2be9350-e0b5-d8b0-9844-51c35161cd3e, 28102, 15490 MiB
GPU-b7783a01-c440-29bd-ccb8-98ca7acf6675, 28103, 15490 MiB
PID
457702
27161
27169
27174
28099
28102
28103
29201
29295
2026-10-09T09:05:23Z
GPU-a2be9350-e0b5-d8b0-9844-51c35161cd3e, 28102, 15370 MiB
GPU-b7783a01-c440-29bd-ccb8-98ca7acf6675, 28103, 15370 MiB
PID
457702
27161
27169
27174
28099
28102
28103
29394
2026-10-09T09:05:29Z
GPU-a2be9350-e0b5-d8b0-9844-51c35161cd3e, 28102, 18390 MiB
GPU-b7783a01-c440-29bd-ccb8-98ca7acf6675, 28103, 18390 MiB
PID
457702
27161
27169
27174
28099
28102
28103
29633
2026-10-09T09:05:34Z
GPU-a2be9350-e0b5-d8b0-9844-51c35161cd3e, 28102, 18512 MiB
GPU-b7783a01-c440-29bd-ccb8-98ca7acf6675, 28103, 18512 MiB
PID
457702
27161
27169
27174
28099
28102
28103
2026-10-09T09:05:39Z
GPU-a2be9350-e0b5-d8b0-9844-51c35161cd3e, 28102, 18512 MiB
GPU-b7783a01-c440-29bd-ccb8-98ca7acf6675, 28103, 18512 MiB
PID
457702
27161
27169
27174
28099
28102
28103
2026-10-09T09:05:45Z
GPU-a2be9350-e0b5-d8b0-9844-51c35161cd3e, 28102, 18512 MiB
GPU-b7783a01-c440-29bd-ccb8-98ca7acf6675, 28103, 18512 MiB
PID
457702
27161
27169
27174
28099
28102
28103
2026-10-09T09:05:50Z
GPU-a2be9350-e0b5-d8b0-9844-51c35161cd3e, 28102, 18512 MiB
GPU-b7783a01-c440-29bd-ccb8-98ca7acf6675, 28103, 18512 MiB
PID
457702
27161
27169
27174
28099
28102
28103
2026-10-09T09:05:55Z
GPU-a2be9350-e0b5-d8b0-9844-51c35161cd3e, 28102, 18512 MiB
GPU-b7783a01-c440-29bd-ccb8-98ca7acf6675, 28103, 18512 MiB
PID
457702
27161
27169
27174
28099
28102
28103
2026-10-09T09:06:00Z
GPU-a2be9350-e0b5-d8b0-9844-51c35161cd3e, 28102, 18512 MiB
GPU-b7783a01-c440-29bd-ccb8-98ca7acf6675, 28103, 18512 MiB
PID
457702
27161
27169
27174
28099
28102
28103
2026-10-09T09:06:06Z
GPU-a2be9350-e0b5-d8b0-9844-51c35161cd3e, 28102, 18512 MiB
GPU-b7783a01-c440-29bd-ccb8-98ca7acf6675, 28103, 18512 MiB
PID
457702
27161
27169
27174
28099
28102
28103
2026-10-09T09:06:11Z
GPU-a2be9350-e0b5-d8b0-9844-51c35161cd3e, 28102, 18514 MiB
GPU-b7783a01-c440-29bd-ccb8-98ca7acf6675, 28103, 18514 MiB
PID
457702
27161
27169
27174
28099
28102
28103
2026-10-09T09:06:16Z
GPU-a2be9350-e0b5-d8b0-9844-51c35161cd3e, 28102, 18514 MiB
GPU-b7783a01-c440-29bd-ccb8-98ca7acf6675, 28103, 18514 MiB
PID
457702
27161
27169
27174
28099
28102
28103
2026-10-09T09:06:22Z
GPU-a2be9350-e0b5-d8b0-9844-51c35161cd3e, 28102, 18514 MiB
GPU-b7783a01-c440-29bd-ccb8-98ca7acf6675, 28103, 18514 MiB
PID
457702
27161
27169
27174
28099
28102
28103
2026-10-09T09:06:27Z
GPU-a2be9350-e0b5-d8b0-9844-51c35161cd3e, 28102, 18514 MiB
GPU-b7783a01-c440-29bd-ccb8-98ca7acf6675, 28103, 18514 MiB
PID
457702
27161
27169
27174
28099
28102
28103
2026-10-09T09:06:32Z
GPU-a2be9350-e0b5-d8b0-9844-51c35161cd3e, 28102, 18514 MiB
GPU-b7783a01-c440-29bd-ccb8-98ca7acf6675, 28103, 18514 MiB
PID
457702
27161
27169
27174
28099
28102
28103
2026-10-09T09:06:37Z
GPU-a2be9350-e0b5-d8b0-9844-51c35161cd3e, 28102, 18514 MiB
GPU-b7783a01-c440-29bd-ccb8-98ca7acf6675, 28103, 18514 MiB
PID
457702
27161
27169
27174
28099
28102
28103
2026-10-09T09:06:43Z
GPU-a2be9350-e0b5-d8b0-9844-51c35161cd3e, 28102, 18514 MiB
GPU-b7783a01-c440-29bd-ccb8-98ca7acf6675, 28103, 18514 MiB
PID
457702
27161
27169
27174
28099
28102
28103
2026-10-09T09:06:48Z
GPU-a2be9350-e0b5-d8b0-9844-51c35161cd3e, 28102, 18514 MiB
GPU-b7783a01-c440-29bd-ccb8-98ca7acf6675, 28103, 18514 MiB
PID
457702
27161
27169
27174
28099
28102
28103
2026-10-09T09:06:53Z
GPU-a2be9350-e0b5-d8b0-9844-51c35161cd3e, 28102, 18514 MiB
GPU-b7783a01-c440-29bd-ccb8-98ca7acf6675, 28103, 18514 MiB
PID
457702
27161
27169
27174
28099
28102
28103
2026-10-09T09:06:59Z
GPU-a2be9350-e0b5-d8b0-9844-51c35161cd3e, 28102, 18514 MiB
GPU-b7783a01-c440-29bd-ccb8-98ca7acf6675, 28103, 18514 MiB
PID
457702
27161
27169
27174
28099
28102
28103
2026-10-09T09:07:04Z
GPU-a2be9350-e0b5-d8b0-9844-51c35161cd3e, 28102, 18514 MiB
GPU-b7783a01-c440-29bd-ccb8-98ca7acf6675, 28103, 18514 MiB
PID
457702
27161
27169
27174
28099
28102
28103
2026-10-09T09:07:09Z
GPU-a2be9350-e0b5-d8b0-9844-51c35161cd3e, 28102, 18514 MiB
GPU-b7783a01-c440-29bd-ccb8-98ca7acf6675, 28103, 18514 MiB
PID
457702
27161
27169
27174
28099
28102
28103
2026-10-09T09:07:14Z
GPU-a2be9350-e0b5-d8b0-9844-51c35161cd3e, 28102, 18514 MiB
GPU-b7783a01-c440-29bd-ccb8-98ca7acf6675, 28103, 18514 MiB
PID
457702
27161
27169
27174
28099
28102
28103
2026-10-09T09:07:20Z
GPU-a2be9350-e0b5-d8b0-9844-51c35161cd3e, 28102, 18514 MiB
GPU-b7783a01-c440-29bd-ccb8-98ca7acf6675, 28103, 18514 MiB
PID
457702
27161
27169
27174
28099
28102
28103
2026-10-09T09:07:25Z
GPU-a2be9350-e0b5-d8b0-9844-51c35161cd3e, 28102, 18514 MiB
GPU-b7783a01-c440-29bd-ccb8-98ca7acf6675, 28103, 18514 MiB
PID
457702
27161
27169
27174
28099
28102
28103
2026-10-09T09:07:30Z
GPU-a2be9350-e0b5-d8b0-9844-51c35161cd3e, 28102, 18514 MiB
GPU-b7783a01-c440-29bd-ccb8-98ca7acf6675, 28103, 18514 MiB
PID
457702
27161
27169
27174
28099
28102
28103
2026-10-09T09:07:36Z
GPU-a2be9350-e0b5-d8b0-9844-51c35161cd3e, 28102, 18514 MiB
GPU-b7783a01-c440-29bd-ccb8-98ca7acf6675, 28103, 18514 MiB
PID
457702
27161
27169
27174
28099
28102
28103
2026-10-09T09:07:41Z
GPU-a2be9350-e0b5-d8b0-9844-51c35161cd3e, 28102, 18514 MiB
GPU-b7783a01-c440-29bd-ccb8-98ca7acf6675, 28103, 18514 MiB
PID
457702
27161
27169
27174
28099
28102
28103
2026-10-09T09:07:46Z
GPU-a2be9350-e0b5-d8b0-9844-51c35161cd3e, 28102, 18514 MiB
GPU-b7783a01-c440-29bd-ccb8-98ca7acf6675, 28103, 18514 MiB
PID
457702
27161
27169
27174
28099
28102
28103
2026-10-09T09:07:51Z
GPU-a2be9350-e0b5-d8b0-9844-51c35161cd3e, 28102, 18514 MiB
GPU-b7783a01-c440-29bd-ccb8-98ca7acf6675, 28103, 18514 MiB
PID
457702
27161
27169
27174
28099
28102
28103
2026-10-09T09:07:57Z
GPU-a2be9350-e0b5-d8b0-9844-51c35161cd3e, 28102, 18514 MiB
GPU-b7783a01-c440-29bd-ccb8-98ca7acf6675, 28103, 18514 MiB
PID
457702
27161
27169
27174
28099
28102
28103
2026-10-09T09:08:02Z
GPU-a2be9350-e0b5-d8b0-9844-51c35161cd3e, 28102, 18514 MiB
GPU-b7783a01-c440-29bd-ccb8-98ca7acf6675, 28103, 18514 MiB
PID
457702
27161
27169
27174
28099
28102
28103
2026-10-09T09:08:07Z
GPU-a2be9350-e0b5-d8b0-9844-51c35161cd3e, 28102, 18514 MiB
GPU-b7783a01-c440-29bd-ccb8-98ca7acf6675, 28103, 18514 MiB
PID
457702
27161
27169
27174
28099
28102
28103
2026-10-09T09:08:13Z
GPU-a2be9350-e0b5-d8b0-9844-51c35161cd3e, 28102, 18514 MiB
GPU-b7783a01-c440-29bd-ccb8-98ca7acf6675, 28103, 18514 MiB
PID
457702
27161
27169
27174
28099
28102
28103
2026-10-09T09:08:18Z
GPU-a2be9350-e0b5-d8b0-9844-51c35161cd3e, 28102, 18514 MiB
GPU-b7783a01-c440-29bd-ccb8-98ca7acf6675, 28103, 18514 MiB
PID
457702
27161
27169
27174
28099
28102
28103
2026-10-09T09:08:23Z
GPU-a2be9350-e0b5-d8b0-9844-51c35161cd3e, 28102, 18514 MiB
GPU-b7783a01-c440-29bd-ccb8-98ca7acf6675, 28103, 18514 MiB
PID
457702
27161
27169
27174
28099
28102
28103
2026-10-09T09:08:28Z
GPU-a2be9350-e0b5-d8b0-9844-51c35161cd3e, 28102, 18514 MiB
GPU-b7783a01-c440-29bd-ccb8-98ca7acf6675, 28103, 18514 MiB
PID
457702
27161
27169
27174
28099
28102
28103
2026-10-09T09:08:34Z
GPU-a2be9350-e0b5-d8b0-9844-51c35161cd3e, 28102, 18514 MiB
GPU-b7783a01-c440-29bd-ccb8-98ca7acf6675, 28103, 18514 MiB
PID
457702
27161
27169
27174
28099
28102
28103
2026-10-09T09:08:39Z
GPU-a2be9350-e0b5-d8b0-9844-51c35161cd3e, 28102, 18514 MiB
GPU-b7783a01-c440-29bd-ccb8-98ca7acf6675, 28103, 18514 MiB
PID
457702
27161
27169
27174
28099
28102
28103
2026-10-09T09:08:44Z
GPU-a2be9350-e0b5-d8b0-9844-51c35161cd3e, 28102, 18514 MiB
GPU-b7783a01-c440-29bd-ccb8-98ca7acf6675, 28103, 18514 MiB
PID
457702
27161
27169
27174
28099
28102
28103
2026-10-09T09:08:50Z
GPU-a2be9350-e0b5-d8b0-9844-51c35161cd3e, 28102, 18514 MiB
GPU-b7783a01-c440-29bd-ccb8-98ca7acf6675, 28103, 18514 MiB
PID
457702
27161
27169
27174
28099
28102
28103
2026-10-09T09:08:55Z
GPU-a2be9350-e0b5-d8b0-9844-51c35161cd3e, 28102, 18514 MiB
GPU-b7783a01-c440-29bd-ccb8-98ca7acf6675, 28103, 18514 MiB
PID
457702
27161
27169
27174
28099
28102
28103
2026-10-09T09:09:00Z
GPU-a2be9350-e0b5-d8b0-9844-51c35161cd3e, 28102, 18514 MiB
GPU-b7783a01-c440-29bd-ccb8-98ca7acf6675, 28103, 18514 MiB
PID
457702
27161
27169
27174
28099
28102
28103
2026-10-09T09:09:06Z
GPU-a2be9350-e0b5-d8b0-9844-51c35161cd3e, 28102, 18514 MiB
GPU-b7783a01-c440-29bd-ccb8-98ca7acf6675, 28103, 18514 MiB
PID
457702
27161
27169
27174
28099
28102
28103
2026-10-09T09:09:11Z
GPU-a2be9350-e0b5-d8b0-9844-51c35161cd3e, 28102, 18514 MiB
GPU-b7783a01-c440-29bd-ccb8-98ca7acf6675, 28103, 18514 MiB
PID
457702
27161
27169
27174
28099
28102
28103
2026-10-09T09:09:16Z
GPU-a2be9350-e0b5-d8b0-9844-51c35161cd3e, 28102, 18514 MiB
GPU-b7783a01-c440-29bd-ccb8-98ca7acf6675, 28103, 18514 MiB
PID
457702
27161
27169
27174
28099
28102
28103
2026-10-09T09:09:21Z
GPU-a2be9350-e0b5-d8b0-9844-51c35161cd3e, 28102, 18514 MiB
GPU-b7783a01-c440-29bd-ccb8-98ca7acf6675, 28103, 18514 MiB
PID
457702
27161
27169
27174
28099
28102
28103
2026-10-09T09:09:27Z
GPU-a2be9350-e0b5-d8b0-9844-51c35161cd3e, 28102, 18514 MiB
GPU-b7783a01-c440-29bd-ccb8-98ca7acf6675, 28103, 18514 MiB
PID
457702
27161
27169
27174
28099
28102
28103
2026-10-09T09:09:32Z
GPU-a2be9350-e0b5-d8b0-9844-51c35161cd3e, 28102, 18514 MiB
GPU-b7783a01-c440-29bd-ccb8-98ca7acf6675, 28103, 18514 MiB
PID
457702
27161
27169
27174
28099
28102
28103
2026-10-09T09:09:37Z
GPU-a2be9350-e0b5-d8b0-9844-51c35161cd3e, 28102, 18514 MiB
GPU-b7783a01-c440-29bd-ccb8-98ca7acf6675, 28103, 18514 MiB
PID
457702
27161
27169
27174
28099
28102
28103
2026-10-09T09:09:42Z
PID
457702
27161
27169
27174
28099
2026-10-09T09:09:48Z
PID
457702
36725
36733
36738
