2026-10-09T09:20:18Z
PID
457702
53614
53622
53627
2026-10-09T09:20:24Z
PID
457702
53614
53622
53627
2026-10-09T09:20:29Z
PID
457702
53614
53622
53627
54198
54200
2026-10-09T09:20:34Z
PID
457702
53614
53622
53627
54547
54550
54551
2026-10-09T09:20:40Z
PID
457702
53614
53622
53627
54547
54550
54551
55039
55041
2026-10-09T09:20:45Z
GPU-a2be9350-e0b5-d8b0-9844-51c35161cd3e, 54550, 15490 MiB
GPU-b7783a01-c440-29bd-ccb8-98ca7acf6675, 54551, 15490 MiB
PID
457702
53614
53622
53627
54547
54550
54551
55653
55668
2026-10-09T09:20:50Z
GPU-a2be9350-e0b5-d8b0-9844-51c35161cd3e, 54550, 15370 MiB
GPU-b7783a01-c440-29bd-ccb8-98ca7acf6675, 54551, 15370 MiB
PID
457702
53614
53622
53627
54547
54550
54551
2026-10-09T09:20:55Z
GPU-a2be9350-e0b5-d8b0-9844-51c35161cd3e, 54550, 18390 MiB
GPU-b7783a01-c440-29bd-ccb8-98ca7acf6675, 54551, 18390 MiB
PID
457702
53614
53622
53627
54547
54550
54551
2026-10-09T09:21:01Z
GPU-a2be9350-e0b5-d8b0-9844-51c35161cd3e, 54550, 18512 MiB
GPU-b7783a01-c440-29bd-ccb8-98ca7acf6675, 54551, 18512 MiB
PID
457702
53614
53622
53627
54547
54550
54551
2026-10-09T09:21:06Z
GPU-a2be9350-e0b5-d8b0-9844-51c35161cd3e, 54550, 18512 MiB
GPU-b7783a01-c440-29bd-ccb8-98ca7acf6675, 54551, 18512 MiB
PID
457702
53614
53622
53627
54547
54550
54551
2026-10-09T09:21:11Z
GPU-a2be9350-e0b5-d8b0-9844-51c35161cd3e, 54550, 18512 MiB
GPU-b7783a01-c440-29bd-ccb8-98ca7acf6675, 54551, 18512 MiB
PID
457702
53614
53622
53627
54547
54550
54551
2026-10-09T09:21:17Z
GPU-a2be9350-e0b5-d8b0-9844-51c35161cd3e, 54550, 18512 MiB
GPU-b7783a01-c440-29bd-ccb8-98ca7acf6675, 54551, 18512 MiB
PID
457702
53614
53622
53627
54547
54550
54551
2026-10-09T09:21:22Z
GPU-a2be9350-e0b5-d8b0-9844-51c35161cd3e, 54550, 18512 MiB
GPU-b7783a01-c440-29bd-ccb8-98ca7acf6675, 54551, 18512 MiB
PID
457702
53614
53622
53627
54547
54550
54551
56702
56718
2026-10-09T09:21:27Z
GPU-a2be9350-e0b5-d8b0-9844-51c35161cd3e, 54550, 18512 MiB
GPU-b7783a01-c440-29bd-ccb8-98ca7acf6675, 54551, 18512 MiB
PID
457702
53614
53622
53627
54547
54550
54551
2026-10-09T09:21:32Z
GPU-a2be9350-e0b5-d8b0-9844-51c35161cd3e, 54550, 18512 MiB
GPU-b7783a01-c440-29bd-ccb8-98ca7acf6675, 54551, 18512 MiB
PID
457702
53614
53622
53627
54547
54550
54551
2026-10-09T09:21:38Z
GPU-a2be9350-e0b5-d8b0-9844-51c35161cd3e, 54550, 18514 MiB
GPU-b7783a01-c440-29bd-ccb8-98ca7acf6675, 54551, 18514 MiB
PID
457702
53614
53622
53627
54547
54550
54551
2026-10-09T09:21:43Z
GPU-a2be9350-e0b5-d8b0-9844-51c35161cd3e, 54550, 18514 MiB
GPU-b7783a01-c440-29bd-ccb8-98ca7acf6675, 54551, 18514 MiB
PID
457702
53614
53622
53627
54547
54550
54551
2026-10-09T09:21:48Z
GPU-a2be9350-e0b5-d8b0-9844-51c35161cd3e, 54550, 18514 MiB
GPU-b7783a01-c440-29bd-ccb8-98ca7acf6675, 54551, 18514 MiB
PID
457702
53614
53622
53627
54547
54550
54551
2026-10-09T09:21:54Z
GPU-a2be9350-e0b5-d8b0-9844-51c35161cd3e, 54550, 18514 MiB
GPU-b7783a01-c440-29bd-ccb8-98ca7acf6675, 54551, 18514 MiB
PID
457702
53614
53622
53627
54547
54550
54551
2026-10-09T09:21:59Z
GPU-a2be9350-e0b5-d8b0-9844-51c35161cd3e, 54550, 18514 MiB
GPU-b7783a01-c440-29bd-ccb8-98ca7acf6675, 54551, 18514 MiB
PID
457702
53614
53622
53627
54547
54550
54551
2026-10-09T09:22:04Z
GPU-a2be9350-e0b5-d8b0-9844-51c35161cd3e, 54550, 18514 MiB
GPU-b7783a01-c440-29bd-ccb8-98ca7acf6675, 54551, 18514 MiB
PID
457702
53614
53622
53627
54547
54550
54551
2026-10-09T09:22:09Z
GPU-a2be9350-e0b5-d8b0-9844-51c35161cd3e, 54550, 18514 MiB
GPU-b7783a01-c440-29bd-ccb8-98ca7acf6675, 54551, 18514 MiB
PID
457702
53614
53622
53627
54547
54550
54551
2026-10-09T09:22:15Z
GPU-a2be9350-e0b5-d8b0-9844-51c35161cd3e, 54550, 18514 MiB
GPU-b7783a01-c440-29bd-ccb8-98ca7acf6675, 54551, 18514 MiB
PID
457702
53614
53622
53627
54547
54550
54551
2026-10-09T09:22:20Z
GPU-a2be9350-e0b5-d8b0-9844-51c35161cd3e, 54550, 18514 MiB
GPU-b7783a01-c440-29bd-ccb8-98ca7acf6675, 54551, 18514 MiB
PID
457702
53614
53622
53627
54547
54550
54551
2026-10-09T09:22:25Z
GPU-a2be9350-e0b5-d8b0-9844-51c35161cd3e, 54550, 18514 MiB
GPU-b7783a01-c440-29bd-ccb8-98ca7acf6675, 54551, 18514 MiB
PID
457702
53614
53622
53627
54547
54550
54551
2026-10-09T09:22:31Z
GPU-a2be9350-e0b5-d8b0-9844-51c35161cd3e, 54550, 18514 MiB
GPU-b7783a01-c440-29bd-ccb8-98ca7acf6675, 54551, 18514 MiB
PID
457702
53614
53622
53627
54547
54550
54551
2026-10-09T09:22:36Z
GPU-a2be9350-e0b5-d8b0-9844-51c35161cd3e, 54550, 18514 MiB
GPU-b7783a01-c440-29bd-ccb8-98ca7acf6675, 54551, 18514 MiB
PID
457702
53614
53622
53627
54547
54550
54551
2026-10-09T09:22:41Z
GPU-a2be9350-e0b5-d8b0-9844-51c35161cd3e, 54550, 18514 MiB
GPU-b7783a01-c440-29bd-ccb8-98ca7acf6675, 54551, 18514 MiB
PID
457702
53614
53622
53627
54547
54550
54551
2026-10-09T09:22:46Z
GPU-a2be9350-e0b5-d8b0-9844-51c35161cd3e, 54550, 18514 MiB
GPU-b7783a01-c440-29bd-ccb8-98ca7acf6675, 54551, 18514 MiB
PID
457702
53614
53622
53627
54547
54550
54551
2026-10-09T09:22:52Z
GPU-a2be9350-e0b5-d8b0-9844-51c35161cd3e, 54550, 18514 MiB
GPU-b7783a01-c440-29bd-ccb8-98ca7acf6675, 54551, 18514 MiB
PID
457702
53614
53622
53627
54547
54550
54551
2026-10-09T09:22:57Z
GPU-a2be9350-e0b5-d8b0-9844-51c35161cd3e, 54550, 18514 MiB
GPU-b7783a01-c440-29bd-ccb8-98ca7acf6675, 54551, 18514 MiB
PID
457702
53614
53622
53627
54547
54550
54551
2026-10-09T09:23:02Z
GPU-a2be9350-e0b5-d8b0-9844-51c35161cd3e, 54550, 18514 MiB
GPU-b7783a01-c440-29bd-ccb8-98ca7acf6675, 54551, 18514 MiB
PID
457702
53614
53622
53627
54547
54550
54551
2026-10-09T09:23:08Z
GPU-a2be9350-e0b5-d8b0-9844-51c35161cd3e, 54550, 18514 MiB
GPU-b7783a01-c440-29bd-ccb8-98ca7acf6675, 54551, 18514 MiB
PID
457702
53614
53622
53627
54547
54550
54551
2026-10-09T09:23:13Z
GPU-a2be9350-e0b5-d8b0-9844-51c35161cd3e, 54550, 18514 MiB
GPU-b7783a01-c440-29bd-ccb8-98ca7acf6675, 54551, 18514 MiB
PID
457702
53614
53622
53627
54547
54550
54551
2026-10-09T09:23:18Z
GPU-a2be9350-e0b5-d8b0-9844-51c35161cd3e, 54550, 18514 MiB
GPU-b7783a01-c440-29bd-ccb8-98ca7acf6675, 54551, 18514 MiB
PID
457702
53614
53622
53627
54547
54550
54551
2026-10-09T09:23:23Z
GPU-a2be9350-e0b5-d8b0-9844-51c35161cd3e, 54550, 18514 MiB
GPU-b7783a01-c440-29bd-ccb8-98ca7acf6675, 54551, 18514 MiB
PID
457702
53614
53622
53627
54547
54550
54551
2026-10-09T09:23:29Z
GPU-a2be9350-e0b5-d8b0-9844-51c35161cd3e, 54550, 18514 MiB
GPU-b7783a01-c440-29bd-ccb8-98ca7acf6675, 54551, 18514 MiB
PID
457702
53614
53622
53627
54547
54550
54551
2026-10-09T09:23:34Z
GPU-a2be9350-e0b5-d8b0-9844-51c35161cd3e, 54550, 18514 MiB
GPU-b7783a01-c440-29bd-ccb8-98ca7acf6675, 54551, 18514 MiB
PID
457702
53614
53622
53627
54547
54550
54551
2026-10-09T09:23:39Z
GPU-a2be9350-e0b5-d8b0-9844-51c35161cd3e, 54550, 18514 MiB
GPU-b7783a01-c440-29bd-ccb8-98ca7acf6675, 54551, 18514 MiB
PID
457702
53614
53622
53627
54547
54550
54551
2026-10-09T09:23:45Z
GPU-a2be9350-e0b5-d8b0-9844-51c35161cd3e, 54550, 18514 MiB
GPU-b7783a01-c440-29bd-ccb8-98ca7acf6675, 54551, 18514 MiB
PID
457702
53614
53622
53627
54547
54550
54551
2026-10-09T09:23:50Z
GPU-a2be9350-e0b5-d8b0-9844-51c35161cd3e, 54550, 18514 MiB
GPU-b7783a01-c440-29bd-ccb8-98ca7acf6675, 54551, 18514 MiB
PID
457702
53614
53622
53627
54547
54550
54551
2026-10-09T09:23:55Z
GPU-a2be9350-e0b5-d8b0-9844-51c35161cd3e, 54550, 18514 MiB
GPU-b7783a01-c440-29bd-ccb8-98ca7acf6675, 54551, 18514 MiB
PID
457702
53614
53622
53627
54547
54550
54551
2026-10-09T09:24:00Z
GPU-a2be9350-e0b5-d8b0-9844-51c35161cd3e, 54550, 18514 MiB
GPU-b7783a01-c440-29bd-ccb8-98ca7acf6675, 54551, 18514 MiB
PID
457702
53614
53622
53627
54547
54550
54551
2026-10-09T09:24:06Z
GPU-a2be9350-e0b5-d8b0-9844-51c35161cd3e, 54550, 18514 MiB
GPU-b7783a01-c440-29bd-ccb8-98ca7acf6675, 54551, 18514 MiB
PID
457702
53614
53622
53627
54547
54550
54551
2026-10-09T09:24:11Z
GPU-a2be9350-e0b5-d8b0-9844-51c35161cd3e, 54550, 18514 MiB
GPU-b7783a01-c440-29bd-ccb8-98ca7acf6675, 54551, 18514 MiB
PID
457702
53614
53622
53627
54547
54550
54551
2026-10-09T09:24:16Z
GPU-a2be9350-e0b5-d8b0-9844-51c35161cd3e, 54550, 18514 MiB
GPU-b7783a01-c440-29bd-ccb8-98ca7acf6675, 54551, 18514 MiB
PID
457702
53614
53622
53627
54547
54550
54551
2026-10-09T09:24:22Z
GPU-a2be9350-e0b5-d8b0-9844-51c35161cd3e, 54550, 18514 MiB
GPU-b7783a01-c440-29bd-ccb8-98ca7acf6675, 54551, 18514 MiB
PID
457702
53614
53622
53627
54547
54550
54551
2026-10-09T09:24:27Z
GPU-a2be9350-e0b5-d8b0-9844-51c35161cd3e, 54550, 18514 MiB
GPU-b7783a01-c440-29bd-ccb8-98ca7acf6675, 54551, 18514 MiB
PID
457702
53614
53622
53627
54547
54550
54551
2026-10-09T09:24:32Z
GPU-a2be9350-e0b5-d8b0-9844-51c35161cd3e, 54550, 18514 MiB
GPU-b7783a01-c440-29bd-ccb8-98ca7acf6675, 54551, 18514 MiB
PID
457702
53614
53622
53627
54547
54550
54551
2026-10-09T09:24:37Z
GPU-a2be9350-e0b5-d8b0-9844-51c35161cd3e, 54550, 18514 MiB
GPU-b7783a01-c440-29bd-ccb8-98ca7acf6675, 54551, 18514 MiB
PID
457702
53614
53622
53627
54547
54550
54551
2026-10-09T09:24:43Z
GPU-a2be9350-e0b5-d8b0-9844-51c35161cd3e, 54550, 18514 MiB
GPU-b7783a01-c440-29bd-ccb8-98ca7acf6675, 54551, 18514 MiB
PID
457702
53614
53622
53627
54547
54550
54551
2026-10-09T09:24:48Z
GPU-a2be9350-e0b5-d8b0-9844-51c35161cd3e, 54550, 18514 MiB
GPU-b7783a01-c440-29bd-ccb8-98ca7acf6675, 54551, 18514 MiB
PID
457702
53614
53622
53627
54547
54550
54551
2026-10-09T09:24:53Z
GPU-a2be9350-e0b5-d8b0-9844-51c35161cd3e, 54550, 18514 MiB
GPU-b7783a01-c440-29bd-ccb8-98ca7acf6675, 54551, 18514 MiB
PID
457702
53614
53622
53627
54547
54550
54551
2026-10-09T09:24:59Z
GPU-a2be9350-e0b5-d8b0-9844-51c35161cd3e, 54550, 18514 MiB
GPU-b7783a01-c440-29bd-ccb8-98ca7acf6675, 54551, 18514 MiB
PID
457702
53614
53622
53627
54547
54550
54551
2026-10-09T09:25:04Z
GPU-a2be9350-e0b5-d8b0-9844-51c35161cd3e, 54550, 18514 MiB
GPU-b7783a01-c440-29bd-ccb8-98ca7acf6675, 54551, 18514 MiB
PID
457702
53614
53622
53627
54547
54550
54551
2026-10-09T09:25:09Z
PID
457702
53614
53622
53627
54547
2026-10-09T09:25:15Z
PID
457702
62219
62227
62232
