2026-10-09T09:33:13Z
PID
457702
77061
77069
77074
2026-10-09T09:33:18Z
PID
457702
77061
77069
77074
2026-10-09T09:33:23Z
PID
457702
77061
77069
77074
77748
77750
2026-10-09T09:33:29Z
PID
457702
77061
77069
77074
78055
78058
78059
2026-10-09T09:33:34Z
PID
457702
77061
77069
77074
78055
78058
78059
78545
78550
78552
78555
2026-10-09T09:33:39Z
GPU-a2be9350-e0b5-d8b0-9844-51c35161cd3e, 78058, 15490 MiB
GPU-b7783a01-c440-29bd-ccb8-98ca7acf6675, 78059, 15490 MiB
PID
457702
77061
77069
77074
78055
78058
78059
79206
79266
2026-10-09T09:33:45Z
GPU-a2be9350-e0b5-d8b0-9844-51c35161cd3e, 78058, 15218 MiB
GPU-b7783a01-c440-29bd-ccb8-98ca7acf6675, 78059, 15218 MiB
PID
457702
77061
77069
77074
78055
78058
78059
2026-10-09T09:33:50Z
GPU-a2be9350-e0b5-d8b0-9844-51c35161cd3e, 78058, 15218 MiB
GPU-b7783a01-c440-29bd-ccb8-98ca7acf6675, 78059, 15218 MiB
PID
457702
77061
77069
77074
78055
78058
78059
2026-10-09T09:33:55Z
GPU-a2be9350-e0b5-d8b0-9844-51c35161cd3e, 78058, 15218 MiB
GPU-b7783a01-c440-29bd-ccb8-98ca7acf6675, 78059, 15218 MiB
PID
457702
77061
77069
77074
78055
78058
78059
2026-10-09T09:34:01Z
GPU-a2be9350-e0b5-d8b0-9844-51c35161cd3e, 78058, 15350 MiB
GPU-b7783a01-c440-29bd-ccb8-98ca7acf6675, 78059, 15350 MiB
PID
457702
77061
77069
77074
78055
78058
78059
2026-10-09T09:34:06Z
GPU-a2be9350-e0b5-d8b0-9844-51c35161cd3e, 78058, 15540 MiB
GPU-b7783a01-c440-29bd-ccb8-98ca7acf6675, 78059, 15540 MiB
PID
457702
77061
77069
77074
78055
78058
78059
2026-10-09T09:34:11Z
GPU-a2be9350-e0b5-d8b0-9844-51c35161cd3e, 78058, 15568 MiB
GPU-b7783a01-c440-29bd-ccb8-98ca7acf6675, 78059, 15568 MiB
PID
457702
77061
77069
77074
78055
78058
78059
2026-10-09T09:34:16Z
GPU-a2be9350-e0b5-d8b0-9844-51c35161cd3e, 78058, 15568 MiB
GPU-b7783a01-c440-29bd-ccb8-98ca7acf6675, 78059, 15568 MiB
PID
457702
77061
77069
77074
78055
78058
78059
2026-10-09T09:34:22Z
GPU-a2be9350-e0b5-d8b0-9844-51c35161cd3e, 78058, 15568 MiB
GPU-b7783a01-c440-29bd-ccb8-98ca7acf6675, 78059, 15568 MiB
PID
457702
77061
77069
77074
78055
78058
78059
2026-10-09T09:34:27Z
GPU-a2be9350-e0b5-d8b0-9844-51c35161cd3e, 78058, 15584 MiB
GPU-b7783a01-c440-29bd-ccb8-98ca7acf6675, 78059, 15584 MiB
PID
457702
77061
77069
77074
78055
78058
78059
80497
2026-10-09T09:34:32Z
GPU-a2be9350-e0b5-d8b0-9844-51c35161cd3e, 78058, 16168 MiB
GPU-b7783a01-c440-29bd-ccb8-98ca7acf6675, 78059, 16146 MiB
PID
457702
77061
77069
77074
78055
78058
78059
2026-10-09T09:34:38Z
GPU-a2be9350-e0b5-d8b0-9844-51c35161cd3e, 78058, 18552 MiB
GPU-b7783a01-c440-29bd-ccb8-98ca7acf6675, 78059, 18552 MiB
PID
457702
77061
77069
77074
78055
78058
78059
2026-10-09T09:34:43Z
GPU-a2be9350-e0b5-d8b0-9844-51c35161cd3e, 78058, 18698 MiB
GPU-b7783a01-c440-29bd-ccb8-98ca7acf6675, 78059, 18698 MiB
PID
457702
77061
77069
77074
78055
78058
78059
80865
80866
80867
80868
80869
80870
80871
80890
80891
80896
80897
80898
80960
80961
2026-10-09T09:34:48Z
GPU-a2be9350-e0b5-d8b0-9844-51c35161cd3e, 78058, 18698 MiB
GPU-b7783a01-c440-29bd-ccb8-98ca7acf6675, 78059, 18698 MiB
PID
457702
77061
77069
77074
78055
78058
78059
80865
80866
80867
80868
80869
80870
80871
80973
80974
80975
81027
81028
81029
81030
2026-10-09T09:34:53Z
GPU-a2be9350-e0b5-d8b0-9844-51c35161cd3e, 78058, 18698 MiB
GPU-b7783a01-c440-29bd-ccb8-98ca7acf6675, 78059, 18698 MiB
PID
457702
77061
77069
77074
78055
78058
78059
80865
80866
80867
80869
80870
81027
81028
81029
81030
2026-10-09T09:34:59Z
GPU-a2be9350-e0b5-d8b0-9844-51c35161cd3e, 78058, 18698 MiB
GPU-b7783a01-c440-29bd-ccb8-98ca7acf6675, 78059, 18698 MiB
PID
457702
77061
77069
77074
78055
78058
78059
80865
80866
80867
80869
80870
81027
81028
81209
81210
2026-10-09T09:35:04Z
GPU-a2be9350-e0b5-d8b0-9844-51c35161cd3e, 78058, 18698 MiB
GPU-b7783a01-c440-29bd-ccb8-98ca7acf6675, 78059, 18698 MiB
PID
457702
77061
77069
77074
78055
78058
78059
80865
80866
80869
81027
81028
2026-10-09T09:35:09Z
GPU-a2be9350-e0b5-d8b0-9844-51c35161cd3e, 78058, 18698 MiB
GPU-b7783a01-c440-29bd-ccb8-98ca7acf6675, 78059, 18698 MiB
PID
457702
77061
77069
77074
78055
78058
78059
80865
80866
80869
81027
81028
2026-10-09T09:35:15Z
GPU-a2be9350-e0b5-d8b0-9844-51c35161cd3e, 78058, 18698 MiB
GPU-b7783a01-c440-29bd-ccb8-98ca7acf6675, 78059, 18698 MiB
PID
457702
77061
77069
77074
78055
78058
78059
80865
80866
80869
81027
81028
2026-10-09T09:35:20Z
GPU-a2be9350-e0b5-d8b0-9844-51c35161cd3e, 78058, 18698 MiB
GPU-b7783a01-c440-29bd-ccb8-98ca7acf6675, 78059, 18698 MiB
PID
457702
77061
77069
77074
78055
78058
78059
80865
80866
80869
81027
81028
2026-10-09T09:35:25Z
GPU-a2be9350-e0b5-d8b0-9844-51c35161cd3e, 78058, 18698 MiB
GPU-b7783a01-c440-29bd-ccb8-98ca7acf6675, 78059, 18698 MiB
PID
457702
77061
77069
77074
78055
78058
78059
80865
80866
80869
81839
81840
2026-10-09T09:35:30Z
GPU-a2be9350-e0b5-d8b0-9844-51c35161cd3e, 78058, 18698 MiB
GPU-b7783a01-c440-29bd-ccb8-98ca7acf6675, 78059, 18698 MiB
PID
457702
77061
77069
77074
78055
78058
78059
80865
80866
80869
81839
81840
2026-10-09T09:35:36Z
GPU-a2be9350-e0b5-d8b0-9844-51c35161cd3e, 78058, 18698 MiB
GPU-b7783a01-c440-29bd-ccb8-98ca7acf6675, 78059, 18698 MiB
PID
457702
77061
77069
77074
78055
78058
78059
80865
80866
80869
81839
81840
2026-10-09T09:35:41Z
GPU-a2be9350-e0b5-d8b0-9844-51c35161cd3e, 78058, 18698 MiB
GPU-b7783a01-c440-29bd-ccb8-98ca7acf6675, 78059, 18698 MiB
PID
457702
77061
77069
77074
78055
78058
78059
80865
80866
80869
82268
82269
82270
2026-10-09T09:35:46Z
GPU-a2be9350-e0b5-d8b0-9844-51c35161cd3e, 78058, 18730 MiB
GPU-b7783a01-c440-29bd-ccb8-98ca7acf6675, 78059, 18730 MiB
PID
457702
77061
77069
77074
78055
78058
78059
2026-10-09T09:35:52Z
GPU-a2be9350-e0b5-d8b0-9844-51c35161cd3e, 78058, 18658 MiB
GPU-b7783a01-c440-29bd-ccb8-98ca7acf6675, 78059, 18658 MiB
PID
457702
77061
77069
77074
78055
78058
78059
2026-10-09T09:35:57Z
GPU-a2be9350-e0b5-d8b0-9844-51c35161cd3e, 78058, 18784 MiB
GPU-b7783a01-c440-29bd-ccb8-98ca7acf6675, 78059, 18784 MiB
PID
457702
77061
77069
77074
78055
78058
78059
2026-10-09T09:36:02Z
GPU-a2be9350-e0b5-d8b0-9844-51c35161cd3e, 78058, 18784 MiB
GPU-b7783a01-c440-29bd-ccb8-98ca7acf6675, 78059, 18784 MiB
PID
457702
77061
77069
77074
78055
78058
78059
2026-10-09T09:36:07Z
GPU-a2be9350-e0b5-d8b0-9844-51c35161cd3e, 78058, 18786 MiB
GPU-b7783a01-c440-29bd-ccb8-98ca7acf6675, 78059, 18786 MiB
PID
457702
77061
77069
77074
78055
78058
78059
2026-10-09T09:36:13Z
GPU-a2be9350-e0b5-d8b0-9844-51c35161cd3e, 78058, 18786 MiB
GPU-b7783a01-c440-29bd-ccb8-98ca7acf6675, 78059, 18786 MiB
PID
457702
77061
77069
77074
78055
78058
78059
2026-10-09T09:36:18Z
GPU-a2be9350-e0b5-d8b0-9844-51c35161cd3e, 78058, 18786 MiB
GPU-b7783a01-c440-29bd-ccb8-98ca7acf6675, 78059, 18786 MiB
PID
457702
77061
77069
77074
78055
78058
78059
2026-10-09T09:36:23Z
GPU-a2be9350-e0b5-d8b0-9844-51c35161cd3e, 78058, 18786 MiB
GPU-b7783a01-c440-29bd-ccb8-98ca7acf6675, 78059, 18786 MiB
PID
457702
77061
77069
77074
78055
78058
78059
2026-10-09T09:36:29Z
GPU-a2be9350-e0b5-d8b0-9844-51c35161cd3e, 78058, 18786 MiB
GPU-b7783a01-c440-29bd-ccb8-98ca7acf6675, 78059, 18786 MiB
PID
457702
77061
77069
77074
78055
78058
78059
2026-10-09T09:36:34Z
GPU-a2be9350-e0b5-d8b0-9844-51c35161cd3e, 78058, 18786 MiB
GPU-b7783a01-c440-29bd-ccb8-98ca7acf6675, 78059, 18786 MiB
PID
457702
77061
77069
77074
78055
78058
78059
2026-10-09T09:36:39Z
PID
457702
77061
77069
77074
78055
2026-10-09T09:36:45Z
PID
457702
