2026-10-09T09:25:11Z
PID
457702
62219
62227
62232
2026-10-09T09:25:16Z
PID
457702
62219
62227
62232
2026-10-09T09:25:21Z
PID
457702
62219
62227
62232
62911
62913
2026-10-09T09:25:27Z
PID
457702
62219
62227
62232
63221
63224
63225
2026-10-09T09:25:32Z
GPU-b7783a01-c440-29bd-ccb8-98ca7acf6675, 63225, 284 MiB
PID
457702
62219
62227
62232
63221
63224
63225
63715
63717
63719
63724
2026-10-09T09:25:37Z
GPU-a2be9350-e0b5-d8b0-9844-51c35161cd3e, 63224, 15490 MiB
GPU-b7783a01-c440-29bd-ccb8-98ca7acf6675, 63225, 15490 MiB
PID
457702
62219
62227
62232
63221
63224
63225
64323
64382
2026-10-09T09:25:42Z
GPU-a2be9350-e0b5-d8b0-9844-51c35161cd3e, 63224, 15370 MiB
GPU-b7783a01-c440-29bd-ccb8-98ca7acf6675, 63225, 15370 MiB
PID
457702
62219
62227
62232
63221
63224
63225
2026-10-09T09:25:48Z
GPU-a2be9350-e0b5-d8b0-9844-51c35161cd3e, 63224, 18390 MiB
GPU-b7783a01-c440-29bd-ccb8-98ca7acf6675, 63225, 18390 MiB
PID
457702
62219
62227
62232
63221
63224
63225
2026-10-09T09:25:53Z
GPU-a2be9350-e0b5-d8b0-9844-51c35161cd3e, 63224, 18438 MiB
GPU-b7783a01-c440-29bd-ccb8-98ca7acf6675, 63225, 18438 MiB
PID
457702
62219
62227
62232
63221
63224
63225
2026-10-09T09:25:58Z
GPU-a2be9350-e0b5-d8b0-9844-51c35161cd3e, 63224, 18512 MiB
GPU-b7783a01-c440-29bd-ccb8-98ca7acf6675, 63225, 18512 MiB
PID
457702
62219
62227
62232
63221
63224
63225
2026-10-09T09:26:04Z
GPU-a2be9350-e0b5-d8b0-9844-51c35161cd3e, 63224, 18512 MiB
GPU-b7783a01-c440-29bd-ccb8-98ca7acf6675, 63225, 18512 MiB
PID
457702
62219
62227
62232
63221
63224
63225
2026-10-09T09:26:09Z
GPU-a2be9350-e0b5-d8b0-9844-51c35161cd3e, 63224, 18512 MiB
GPU-b7783a01-c440-29bd-ccb8-98ca7acf6675, 63225, 18512 MiB
PID
457702
62219
62227
62232
63221
63224
63225
2026-10-09T09:26:14Z
GPU-a2be9350-e0b5-d8b0-9844-51c35161cd3e, 63224, 18512 MiB
GPU-b7783a01-c440-29bd-ccb8-98ca7acf6675, 63225, 18512 MiB
PID
457702
62219
62227
62232
63221
63224
63225
2026-10-09T09:26:19Z
GPU-a2be9350-e0b5-d8b0-9844-51c35161cd3e, 63224, 18512 MiB
GPU-b7783a01-c440-29bd-ccb8-98ca7acf6675, 63225, 18512 MiB
PID
457702
62219
62227
62232
63221
63224
63225
2026-10-09T09:26:25Z
GPU-a2be9350-e0b5-d8b0-9844-51c35161cd3e, 63224, 18512 MiB
GPU-b7783a01-c440-29bd-ccb8-98ca7acf6675, 63225, 18512 MiB
PID
457702
62219
62227
62232
63221
63224
63225
2026-10-09T09:26:30Z
GPU-a2be9350-e0b5-d8b0-9844-51c35161cd3e, 63224, 18514 MiB
GPU-b7783a01-c440-29bd-ccb8-98ca7acf6675, 63225, 18514 MiB
PID
457702
62219
62227
62232
63221
63224
63225
2026-10-09T09:26:35Z
GPU-a2be9350-e0b5-d8b0-9844-51c35161cd3e, 63224, 18514 MiB
GPU-b7783a01-c440-29bd-ccb8-98ca7acf6675, 63225, 18514 MiB
PID
457702
62219
62227
62232
63221
63224
63225
2026-10-09T09:26:41Z
GPU-a2be9350-e0b5-d8b0-9844-51c35161cd3e, 63224, 18514 MiB
GPU-b7783a01-c440-29bd-ccb8-98ca7acf6675, 63225, 18514 MiB
PID
457702
62219
62227
62232
63221
63224
63225
2026-10-09T09:26:46Z
GPU-a2be9350-e0b5-d8b0-9844-51c35161cd3e, 63224, 18514 MiB
GPU-b7783a01-c440-29bd-ccb8-98ca7acf6675, 63225, 18514 MiB
PID
457702
62219
62227
62232
63221
63224
63225
2026-10-09T09:26:51Z
GPU-a2be9350-e0b5-d8b0-9844-51c35161cd3e, 63224, 18514 MiB
GPU-b7783a01-c440-29bd-ccb8-98ca7acf6675, 63225, 18514 MiB
PID
457702
62219
62227
62232
63221
63224
63225
2026-10-09T09:26:56Z
GPU-a2be9350-e0b5-d8b0-9844-51c35161cd3e, 63224, 18514 MiB
GPU-b7783a01-c440-29bd-ccb8-98ca7acf6675, 63225, 18514 MiB
PID
457702
62219
62227
62232
63221
63224
63225
2026-10-09T09:27:02Z
GPU-a2be9350-e0b5-d8b0-9844-51c35161cd3e, 63224, 18514 MiB
GPU-b7783a01-c440-29bd-ccb8-98ca7acf6675, 63225, 18514 MiB
PID
457702
62219
62227
62232
63221
63224
63225
2026-10-09T09:27:07Z
GPU-a2be9350-e0b5-d8b0-9844-51c35161cd3e, 63224, 18514 MiB
GPU-b7783a01-c440-29bd-ccb8-98ca7acf6675, 63225, 18514 MiB
PID
457702
62219
62227
62232
63221
63224
63225
2026-10-09T09:27:12Z
GPU-a2be9350-e0b5-d8b0-9844-51c35161cd3e, 63224, 18514 MiB
GPU-b7783a01-c440-29bd-ccb8-98ca7acf6675, 63225, 18514 MiB
PID
457702
62219
62227
62232
63221
63224
63225
2026-10-09T09:27:17Z
GPU-a2be9350-e0b5-d8b0-9844-51c35161cd3e, 63224, 18514 MiB
GPU-b7783a01-c440-29bd-ccb8-98ca7acf6675, 63225, 18514 MiB
PID
457702
62219
62227
62232
63221
63224
63225
2026-10-09T09:27:23Z
GPU-a2be9350-e0b5-d8b0-9844-51c35161cd3e, 63224, 18514 MiB
GPU-b7783a01-c440-29bd-ccb8-98ca7acf6675, 63225, 18514 MiB
PID
457702
62219
62227
62232
63221
63224
63225
2026-10-09T09:27:28Z
GPU-a2be9350-e0b5-d8b0-9844-51c35161cd3e, 63224, 18514 MiB
GPU-b7783a01-c440-29bd-ccb8-98ca7acf6675, 63225, 18514 MiB
PID
457702
62219
62227
62232
63221
63224
63225
2026-10-09T09:27:33Z
GPU-a2be9350-e0b5-d8b0-9844-51c35161cd3e, 63224, 18514 MiB
GPU-b7783a01-c440-29bd-ccb8-98ca7acf6675, 63225, 18514 MiB
PID
457702
62219
62227
62232
63221
63224
63225
2026-10-09T09:27:39Z
GPU-a2be9350-e0b5-d8b0-9844-51c35161cd3e, 63224, 18514 MiB
GPU-b7783a01-c440-29bd-ccb8-98ca7acf6675, 63225, 18514 MiB
PID
457702
62219
62227
62232
63221
63224
63225
2026-10-09T09:27:44Z
GPU-a2be9350-e0b5-d8b0-9844-51c35161cd3e, 63224, 18514 MiB
GPU-b7783a01-c440-29bd-ccb8-98ca7acf6675, 63225, 18514 MiB
PID
457702
62219
62227
62232
63221
63224
63225
2026-10-09T09:27:49Z
GPU-a2be9350-e0b5-d8b0-9844-51c35161cd3e, 63224, 18514 MiB
GPU-b7783a01-c440-29bd-ccb8-98ca7acf6675, 63225, 18514 MiB
PID
457702
62219
62227
62232
63221
63224
63225
2026-10-09T09:27:54Z
GPU-a2be9350-e0b5-d8b0-9844-51c35161cd3e, 63224, 18514 MiB
GPU-b7783a01-c440-29bd-ccb8-98ca7acf6675, 63225, 18514 MiB
PID
457702
62219
62227
62232
63221
63224
63225
2026-10-09T09:28:00Z
GPU-a2be9350-e0b5-d8b0-9844-51c35161cd3e, 63224, 18514 MiB
GPU-b7783a01-c440-29bd-ccb8-98ca7acf6675, 63225, 18514 MiB
PID
457702
62219
62227
62232
63221
63224
63225
2026-10-09T09:28:05Z
GPU-a2be9350-e0b5-d8b0-9844-51c35161cd3e, 63224, 18514 MiB
GPU-b7783a01-c440-29bd-ccb8-98ca7acf6675, 63225, 18514 MiB
PID
457702
62219
62227
62232
63221
63224
63225
2026-10-09T09:28:10Z
GPU-a2be9350-e0b5-d8b0-9844-51c35161cd3e, 63224, 18514 MiB
GPU-b7783a01-c440-29bd-ccb8-98ca7acf6675, 63225, 18514 MiB
PID
457702
62219
62227
62232
63221
63224
63225
2026-10-09T09:28:16Z
GPU-a2be9350-e0b5-d8b0-9844-51c35161cd3e, 63224, 18514 MiB
GPU-b7783a01-c440-29bd-ccb8-98ca7acf6675, 63225, 18514 MiB
PID
457702
62219
62227
62232
63221
63224
63225
2026-10-09T09:28:21Z
GPU-a2be9350-e0b5-d8b0-9844-51c35161cd3e, 63224, 18514 MiB
GPU-b7783a01-c440-29bd-ccb8-98ca7acf6675, 63225, 18514 MiB
PID
457702
62219
62227
62232
63221
63224
63225
2026-10-09T09:28:26Z
GPU-a2be9350-e0b5-d8b0-9844-51c35161cd3e, 63224, 18514 MiB
GPU-b7783a01-c440-29bd-ccb8-98ca7acf6675, 63225, 18514 MiB
PID
457702
62219
62227
62232
63221
63224
63225
2026-10-09T09:28:32Z
GPU-a2be9350-e0b5-d8b0-9844-51c35161cd3e, 63224, 18514 MiB
GPU-b7783a01-c440-29bd-ccb8-98ca7acf6675, 63225, 18514 MiB
PID
457702
62219
62227
62232
63221
63224
63225
2026-10-09T09:28:37Z
GPU-a2be9350-e0b5-d8b0-9844-51c35161cd3e, 63224, 18514 MiB
GPU-b7783a01-c440-29bd-ccb8-98ca7acf6675, 63225, 18514 MiB
PID
457702
62219
62227
62232
63221
63224
63225
2026-10-09T09:28:42Z
GPU-a2be9350-e0b5-d8b0-9844-51c35161cd3e, 63224, 18514 MiB
GPU-b7783a01-c440-29bd-ccb8-98ca7acf6675, 63225, 18514 MiB
PID
457702
62219
62227
62232
63221
63224
63225
2026-10-09T09:28:47Z
GPU-a2be9350-e0b5-d8b0-9844-51c35161cd3e, 63224, 18514 MiB
GPU-b7783a01-c440-29bd-ccb8-98ca7acf6675, 63225, 18514 MiB
PID
457702
62219
62227
62232
63221
63224
63225
2026-10-09T09:28:53Z
GPU-a2be9350-e0b5-d8b0-9844-51c35161cd3e, 63224, 18514 MiB
GPU-b7783a01-c440-29bd-ccb8-98ca7acf6675, 63225, 18514 MiB
PID
457702
62219
62227
62232
63221
63224
63225
2026-10-09T09:28:58Z
GPU-a2be9350-e0b5-d8b0-9844-51c35161cd3e, 63224, 18514 MiB
GPU-b7783a01-c440-29bd-ccb8-98ca7acf6675, 63225, 18514 MiB
PID
457702
62219
62227
62232
63221
63224
63225
2026-10-09T09:29:03Z
GPU-a2be9350-e0b5-d8b0-9844-51c35161cd3e, 63224, 18514 MiB
GPU-b7783a01-c440-29bd-ccb8-98ca7acf6675, 63225, 18514 MiB
PID
457702
62219
62227
62232
63221
63224
63225
2026-10-09T09:29:09Z
GPU-a2be9350-e0b5-d8b0-9844-51c35161cd3e, 63224, 18514 MiB
GPU-b7783a01-c440-29bd-ccb8-98ca7acf6675, 63225, 18514 MiB
PID
457702
62219
62227
62232
63221
63224
63225
2026-10-09T09:29:14Z
GPU-a2be9350-e0b5-d8b0-9844-51c35161cd3e, 63224, 18514 MiB
GPU-b7783a01-c440-29bd-ccb8-98ca7acf6675, 63225, 18514 MiB
PID
457702
62219
62227
62232
63221
63224
63225
2026-10-09T09:29:19Z
GPU-a2be9350-e0b5-d8b0-9844-51c35161cd3e, 63224, 18514 MiB
GPU-b7783a01-c440-29bd-ccb8-98ca7acf6675, 63225, 18514 MiB
PID
457702
62219
62227
62232
63221
63224
63225
2026-10-09T09:29:24Z
GPU-a2be9350-e0b5-d8b0-9844-51c35161cd3e, 63224, 18514 MiB
GPU-b7783a01-c440-29bd-ccb8-98ca7acf6675, 63225, 18514 MiB
PID
457702
62219
62227
62232
63221
63224
63225
2026-10-09T09:29:30Z
GPU-a2be9350-e0b5-d8b0-9844-51c35161cd3e, 63224, 18514 MiB
GPU-b7783a01-c440-29bd-ccb8-98ca7acf6675, 63225, 18514 MiB
PID
457702
62219
62227
62232
63221
63224
63225
2026-10-09T09:29:35Z
GPU-a2be9350-e0b5-d8b0-9844-51c35161cd3e, 63224, 18514 MiB
GPU-b7783a01-c440-29bd-ccb8-98ca7acf6675, 63225, 18514 MiB
PID
457702
62219
62227
62232
63221
63224
63225
2026-10-09T09:29:40Z
GPU-a2be9350-e0b5-d8b0-9844-51c35161cd3e, 63224, 18514 MiB
GPU-b7783a01-c440-29bd-ccb8-98ca7acf6675, 63225, 18514 MiB
PID
457702
62219
62227
62232
63221
63224
63225
2026-10-09T09:29:46Z
GPU-a2be9350-e0b5-d8b0-9844-51c35161cd3e, 63224, 552 MiB
GPU-b7783a01-c440-29bd-ccb8-98ca7acf6675, 63225, 552 MiB
PID
457702
62219
62227
62232
63221
63224
63225
2026-10-09T09:29:51Z
PID
457702
70510
70517
70522
