2026-10-09T08:58:40Z
PID
457702
17607
17613
17614
17623
2026-10-09T08:58:45Z
PID
457702
17607
17613
17614
17623
2026-10-09T08:58:51Z
PID
457702
17607
17613
17614
17623
2026-10-09T08:58:56Z
PID
457702
17607
17613
17614
17623
2026-10-09T08:59:01Z
PID
457702
17607
17613
17614
17623
18667
18670
18671
2026-10-09T08:59:07Z
GPU-a2be9350-e0b5-d8b0-9844-51c35161cd3e, 18670, 554 MiB
GPU-b7783a01-c440-29bd-ccb8-98ca7acf6675, 18671, 554 MiB
PID
457702
17607
17613
17614
17623
18667
18670
18671
19112
19114
19122
19124
2026-10-09T08:59:12Z
GPU-a2be9350-e0b5-d8b0-9844-51c35161cd3e, 18670, 15490 MiB
GPU-b7783a01-c440-29bd-ccb8-98ca7acf6675, 18671, 15490 MiB
PID
457702
17607
17613
17614
17623
18667
18670
18671
19793
19825
2026-10-09T08:59:17Z
GPU-a2be9350-e0b5-d8b0-9844-51c35161cd3e, 18670, 15370 MiB
GPU-b7783a01-c440-29bd-ccb8-98ca7acf6675, 18671, 15372 MiB
PID
457702
17607
17613
17614
17623
18667
18670
18671
2026-10-09T08:59:23Z
GPU-a2be9350-e0b5-d8b0-9844-51c35161cd3e, 18670, 18390 MiB
GPU-b7783a01-c440-29bd-ccb8-98ca7acf6675, 18671, 18390 MiB
PID
457702
17607
17613
17614
17623
18667
18670
18671
20150
2026-10-09T08:59:28Z
GPU-a2be9350-e0b5-d8b0-9844-51c35161cd3e, 18670, 18512 MiB
GPU-b7783a01-c440-29bd-ccb8-98ca7acf6675, 18671, 18512 MiB
PID
457702
17607
17613
17614
17623
18667
18670
18671
2026-10-09T08:59:33Z
GPU-a2be9350-e0b5-d8b0-9844-51c35161cd3e, 18670, 18512 MiB
GPU-b7783a01-c440-29bd-ccb8-98ca7acf6675, 18671, 18512 MiB
PID
457702
17607
17613
17614
17623
18667
18670
18671
2026-10-09T08:59:38Z
GPU-a2be9350-e0b5-d8b0-9844-51c35161cd3e, 18670, 18512 MiB
GPU-b7783a01-c440-29bd-ccb8-98ca7acf6675, 18671, 18512 MiB
PID
457702
17607
17613
17614
17623
18667
18670
18671
2026-10-09T08:59:44Z
GPU-a2be9350-e0b5-d8b0-9844-51c35161cd3e, 18670, 18512 MiB
GPU-b7783a01-c440-29bd-ccb8-98ca7acf6675, 18671, 18512 MiB
PID
457702
17607
17613
17614
17623
18667
18670
18671
2026-10-09T08:59:49Z
GPU-a2be9350-e0b5-d8b0-9844-51c35161cd3e, 18670, 18512 MiB
GPU-b7783a01-c440-29bd-ccb8-98ca7acf6675, 18671, 18512 MiB
PID
457702
17607
17613
17614
17623
18667
18670
18671
2026-10-09T08:59:54Z
GPU-a2be9350-e0b5-d8b0-9844-51c35161cd3e, 18670, 18512 MiB
GPU-b7783a01-c440-29bd-ccb8-98ca7acf6675, 18671, 18512 MiB
PID
457702
17607
17613
17614
17623
18667
18670
18671
2026-10-09T09:00:00Z
GPU-a2be9350-e0b5-d8b0-9844-51c35161cd3e, 18670, 18512 MiB
GPU-b7783a01-c440-29bd-ccb8-98ca7acf6675, 18671, 18512 MiB
PID
457702
17607
17613
17614
17623
18667
18670
18671
2026-10-09T09:00:05Z
GPU-a2be9350-e0b5-d8b0-9844-51c35161cd3e, 18670, 18514 MiB
GPU-b7783a01-c440-29bd-ccb8-98ca7acf6675, 18671, 18514 MiB
PID
457702
17607
17613
17614
17623
18667
18670
18671
2026-10-09T09:00:10Z
GPU-a2be9350-e0b5-d8b0-9844-51c35161cd3e, 18670, 18514 MiB
GPU-b7783a01-c440-29bd-ccb8-98ca7acf6675, 18671, 18514 MiB
PID
457702
17607
17613
17614
17623
18667
18670
18671
2026-10-09T09:00:15Z
GPU-a2be9350-e0b5-d8b0-9844-51c35161cd3e, 18670, 18514 MiB
GPU-b7783a01-c440-29bd-ccb8-98ca7acf6675, 18671, 18514 MiB
PID
457702
17607
17613
17614
17623
18667
18670
18671
2026-10-09T09:00:21Z
GPU-a2be9350-e0b5-d8b0-9844-51c35161cd3e, 18670, 18514 MiB
GPU-b7783a01-c440-29bd-ccb8-98ca7acf6675, 18671, 18514 MiB
PID
457702
17607
17613
17614
17623
18667
18670
18671
2026-10-09T09:00:26Z
GPU-a2be9350-e0b5-d8b0-9844-51c35161cd3e, 18670, 18514 MiB
GPU-b7783a01-c440-29bd-ccb8-98ca7acf6675, 18671, 18514 MiB
PID
457702
17607
17613
17614
17623
18667
18670
18671
2026-10-09T09:00:31Z
GPU-a2be9350-e0b5-d8b0-9844-51c35161cd3e, 18670, 18514 MiB
GPU-b7783a01-c440-29bd-ccb8-98ca7acf6675, 18671, 18514 MiB
PID
457702
17607
17613
17614
17623
18667
18670
18671
2026-10-09T09:00:37Z
GPU-a2be9350-e0b5-d8b0-9844-51c35161cd3e, 18670, 18514 MiB
GPU-b7783a01-c440-29bd-ccb8-98ca7acf6675, 18671, 18514 MiB
PID
457702
17607
17613
17614
17623
18667
18670
18671
2026-10-09T09:00:42Z
GPU-a2be9350-e0b5-d8b0-9844-51c35161cd3e, 18670, 18514 MiB
GPU-b7783a01-c440-29bd-ccb8-98ca7acf6675, 18671, 18514 MiB
PID
457702
17607
17613
17614
17623
18667
18670
18671
2026-10-09T09:00:47Z
GPU-a2be9350-e0b5-d8b0-9844-51c35161cd3e, 18670, 18514 MiB
GPU-b7783a01-c440-29bd-ccb8-98ca7acf6675, 18671, 18514 MiB
PID
457702
17607
17613
17614
17623
18667
18670
18671
2026-10-09T09:00:52Z
GPU-a2be9350-e0b5-d8b0-9844-51c35161cd3e, 18670, 18514 MiB
GPU-b7783a01-c440-29bd-ccb8-98ca7acf6675, 18671, 18514 MiB
PID
457702
17607
17613
17614
17623
18667
18670
18671
2026-10-09T09:00:58Z
GPU-a2be9350-e0b5-d8b0-9844-51c35161cd3e, 18670, 18514 MiB
GPU-b7783a01-c440-29bd-ccb8-98ca7acf6675, 18671, 18514 MiB
PID
457702
17607
17613
17614
17623
18667
18670
18671
2026-10-09T09:01:03Z
GPU-a2be9350-e0b5-d8b0-9844-51c35161cd3e, 18670, 18514 MiB
GPU-b7783a01-c440-29bd-ccb8-98ca7acf6675, 18671, 18514 MiB
PID
457702
17607
17613
17614
17623
18667
18670
18671
2026-10-09T09:01:08Z
GPU-a2be9350-e0b5-d8b0-9844-51c35161cd3e, 18670, 18514 MiB
GPU-b7783a01-c440-29bd-ccb8-98ca7acf6675, 18671, 18514 MiB
PID
457702
17607
17613
17614
17623
18667
18670
18671
2026-10-09T09:01:14Z
GPU-a2be9350-e0b5-d8b0-9844-51c35161cd3e, 18670, 18514 MiB
GPU-b7783a01-c440-29bd-ccb8-98ca7acf6675, 18671, 18514 MiB
PID
457702
17607
17613
17614
17623
18667
18670
18671
2026-10-09T09:01:19Z
GPU-a2be9350-e0b5-d8b0-9844-51c35161cd3e, 18670, 18514 MiB
GPU-b7783a01-c440-29bd-ccb8-98ca7acf6675, 18671, 18514 MiB
PID
457702
17607
17613
17614
17623
18667
18670
18671
2026-10-09T09:01:24Z
GPU-a2be9350-e0b5-d8b0-9844-51c35161cd3e, 18670, 18514 MiB
GPU-b7783a01-c440-29bd-ccb8-98ca7acf6675, 18671, 18514 MiB
PID
457702
17607
17613
17614
17623
18667
18670
18671
2026-10-09T09:01:29Z
GPU-a2be9350-e0b5-d8b0-9844-51c35161cd3e, 18670, 18514 MiB
GPU-b7783a01-c440-29bd-ccb8-98ca7acf6675, 18671, 18514 MiB
PID
457702
17607
17613
17614
17623
18667
18670
18671
2026-10-09T09:01:35Z
GPU-a2be9350-e0b5-d8b0-9844-51c35161cd3e, 18670, 18514 MiB
GPU-b7783a01-c440-29bd-ccb8-98ca7acf6675, 18671, 18514 MiB
PID
457702
17607
17613
17614
17623
18667
18670
18671
2026-10-09T09:01:40Z
GPU-a2be9350-e0b5-d8b0-9844-51c35161cd3e, 18670, 18514 MiB
GPU-b7783a01-c440-29bd-ccb8-98ca7acf6675, 18671, 18514 MiB
PID
457702
17607
17613
17614
17623
18667
18670
18671
2026-10-09T09:01:45Z
GPU-a2be9350-e0b5-d8b0-9844-51c35161cd3e, 18670, 18514 MiB
GPU-b7783a01-c440-29bd-ccb8-98ca7acf6675, 18671, 18514 MiB
PID
457702
17607
17613
17614
17623
18667
18670
18671
2026-10-09T09:01:51Z
GPU-a2be9350-e0b5-d8b0-9844-51c35161cd3e, 18670, 18514 MiB
GPU-b7783a01-c440-29bd-ccb8-98ca7acf6675, 18671, 18514 MiB
PID
457702
17607
17613
17614
17623
18667
18670
18671
2026-10-09T09:01:56Z
GPU-a2be9350-e0b5-d8b0-9844-51c35161cd3e, 18670, 18514 MiB
GPU-b7783a01-c440-29bd-ccb8-98ca7acf6675, 18671, 18514 MiB
PID
457702
17607
17613
17614
17623
18667
18670
18671
2026-10-09T09:02:01Z
GPU-a2be9350-e0b5-d8b0-9844-51c35161cd3e, 18670, 18514 MiB
GPU-b7783a01-c440-29bd-ccb8-98ca7acf6675, 18671, 18514 MiB
PID
457702
17607
17613
17614
17623
18667
18670
18671
2026-10-09T09:02:06Z
GPU-a2be9350-e0b5-d8b0-9844-51c35161cd3e, 18670, 18514 MiB
GPU-b7783a01-c440-29bd-ccb8-98ca7acf6675, 18671, 18514 MiB
PID
457702
17607
17613
17614
17623
18667
18670
18671
2026-10-09T09:02:12Z
GPU-a2be9350-e0b5-d8b0-9844-51c35161cd3e, 18670, 18514 MiB
GPU-b7783a01-c440-29bd-ccb8-98ca7acf6675, 18671, 18514 MiB
PID
457702
17607
17613
17614
17623
18667
18670
18671
2026-10-09T09:02:17Z
GPU-a2be9350-e0b5-d8b0-9844-51c35161cd3e, 18670, 18514 MiB
GPU-b7783a01-c440-29bd-ccb8-98ca7acf6675, 18671, 18514 MiB
PID
457702
17607
17613
17614
17623
18667
18670
18671
2026-10-09T09:02:22Z
GPU-a2be9350-e0b5-d8b0-9844-51c35161cd3e, 18670, 18514 MiB
GPU-b7783a01-c440-29bd-ccb8-98ca7acf6675, 18671, 18514 MiB
PID
457702
17607
17613
17614
17623
18667
18670
18671
2026-10-09T09:02:27Z
GPU-a2be9350-e0b5-d8b0-9844-51c35161cd3e, 18670, 18514 MiB
GPU-b7783a01-c440-29bd-ccb8-98ca7acf6675, 18671, 18514 MiB
PID
457702
17607
17613
17614
17623
18667
18670
18671
2026-10-09T09:02:33Z
GPU-a2be9350-e0b5-d8b0-9844-51c35161cd3e, 18670, 18514 MiB
GPU-b7783a01-c440-29bd-ccb8-98ca7acf6675, 18671, 18514 MiB
PID
457702
17607
17613
17614
17623
18667
18670
18671
2026-10-09T09:02:38Z
GPU-a2be9350-e0b5-d8b0-9844-51c35161cd3e, 18670, 18514 MiB
GPU-b7783a01-c440-29bd-ccb8-98ca7acf6675, 18671, 18514 MiB
PID
457702
17607
17613
17614
17623
18667
18670
18671
2026-10-09T09:02:43Z
GPU-a2be9350-e0b5-d8b0-9844-51c35161cd3e, 18670, 18514 MiB
GPU-b7783a01-c440-29bd-ccb8-98ca7acf6675, 18671, 18514 MiB
PID
457702
17607
17613
17614
17623
18667
18670
18671
2026-10-09T09:02:49Z
GPU-a2be9350-e0b5-d8b0-9844-51c35161cd3e, 18670, 18514 MiB
GPU-b7783a01-c440-29bd-ccb8-98ca7acf6675, 18671, 18514 MiB
PID
457702
17607
17613
17614
17623
18667
18670
18671
2026-10-09T09:02:54Z
GPU-a2be9350-e0b5-d8b0-9844-51c35161cd3e, 18670, 18514 MiB
GPU-b7783a01-c440-29bd-ccb8-98ca7acf6675, 18671, 18514 MiB
PID
457702
17607
17613
17614
17623
18667
18670
18671
2026-10-09T09:02:59Z
GPU-a2be9350-e0b5-d8b0-9844-51c35161cd3e, 18670, 18514 MiB
GPU-b7783a01-c440-29bd-ccb8-98ca7acf6675, 18671, 18514 MiB
PID
457702
17607
17613
17614
17623
18667
18670
18671
2026-10-09T09:03:04Z
GPU-a2be9350-e0b5-d8b0-9844-51c35161cd3e, 18670, 18514 MiB
GPU-b7783a01-c440-29bd-ccb8-98ca7acf6675, 18671, 18514 MiB
PID
457702
17607
17613
17614
17623
18667
18670
18671
2026-10-09T09:03:10Z
GPU-a2be9350-e0b5-d8b0-9844-51c35161cd3e, 18670, 18514 MiB
GPU-b7783a01-c440-29bd-ccb8-98ca7acf6675, 18671, 18514 MiB
PID
457702
17607
17613
17614
17623
18667
18670
18671
2026-10-09T09:03:15Z
GPU-a2be9350-e0b5-d8b0-9844-51c35161cd3e, 18670, 18514 MiB
GPU-b7783a01-c440-29bd-ccb8-98ca7acf6675, 18671, 18514 MiB
PID
457702
17607
17613
17614
17623
18667
18670
18671
2026-10-09T09:03:20Z
GPU-a2be9350-e0b5-d8b0-9844-51c35161cd3e, 18670, 552 MiB
GPU-b7783a01-c440-29bd-ccb8-98ca7acf6675, 18671, 552 MiB
PID
457702
17607
17613
17614
17623
18667
18671
2026-10-09T09:03:26Z
PID
457702
