2026-10-09T09:09:45Z
PID
457702
36725
36733
36738
2026-10-09T09:09:50Z
PID
457702
36725
36733
36738
2026-10-09T09:09:55Z
PID
457702
36725
36733
36738
37420
37422
2026-10-09T09:10:01Z
PID
457702
36725
36733
36738
37812
37822
37823
2026-10-09T09:10:06Z
GPU-b7783a01-c440-29bd-ccb8-98ca7acf6675, 37823, 284 MiB
PID
457702
36725
36733
36738
37812
37822
37823
38216
38218
38220
38222
2026-10-09T09:10:11Z
GPU-a2be9350-e0b5-d8b0-9844-51c35161cd3e, 37822, 15490 MiB
GPU-b7783a01-c440-29bd-ccb8-98ca7acf6675, 37823, 15490 MiB
PID
457702
36725
36733
36738
37812
37822
37823
38927
38941
2026-10-09T09:10:16Z
GPU-a2be9350-e0b5-d8b0-9844-51c35161cd3e, 37822, 15218 MiB
GPU-b7783a01-c440-29bd-ccb8-98ca7acf6675, 37823, 15218 MiB
PID
457702
36725
36733
36738
37812
37822
37823
2026-10-09T09:10:22Z
GPU-a2be9350-e0b5-d8b0-9844-51c35161cd3e, 37822, 15218 MiB
GPU-b7783a01-c440-29bd-ccb8-98ca7acf6675, 37823, 15218 MiB
PID
457702
36725
36733
36738
37812
37822
37823
2026-10-09T09:10:27Z
GPU-a2be9350-e0b5-d8b0-9844-51c35161cd3e, 37822, 15218 MiB
GPU-b7783a01-c440-29bd-ccb8-98ca7acf6675, 37823, 15218 MiB
PID
457702
36725
36733
36738
37812
37822
37823
2026-10-09T09:10:32Z
GPU-a2be9350-e0b5-d8b0-9844-51c35161cd3e, 37822, 15350 MiB
GPU-b7783a01-c440-29bd-ccb8-98ca7acf6675, 37823, 15350 MiB
PID
457702
36725
36733
36738
37812
37822
37823
2026-10-09T09:10:38Z
GPU-a2be9350-e0b5-d8b0-9844-51c35161cd3e, 37822, 15218 MiB
GPU-b7783a01-c440-29bd-ccb8-98ca7acf6675, 37823, 15218 MiB
PID
457702
36725
36733
36738
37812
37822
37823
2026-10-09T09:10:43Z
GPU-a2be9350-e0b5-d8b0-9844-51c35161cd3e, 37822, 15568 MiB
GPU-b7783a01-c440-29bd-ccb8-98ca7acf6675, 37823, 15568 MiB
PID
457702
36725
36733
36738
37812
37822
37823
2026-10-09T09:10:48Z
GPU-a2be9350-e0b5-d8b0-9844-51c35161cd3e, 37822, 15568 MiB
GPU-b7783a01-c440-29bd-ccb8-98ca7acf6675, 37823, 15568 MiB
PID
457702
36725
36733
36738
37812
37822
37823
2026-10-09T09:10:54Z
GPU-a2be9350-e0b5-d8b0-9844-51c35161cd3e, 37822, 15568 MiB
GPU-b7783a01-c440-29bd-ccb8-98ca7acf6675, 37823, 15568 MiB
PID
457702
36725
36733
36738
37812
37822
37823
2026-10-09T09:10:59Z
GPU-a2be9350-e0b5-d8b0-9844-51c35161cd3e, 37822, 15584 MiB
GPU-b7783a01-c440-29bd-ccb8-98ca7acf6675, 37823, 15584 MiB
PID
457702
36725
36733
36738
37812
37822
37823
2026-10-09T09:11:04Z
GPU-a2be9350-e0b5-d8b0-9844-51c35161cd3e, 37822, 16108 MiB
GPU-b7783a01-c440-29bd-ccb8-98ca7acf6675, 37823, 16172 MiB
PID
457702
36725
36733
36738
37812
37822
37823
2026-10-09T09:11:09Z
GPU-a2be9350-e0b5-d8b0-9844-51c35161cd3e, 37822, 18552 MiB
GPU-b7783a01-c440-29bd-ccb8-98ca7acf6675, 37823, 18552 MiB
PID
457702
36725
36733
36738
37812
37822
37823
2026-10-09T09:11:15Z
GPU-a2be9350-e0b5-d8b0-9844-51c35161cd3e, 37822, 18698 MiB
GPU-b7783a01-c440-29bd-ccb8-98ca7acf6675, 37823, 18698 MiB
PID
457702
36725
36733
36738
37812
37822
37823
40547
40548
40549
40550
40551
40552
40553
40560
40562
40563
40565
40566
40568
40572
40573
2026-10-09T09:11:20Z
GPU-a2be9350-e0b5-d8b0-9844-51c35161cd3e, 37822, 18698 MiB
GPU-b7783a01-c440-29bd-ccb8-98ca7acf6675, 37823, 18698 MiB
PID
457702
36725
36733
36738
37812
37822
37823
40547
40548
40549
40550
40551
40552
40553
40656
40657
40658
40756
40757
40758
40759
2026-10-09T09:11:25Z
GPU-a2be9350-e0b5-d8b0-9844-51c35161cd3e, 37822, 18698 MiB
GPU-b7783a01-c440-29bd-ccb8-98ca7acf6675, 37823, 18698 MiB
PID
457702
36725
36733
36738
37812
37822
37823
40547
40548
40549
40551
40552
40756
40757
40758
40759
2026-10-09T09:11:31Z
GPU-a2be9350-e0b5-d8b0-9844-51c35161cd3e, 37822, 18698 MiB
GPU-b7783a01-c440-29bd-ccb8-98ca7acf6675, 37823, 18698 MiB
PID
457702
36725
36733
36738
37812
37822
37823
40547
40548
40549
40551
40552
40756
40757
40956
40957
2026-10-09T09:11:36Z
GPU-a2be9350-e0b5-d8b0-9844-51c35161cd3e, 37822, 18698 MiB
GPU-b7783a01-c440-29bd-ccb8-98ca7acf6675, 37823, 18698 MiB
PID
457702
36725
36733
36738
37812
37822
37823
40547
40548
40549
40551
40552
40756
40757
41061
41062
41075
2026-10-09T09:11:41Z
GPU-a2be9350-e0b5-d8b0-9844-51c35161cd3e, 37822, 18698 MiB
GPU-b7783a01-c440-29bd-ccb8-98ca7acf6675, 37823, 18698 MiB
PID
457702
36725
36733
36738
37812
37822
37823
40547
40548
40551
40756
40757
2026-10-09T09:11:46Z
GPU-a2be9350-e0b5-d8b0-9844-51c35161cd3e, 37822, 18698 MiB
GPU-b7783a01-c440-29bd-ccb8-98ca7acf6675, 37823, 18698 MiB
PID
457702
36725
36733
36738
37812
37822
37823
40547
40548
40551
40756
40757
2026-10-09T09:11:52Z
GPU-a2be9350-e0b5-d8b0-9844-51c35161cd3e, 37822, 18698 MiB
GPU-b7783a01-c440-29bd-ccb8-98ca7acf6675, 37823, 18698 MiB
PID
457702
36725
36733
36738
37812
37822
37823
40547
40548
40551
40756
40757
2026-10-09T09:11:57Z
GPU-a2be9350-e0b5-d8b0-9844-51c35161cd3e, 37822, 18698 MiB
GPU-b7783a01-c440-29bd-ccb8-98ca7acf6675, 37823, 18698 MiB
PID
457702
36725
36733
36738
37812
37822
37823
40547
40548
40551
41522
41523
2026-10-09T09:12:02Z
GPU-a2be9350-e0b5-d8b0-9844-51c35161cd3e, 37822, 18698 MiB
GPU-b7783a01-c440-29bd-ccb8-98ca7acf6675, 37823, 18698 MiB
PID
457702
36725
36733
36738
37812
37822
37823
40547
40548
40551
41522
41523
2026-10-09T09:12:08Z
GPU-a2be9350-e0b5-d8b0-9844-51c35161cd3e, 37822, 18698 MiB
GPU-b7783a01-c440-29bd-ccb8-98ca7acf6675, 37823, 18698 MiB
PID
457702
36725
36733
36738
37812
37822
37823
40547
40548
40551
41522
41523
2026-10-09T09:12:13Z
GPU-a2be9350-e0b5-d8b0-9844-51c35161cd3e, 37822, 18698 MiB
GPU-b7783a01-c440-29bd-ccb8-98ca7acf6675, 37823, 18698 MiB
PID
457702
36725
36733
36738
37812
37822
37823
40547
40548
40551
41943
41944
41945
2026-10-09T09:12:18Z
GPU-a2be9350-e0b5-d8b0-9844-51c35161cd3e, 37822, 18730 MiB
GPU-b7783a01-c440-29bd-ccb8-98ca7acf6675, 37823, 18730 MiB
PID
457702
36725
36733
36738
37812
37822
37823
42171
2026-10-09T09:12:24Z
GPU-a2be9350-e0b5-d8b0-9844-51c35161cd3e, 37822, 18658 MiB
GPU-b7783a01-c440-29bd-ccb8-98ca7acf6675, 37823, 18658 MiB
PID
457702
36725
36733
36738
37812
37822
37823
2026-10-09T09:12:29Z
GPU-a2be9350-e0b5-d8b0-9844-51c35161cd3e, 37822, 18784 MiB
GPU-b7783a01-c440-29bd-ccb8-98ca7acf6675, 37823, 18784 MiB
PID
457702
36725
36733
36738
37812
37822
37823
2026-10-09T09:12:34Z
GPU-a2be9350-e0b5-d8b0-9844-51c35161cd3e, 37822, 18784 MiB
GPU-b7783a01-c440-29bd-ccb8-98ca7acf6675, 37823, 18784 MiB
PID
457702
36725
36733
36738
37812
37822
37823
2026-10-09T09:12:39Z
GPU-a2be9350-e0b5-d8b0-9844-51c35161cd3e, 37822, 18786 MiB
GPU-b7783a01-c440-29bd-ccb8-98ca7acf6675, 37823, 18786 MiB
PID
457702
36725
36733
36738
37812
37822
37823
2026-10-09T09:12:45Z
GPU-a2be9350-e0b5-d8b0-9844-51c35161cd3e, 37822, 18786 MiB
GPU-b7783a01-c440-29bd-ccb8-98ca7acf6675, 37823, 18786 MiB
PID
457702
36725
36733
36738
37812
37822
37823
2026-10-09T09:12:50Z
GPU-a2be9350-e0b5-d8b0-9844-51c35161cd3e, 37822, 18786 MiB
GPU-b7783a01-c440-29bd-ccb8-98ca7acf6675, 37823, 18786 MiB
PID
457702
36725
36733
36738
37812
37822
37823
2026-10-09T09:12:55Z
GPU-a2be9350-e0b5-d8b0-9844-51c35161cd3e, 37822, 18786 MiB
GPU-b7783a01-c440-29bd-ccb8-98ca7acf6675, 37823, 18786 MiB
PID
457702
36725
36733
36738
37812
37822
37823
2026-10-09T09:13:01Z
GPU-a2be9350-e0b5-d8b0-9844-51c35161cd3e, 37822, 18786 MiB
GPU-b7783a01-c440-29bd-ccb8-98ca7acf6675, 37823, 18786 MiB
PID
457702
36725
36733
36738
37812
37822
37823
2026-10-09T09:13:06Z
GPU-a2be9350-e0b5-d8b0-9844-51c35161cd3e, 37822, 18786 MiB
GPU-b7783a01-c440-29bd-ccb8-98ca7acf6675, 37823, 18786 MiB
PID
457702
36725
36733
36738
37812
37822
37823
2026-10-09T09:13:11Z
GPU-a2be9350-e0b5-d8b0-9844-51c35161cd3e, 37822, 18786 MiB
GPU-b7783a01-c440-29bd-ccb8-98ca7acf6675, 37823, 18786 MiB
PID
457702
36725
36733
36738
37812
37822
37823
2026-10-09T09:13:16Z
GPU-a2be9350-e0b5-d8b0-9844-51c35161cd3e, 37822, 18786 MiB
GPU-b7783a01-c440-29bd-ccb8-98ca7acf6675, 37823, 18786 MiB
PID
457702
36725
36733
36738
37812
37822
37823
2026-10-09T09:13:22Z
GPU-a2be9350-e0b5-d8b0-9844-51c35161cd3e, 37822, 18786 MiB
GPU-b7783a01-c440-29bd-ccb8-98ca7acf6675, 37823, 18786 MiB
PID
457702
36725
36733
36738
37812
37822
37823
2026-10-09T09:13:27Z
GPU-a2be9350-e0b5-d8b0-9844-51c35161cd3e, 37822, 14180 MiB
GPU-b7783a01-c440-29bd-ccb8-98ca7acf6675, 37823, 14180 MiB
PID
457702
36725
36733
36738
37812
37822
37823
2026-10-09T09:13:32Z
PID
457702
43909
43917
43922
