2026-10-09T12:39:30Z

PID
193054
244621
244629
244634
2026-10-09T12:39:35Z

PID
193054
244621
244629
244634
2026-10-09T12:39:41Z

PID
193054
244621
244629
244634
2026-10-09T12:39:46Z
GPU-a2be9350-e0b5-d8b0-9844-51c35161cd3e, 244634, 284 MiB
PID
193054
244621
244629
244634
2026-10-09T12:39:51Z
GPU-a2be9350-e0b5-d8b0-9844-51c35161cd3e, 244634, 364 MiB
PID
193054
244621
244629
244634
245355
245357
2026-10-09T12:39:56Z
GPU-a2be9350-e0b5-d8b0-9844-51c35161cd3e, 244634, 380 MiB
PID
193054
244621
244629
244634
2026-10-09T12:40:02Z
GPU-a2be9350-e0b5-d8b0-9844-51c35161cd3e, 244634, 380 MiB
PID
193054
244621
244629
244634
2026-10-09T12:40:07Z
GPU-a2be9350-e0b5-d8b0-9844-51c35161cd3e, 244634, 380 MiB
PID
193054
244621
244629
244634
2026-10-09T12:40:12Z
GPU-a2be9350-e0b5-d8b0-9844-51c35161cd3e, 244634, 380 MiB
PID
193054
244621
244629
244634
2026-10-09T12:40:18Z
GPU-a2be9350-e0b5-d8b0-9844-51c35161cd3e, 244634, 380 MiB
PID
193054
244621
244629
244634
2026-10-09T12:40:23Z
GPU-a2be9350-e0b5-d8b0-9844-51c35161cd3e, 244634, 380 MiB
PID
193054
244621
244629
244634
2026-10-09T12:40:28Z
GPU-a2be9350-e0b5-d8b0-9844-51c35161cd3e, 244634, 380 MiB
PID
193054
244621
244629
244634
2026-10-09T12:40:34Z
GPU-a2be9350-e0b5-d8b0-9844-51c35161cd3e, 244634, 380 MiB
PID
193054
244621
244629
244634
2026-10-09T12:40:39Z
GPU-a2be9350-e0b5-d8b0-9844-51c35161cd3e, 244634, 380 MiB
PID
193054
244621
244629
244634
2026-10-09T12:40:44Z
GPU-a2be9350-e0b5-d8b0-9844-51c35161cd3e, 244634, 380 MiB
PID
193054
244621
244629
244634
2026-10-09T12:40:50Z
GPU-a2be9350-e0b5-d8b0-9844-51c35161cd3e, 244634, 380 MiB
PID
193054
244621
244629
244634
2026-10-09T12:40:55Z
GPU-a2be9350-e0b5-d8b0-9844-51c35161cd3e, 244634, 380 MiB
PID
193054
244621
244629
244634
2026-10-09T12:41:00Z
GPU-a2be9350-e0b5-d8b0-9844-51c35161cd3e, 244634, 380 MiB
PID
193054
244621
244629
244634
2026-10-09T12:41:05Z
GPU-a2be9350-e0b5-d8b0-9844-51c35161cd3e, 244634, 380 MiB
PID
193054
244621
244629
244634
2026-10-09T12:41:11Z
GPU-a2be9350-e0b5-d8b0-9844-51c35161cd3e, 244634, 380 MiB
PID
193054
244621
244629
244634
2026-10-09T12:41:16Z
GPU-a2be9350-e0b5-d8b0-9844-51c35161cd3e, 244634, 380 MiB
PID
193054
244621
244629
244634
2026-10-09T12:41:21Z
GPU-a2be9350-e0b5-d8b0-9844-51c35161cd3e, 244634, 380 MiB
PID
193054
244621
244629
244634
2026-10-09T12:41:27Z
GPU-a2be9350-e0b5-d8b0-9844-51c35161cd3e, 244634, 380 MiB
PID
193054
244621
244629
244634
2026-10-09T12:41:32Z
GPU-a2be9350-e0b5-d8b0-9844-51c35161cd3e, 244634, 380 MiB
PID
193054
244621
244629
244634
2026-10-09T12:41:37Z
GPU-a2be9350-e0b5-d8b0-9844-51c35161cd3e, 244634, 380 MiB
PID
193054
244621
244629
244634
2026-10-09T12:41:43Z
GPU-a2be9350-e0b5-d8b0-9844-51c35161cd3e, 244634, 380 MiB
PID
193054
244621
244629
244634
2026-10-09T12:41:48Z
GPU-a2be9350-e0b5-d8b0-9844-51c35161cd3e, 244634, 380 MiB
PID
193054
244621
244629
244634
2026-10-09T12:41:53Z
GPU-a2be9350-e0b5-d8b0-9844-51c35161cd3e, 244634, 380 MiB
PID
193054
244621
244629
244634
2026-10-09T12:41:58Z
GPU-a2be9350-e0b5-d8b0-9844-51c35161cd3e, 244634, 380 MiB
PID
193054
244621
244629
244634
2026-10-09T12:42:04Z
GPU-a2be9350-e0b5-d8b0-9844-51c35161cd3e, 244634, 380 MiB
PID
193054
244621
244629
244634
2026-10-09T12:42:09Z
GPU-a2be9350-e0b5-d8b0-9844-51c35161cd3e, 244634, 380 MiB
PID
193054
244621
244629
244634
2026-10-09T12:42:14Z
GPU-a2be9350-e0b5-d8b0-9844-51c35161cd3e, 244634, 380 MiB
PID
193054
244621
244629
244634
2026-10-09T12:42:20Z
GPU-a2be9350-e0b5-d8b0-9844-51c35161cd3e, 244634, 380 MiB
PID
193054
244621
244629
244634
2026-10-09T12:42:25Z
GPU-a2be9350-e0b5-d8b0-9844-51c35161cd3e, 244634, 380 MiB
PID
193054
244621
244629
244634
2026-10-09T12:42:30Z
GPU-a2be9350-e0b5-d8b0-9844-51c35161cd3e, 244634, 380 MiB
PID
193054
244621
244629
244634
2026-10-09T12:42:36Z
GPU-a2be9350-e0b5-d8b0-9844-51c35161cd3e, 244634, 380 MiB
PID
193054
244621
244629
244634
2026-10-09T12:42:41Z
GPU-a2be9350-e0b5-d8b0-9844-51c35161cd3e, 244634, 380 MiB
PID
193054
244621
244629
244634
2026-10-09T12:42:46Z
GPU-a2be9350-e0b5-d8b0-9844-51c35161cd3e, 244634, 380 MiB
PID
193054
244621
244629
244634
2026-10-09T12:42:51Z
GPU-a2be9350-e0b5-d8b0-9844-51c35161cd3e, 244634, 380 MiB
PID
193054
244621
244629
244634
2026-10-09T12:42:57Z
GPU-a2be9350-e0b5-d8b0-9844-51c35161cd3e, 244634, 380 MiB
PID
193054
244621
244629
244634
2026-10-09T12:43:02Z
GPU-a2be9350-e0b5-d8b0-9844-51c35161cd3e, 244634, 380 MiB
PID
193054
244621
244629
244634
2026-10-09T12:43:07Z
GPU-a2be9350-e0b5-d8b0-9844-51c35161cd3e, 244634, 380 MiB
PID
193054
244621
244629
244634
2026-10-09T12:43:13Z
GPU-a2be9350-e0b5-d8b0-9844-51c35161cd3e, 244634, 380 MiB
PID
193054
244621
244629
244634
2026-10-09T12:43:18Z
GPU-a2be9350-e0b5-d8b0-9844-51c35161cd3e, 244634, 380 MiB
PID
193054
244621
244629
244634
2026-10-09T12:43:23Z
GPU-a2be9350-e0b5-d8b0-9844-51c35161cd3e, 244634, 380 MiB
PID
193054
244621
244629
244634
2026-10-09T12:43:29Z
GPU-a2be9350-e0b5-d8b0-9844-51c35161cd3e, 244634, 380 MiB
PID
193054
244621
244629
244634
2026-10-09T12:43:34Z
GPU-a2be9350-e0b5-d8b0-9844-51c35161cd3e, 244634, 380 MiB
PID
193054
244621
244629
244634
2026-10-09T12:43:39Z
GPU-a2be9350-e0b5-d8b0-9844-51c35161cd3e, 244634, 380 MiB
PID
193054
244621
244629
244634
2026-10-09T12:43:44Z
GPU-a2be9350-e0b5-d8b0-9844-51c35161cd3e, 244634, 380 MiB
PID
193054
244621
244629
244634
2026-10-09T12:43:50Z
GPU-a2be9350-e0b5-d8b0-9844-51c35161cd3e, 244634, 380 MiB
PID
193054
244621
244629
244634
2026-10-09T12:43:55Z
GPU-a2be9350-e0b5-d8b0-9844-51c35161cd3e, 244634, 380 MiB
PID
193054
244621
244629
244634
2026-10-09T12:44:00Z

PID
193054
2026-10-09T12:44:01Z

PID
193054
