2026-10-09T12:35:03Z

PID
193054
236696
236704
236709
2026-10-09T12:35:09Z

PID
193054
236696
236704
236709
2026-10-09T12:35:14Z

PID
193054
236696
236704
236709
2026-10-09T12:35:19Z
GPU-a2be9350-e0b5-d8b0-9844-51c35161cd3e, 236709, 284 MiB
PID
193054
236696
236704
236709
2026-10-09T12:35:24Z
GPU-a2be9350-e0b5-d8b0-9844-51c35161cd3e, 236709, 364 MiB
PID
193054
236696
236704
236709
237384
237386
237531
2026-10-09T12:35:30Z
GPU-a2be9350-e0b5-d8b0-9844-51c35161cd3e, 236709, 380 MiB
PID
193054
236696
236704
236709
2026-10-09T12:35:35Z
GPU-a2be9350-e0b5-d8b0-9844-51c35161cd3e, 236709, 380 MiB
PID
193054
236696
236704
236709
2026-10-09T12:35:40Z
GPU-a2be9350-e0b5-d8b0-9844-51c35161cd3e, 236709, 380 MiB
PID
193054
236696
236704
236709
2026-10-09T12:35:46Z
GPU-a2be9350-e0b5-d8b0-9844-51c35161cd3e, 236709, 380 MiB
PID
193054
236696
236704
236709
2026-10-09T12:35:51Z
GPU-a2be9350-e0b5-d8b0-9844-51c35161cd3e, 236709, 380 MiB
PID
193054
236696
236704
236709
2026-10-09T12:35:56Z
GPU-a2be9350-e0b5-d8b0-9844-51c35161cd3e, 236709, 380 MiB
PID
193054
236696
236704
236709
2026-10-09T12:36:01Z
GPU-a2be9350-e0b5-d8b0-9844-51c35161cd3e, 236709, 380 MiB
PID
193054
236696
236704
236709
2026-10-09T12:36:07Z
GPU-a2be9350-e0b5-d8b0-9844-51c35161cd3e, 236709, 380 MiB
PID
193054
236696
236704
236709
2026-10-09T12:36:12Z
GPU-a2be9350-e0b5-d8b0-9844-51c35161cd3e, 236709, 380 MiB
PID
193054
236696
236704
236709
2026-10-09T12:36:17Z
GPU-a2be9350-e0b5-d8b0-9844-51c35161cd3e, 236709, 380 MiB
PID
193054
236696
236704
236709
2026-10-09T12:36:23Z
GPU-a2be9350-e0b5-d8b0-9844-51c35161cd3e, 236709, 380 MiB
PID
193054
236696
236704
236709
2026-10-09T12:36:28Z
GPU-a2be9350-e0b5-d8b0-9844-51c35161cd3e, 236709, 380 MiB
PID
193054
236696
236704
236709
2026-10-09T12:36:33Z
GPU-a2be9350-e0b5-d8b0-9844-51c35161cd3e, 236709, 380 MiB
PID
193054
236696
236704
236709
2026-10-09T12:36:39Z
GPU-a2be9350-e0b5-d8b0-9844-51c35161cd3e, 236709, 380 MiB
PID
193054
236696
236704
236709
2026-10-09T12:36:44Z
GPU-a2be9350-e0b5-d8b0-9844-51c35161cd3e, 236709, 380 MiB
PID
193054
236696
236704
236709
2026-10-09T12:36:49Z
GPU-a2be9350-e0b5-d8b0-9844-51c35161cd3e, 236709, 380 MiB
PID
193054
236696
236704
236709
2026-10-09T12:36:54Z
GPU-a2be9350-e0b5-d8b0-9844-51c35161cd3e, 236709, 380 MiB
PID
193054
236696
236704
236709
2026-10-09T12:37:00Z
GPU-a2be9350-e0b5-d8b0-9844-51c35161cd3e, 236709, 380 MiB
PID
193054
236696
236704
236709
2026-10-09T12:37:05Z
GPU-a2be9350-e0b5-d8b0-9844-51c35161cd3e, 236709, 380 MiB
PID
193054
236696
236704
236709
2026-10-09T12:37:10Z
GPU-a2be9350-e0b5-d8b0-9844-51c35161cd3e, 236709, 380 MiB
PID
193054
236696
236704
236709
2026-10-09T12:37:16Z
GPU-a2be9350-e0b5-d8b0-9844-51c35161cd3e, 236709, 380 MiB
PID
193054
236696
236704
236709
2026-10-09T12:37:21Z
GPU-a2be9350-e0b5-d8b0-9844-51c35161cd3e, 236709, 380 MiB
PID
193054
236696
236704
236709
2026-10-09T12:37:26Z
GPU-a2be9350-e0b5-d8b0-9844-51c35161cd3e, 236709, 380 MiB
PID
193054
236696
236704
236709
2026-10-09T12:37:32Z
GPU-a2be9350-e0b5-d8b0-9844-51c35161cd3e, 236709, 380 MiB
PID
193054
236696
236704
236709
2026-10-09T12:37:37Z
GPU-a2be9350-e0b5-d8b0-9844-51c35161cd3e, 236709, 380 MiB
PID
193054
236696
236704
236709
2026-10-09T12:37:42Z
GPU-a2be9350-e0b5-d8b0-9844-51c35161cd3e, 236709, 380 MiB
PID
193054
236696
236704
236709
2026-10-09T12:37:47Z
GPU-a2be9350-e0b5-d8b0-9844-51c35161cd3e, 236709, 380 MiB
PID
193054
236696
236704
236709
2026-10-09T12:37:53Z
GPU-a2be9350-e0b5-d8b0-9844-51c35161cd3e, 236709, 380 MiB
PID
193054
236696
236704
236709
2026-10-09T12:37:58Z
GPU-a2be9350-e0b5-d8b0-9844-51c35161cd3e, 236709, 380 MiB
PID
193054
236696
236704
236709
2026-10-09T12:38:03Z
GPU-a2be9350-e0b5-d8b0-9844-51c35161cd3e, 236709, 380 MiB
PID
193054
236696
236704
236709
2026-10-09T12:38:09Z
GPU-a2be9350-e0b5-d8b0-9844-51c35161cd3e, 236709, 380 MiB
PID
193054
236696
236704
236709
2026-10-09T12:38:14Z
GPU-a2be9350-e0b5-d8b0-9844-51c35161cd3e, 236709, 380 MiB
PID
193054
236696
236704
236709
2026-10-09T12:38:19Z
GPU-a2be9350-e0b5-d8b0-9844-51c35161cd3e, 236709, 380 MiB
PID
193054
236696
236704
236709
2026-10-09T12:38:24Z
GPU-a2be9350-e0b5-d8b0-9844-51c35161cd3e, 236709, 380 MiB
PID
193054
236696
236704
236709
2026-10-09T12:38:30Z
GPU-a2be9350-e0b5-d8b0-9844-51c35161cd3e, 236709, 380 MiB
PID
193054
236696
236704
236709
2026-10-09T12:38:35Z
GPU-a2be9350-e0b5-d8b0-9844-51c35161cd3e, 236709, 380 MiB
PID
193054
236696
236704
236709
2026-10-09T12:38:40Z
GPU-a2be9350-e0b5-d8b0-9844-51c35161cd3e, 236709, 380 MiB
PID
193054
236696
236704
236709
2026-10-09T12:38:46Z
GPU-a2be9350-e0b5-d8b0-9844-51c35161cd3e, 236709, 380 MiB
PID
193054
236696
236704
236709
2026-10-09T12:38:51Z
GPU-a2be9350-e0b5-d8b0-9844-51c35161cd3e, 236709, 380 MiB
PID
193054
236696
236704
236709
2026-10-09T12:38:56Z
GPU-a2be9350-e0b5-d8b0-9844-51c35161cd3e, 236709, 380 MiB
PID
193054
236696
236704
236709
2026-10-09T12:39:02Z
GPU-a2be9350-e0b5-d8b0-9844-51c35161cd3e, 236709, 380 MiB
PID
193054
236696
236704
236709
2026-10-09T12:39:07Z
GPU-a2be9350-e0b5-d8b0-9844-51c35161cd3e, 236709, 380 MiB
PID
193054
236696
236704
236709
2026-10-09T12:39:12Z
GPU-a2be9350-e0b5-d8b0-9844-51c35161cd3e, 236709, 380 MiB
PID
193054
236696
236704
236709
2026-10-09T12:39:17Z
GPU-a2be9350-e0b5-d8b0-9844-51c35161cd3e, 236709, 380 MiB
PID
193054
236696
236704
236709
2026-10-09T12:39:23Z
GPU-a2be9350-e0b5-d8b0-9844-51c35161cd3e, 236709, 380 MiB
PID
193054
236696
236704
236709
2026-10-09T12:39:28Z

PID
193054
2026-10-09T12:39:29Z

PID
193054
