2026-10-09T12:00:38Z

PID
193054
195947
195961
195966
2026-10-09T12:00:43Z

PID
193054
195947
195961
195966
2026-10-09T12:00:49Z

PID
193054
195947
195961
195966
2026-10-09T12:00:54Z

PID
193054
195947
195961
195966
2026-10-09T12:00:59Z

PID
193054
195947
195961
195966
2026-10-09T12:01:04Z

PID
193054
195947
195961
195966
196953
196956
196957
2026-10-09T12:01:10Z
GPU-b7783a01-c440-29bd-ccb8-98ca7acf6675, 196957, 284 MiB
PID
193054
195947
195961
195966
196953
196956
196957
197456
197458
197460
197462
2026-10-09T12:01:15Z
GPU-a2be9350-e0b5-d8b0-9844-51c35161cd3e, 196956, 15490 MiB
GPU-b7783a01-c440-29bd-ccb8-98ca7acf6675, 196957, 15490 MiB
PID
193054
195947
195961
195966
196953
196956
196957
198070
198082
2026-10-09T12:01:20Z
GPU-a2be9350-e0b5-d8b0-9844-51c35161cd3e, 196956, 15370 MiB
GPU-b7783a01-c440-29bd-ccb8-98ca7acf6675, 196957, 15370 MiB
PID
193054
195947
195961
195966
196953
196956
196957
2026-10-09T12:01:26Z
GPU-a2be9350-e0b5-d8b0-9844-51c35161cd3e, 196956, 18390 MiB
GPU-b7783a01-c440-29bd-ccb8-98ca7acf6675, 196957, 18390 MiB
PID
193054
195947
195961
195966
196953
196956
196957
2026-10-09T12:01:31Z
GPU-a2be9350-e0b5-d8b0-9844-51c35161cd3e, 196956, 18512 MiB
GPU-b7783a01-c440-29bd-ccb8-98ca7acf6675, 196957, 18512 MiB
PID
193054
195947
195961
195966
196953
196956
196957
2026-10-09T12:01:36Z
GPU-a2be9350-e0b5-d8b0-9844-51c35161cd3e, 196956, 18512 MiB
GPU-b7783a01-c440-29bd-ccb8-98ca7acf6675, 196957, 18512 MiB
PID
193054
195947
195961
195966
196953
196956
196957
2026-10-09T12:01:42Z
GPU-a2be9350-e0b5-d8b0-9844-51c35161cd3e, 196956, 18512 MiB
GPU-b7783a01-c440-29bd-ccb8-98ca7acf6675, 196957, 18512 MiB
PID
193054
195947
195961
195966
196953
196956
196957
2026-10-09T12:01:47Z
GPU-a2be9350-e0b5-d8b0-9844-51c35161cd3e, 196956, 18512 MiB
GPU-b7783a01-c440-29bd-ccb8-98ca7acf6675, 196957, 18512 MiB
PID
193054
195947
195961
195966
196953
196956
196957
2026-10-09T12:01:52Z
GPU-a2be9350-e0b5-d8b0-9844-51c35161cd3e, 196956, 18512 MiB
GPU-b7783a01-c440-29bd-ccb8-98ca7acf6675, 196957, 18512 MiB
PID
193054
195947
195961
195966
196953
196956
196957
2026-10-09T12:01:57Z
GPU-a2be9350-e0b5-d8b0-9844-51c35161cd3e, 196956, 18512 MiB
GPU-b7783a01-c440-29bd-ccb8-98ca7acf6675, 196957, 18512 MiB
PID
193054
195947
195961
195966
196953
196956
196957
2026-10-09T12:02:03Z
GPU-a2be9350-e0b5-d8b0-9844-51c35161cd3e, 196956, 18512 MiB
GPU-b7783a01-c440-29bd-ccb8-98ca7acf6675, 196957, 18512 MiB
PID
193054
195947
195961
195966
196953
196956
196957
2026-10-09T12:02:08Z
GPU-a2be9350-e0b5-d8b0-9844-51c35161cd3e, 196956, 18512 MiB
GPU-b7783a01-c440-29bd-ccb8-98ca7acf6675, 196957, 18512 MiB
PID
193054
195947
195961
195966
196953
196956
196957
2026-10-09T12:02:13Z
GPU-a2be9350-e0b5-d8b0-9844-51c35161cd3e, 196956, 18512 MiB
GPU-b7783a01-c440-29bd-ccb8-98ca7acf6675, 196957, 18512 MiB
PID
193054
195947
195961
195966
196953
196956
196957
2026-10-09T12:02:19Z
GPU-a2be9350-e0b5-d8b0-9844-51c35161cd3e, 196956, 18512 MiB
GPU-b7783a01-c440-29bd-ccb8-98ca7acf6675, 196957, 18512 MiB
PID
193054
195947
195961
195966
196953
196956
196957
2026-10-09T12:02:24Z
GPU-a2be9350-e0b5-d8b0-9844-51c35161cd3e, 196956, 18512 MiB
GPU-b7783a01-c440-29bd-ccb8-98ca7acf6675, 196957, 18512 MiB
PID
193054
195947
195961
195966
196953
196956
196957
2026-10-09T12:02:29Z
GPU-a2be9350-e0b5-d8b0-9844-51c35161cd3e, 196956, 18514 MiB
GPU-b7783a01-c440-29bd-ccb8-98ca7acf6675, 196957, 18514 MiB
PID
193054
195947
195961
195966
196953
196956
196957
2026-10-09T12:02:34Z
GPU-a2be9350-e0b5-d8b0-9844-51c35161cd3e, 196956, 18514 MiB
GPU-b7783a01-c440-29bd-ccb8-98ca7acf6675, 196957, 18514 MiB
PID
193054
195947
195961
195966
196953
196956
196957
2026-10-09T12:02:40Z
GPU-a2be9350-e0b5-d8b0-9844-51c35161cd3e, 196956, 18514 MiB
GPU-b7783a01-c440-29bd-ccb8-98ca7acf6675, 196957, 18514 MiB
PID
193054
195947
195961
195966
196953
196956
196957
2026-10-09T12:02:45Z
GPU-a2be9350-e0b5-d8b0-9844-51c35161cd3e, 196956, 18514 MiB
GPU-b7783a01-c440-29bd-ccb8-98ca7acf6675, 196957, 18514 MiB
PID
193054
195947
195961
195966
196953
196956
196957
2026-10-09T12:02:50Z
GPU-a2be9350-e0b5-d8b0-9844-51c35161cd3e, 196956, 18514 MiB
GPU-b7783a01-c440-29bd-ccb8-98ca7acf6675, 196957, 18514 MiB
PID
193054
195947
195961
195966
196953
196956
196957
2026-10-09T12:02:56Z
GPU-a2be9350-e0b5-d8b0-9844-51c35161cd3e, 196956, 18514 MiB
GPU-b7783a01-c440-29bd-ccb8-98ca7acf6675, 196957, 18514 MiB
PID
193054
195947
195961
195966
196953
196956
196957
2026-10-09T12:03:01Z
GPU-a2be9350-e0b5-d8b0-9844-51c35161cd3e, 196956, 18514 MiB
GPU-b7783a01-c440-29bd-ccb8-98ca7acf6675, 196957, 18514 MiB
PID
193054
195947
195961
195966
196953
196956
196957
2026-10-09T12:03:06Z
GPU-a2be9350-e0b5-d8b0-9844-51c35161cd3e, 196956, 18514 MiB
GPU-b7783a01-c440-29bd-ccb8-98ca7acf6675, 196957, 18514 MiB
PID
193054
195947
195961
195966
196953
196956
196957
2026-10-09T12:03:12Z
GPU-a2be9350-e0b5-d8b0-9844-51c35161cd3e, 196956, 18514 MiB
GPU-b7783a01-c440-29bd-ccb8-98ca7acf6675, 196957, 18514 MiB
PID
193054
195947
195961
195966
196953
196956
196957
2026-10-09T12:03:17Z
GPU-a2be9350-e0b5-d8b0-9844-51c35161cd3e, 196956, 18514 MiB
GPU-b7783a01-c440-29bd-ccb8-98ca7acf6675, 196957, 18514 MiB
PID
193054
195947
195961
195966
196953
196956
196957
2026-10-09T12:03:22Z
GPU-a2be9350-e0b5-d8b0-9844-51c35161cd3e, 196956, 18514 MiB
GPU-b7783a01-c440-29bd-ccb8-98ca7acf6675, 196957, 18514 MiB
PID
193054
195947
195961
195966
196953
196956
196957
2026-10-09T12:03:27Z
GPU-a2be9350-e0b5-d8b0-9844-51c35161cd3e, 196956, 18514 MiB
GPU-b7783a01-c440-29bd-ccb8-98ca7acf6675, 196957, 18514 MiB
PID
193054
195947
195961
195966
196953
196956
196957
2026-10-09T12:03:33Z
GPU-a2be9350-e0b5-d8b0-9844-51c35161cd3e, 196956, 18514 MiB
GPU-b7783a01-c440-29bd-ccb8-98ca7acf6675, 196957, 18514 MiB
PID
193054
195947
195961
195966
196953
196956
196957
2026-10-09T12:03:38Z
GPU-a2be9350-e0b5-d8b0-9844-51c35161cd3e, 196956, 18514 MiB
GPU-b7783a01-c440-29bd-ccb8-98ca7acf6675, 196957, 18514 MiB
PID
193054
195947
195961
195966
196953
196956
196957
2026-10-09T12:03:43Z
GPU-a2be9350-e0b5-d8b0-9844-51c35161cd3e, 196956, 18514 MiB
GPU-b7783a01-c440-29bd-ccb8-98ca7acf6675, 196957, 18514 MiB
PID
193054
195947
195961
195966
196953
196956
196957
2026-10-09T12:03:49Z
GPU-a2be9350-e0b5-d8b0-9844-51c35161cd3e, 196956, 18514 MiB
GPU-b7783a01-c440-29bd-ccb8-98ca7acf6675, 196957, 18514 MiB
PID
193054
195947
195961
195966
196953
196956
196957
2026-10-09T12:03:54Z
GPU-a2be9350-e0b5-d8b0-9844-51c35161cd3e, 196956, 18514 MiB
GPU-b7783a01-c440-29bd-ccb8-98ca7acf6675, 196957, 18514 MiB
PID
193054
195947
195961
195966
196953
196956
196957
2026-10-09T12:03:59Z
GPU-a2be9350-e0b5-d8b0-9844-51c35161cd3e, 196956, 18514 MiB
GPU-b7783a01-c440-29bd-ccb8-98ca7acf6675, 196957, 18514 MiB
PID
193054
195947
195961
195966
196953
196956
196957
2026-10-09T12:04:05Z
GPU-a2be9350-e0b5-d8b0-9844-51c35161cd3e, 196956, 18514 MiB
GPU-b7783a01-c440-29bd-ccb8-98ca7acf6675, 196957, 18514 MiB
PID
193054
195947
195961
195966
196953
196956
196957
2026-10-09T12:04:10Z
GPU-a2be9350-e0b5-d8b0-9844-51c35161cd3e, 196956, 18514 MiB
GPU-b7783a01-c440-29bd-ccb8-98ca7acf6675, 196957, 18514 MiB
PID
193054
195947
195961
195966
196953
196956
196957
2026-10-09T12:04:15Z
GPU-a2be9350-e0b5-d8b0-9844-51c35161cd3e, 196956, 18514 MiB
GPU-b7783a01-c440-29bd-ccb8-98ca7acf6675, 196957, 18514 MiB
PID
193054
195947
195961
195966
196953
196956
196957
2026-10-09T12:04:20Z
GPU-a2be9350-e0b5-d8b0-9844-51c35161cd3e, 196956, 18514 MiB
GPU-b7783a01-c440-29bd-ccb8-98ca7acf6675, 196957, 18514 MiB
PID
193054
195947
195961
195966
196953
196956
196957
2026-10-09T12:04:26Z
GPU-a2be9350-e0b5-d8b0-9844-51c35161cd3e, 196956, 18514 MiB
GPU-b7783a01-c440-29bd-ccb8-98ca7acf6675, 196957, 18514 MiB
PID
193054
195947
195961
195966
196953
196956
196957
2026-10-09T12:04:31Z
GPU-a2be9350-e0b5-d8b0-9844-51c35161cd3e, 196956, 18514 MiB
GPU-b7783a01-c440-29bd-ccb8-98ca7acf6675, 196957, 18514 MiB
PID
193054
195947
195961
195966
196953
196956
196957
2026-10-09T12:04:36Z
GPU-a2be9350-e0b5-d8b0-9844-51c35161cd3e, 196956, 18514 MiB
GPU-b7783a01-c440-29bd-ccb8-98ca7acf6675, 196957, 18514 MiB
PID
193054
195947
195961
195966
196953
196956
196957
2026-10-09T12:04:42Z
GPU-a2be9350-e0b5-d8b0-9844-51c35161cd3e, 196956, 18514 MiB
GPU-b7783a01-c440-29bd-ccb8-98ca7acf6675, 196957, 18514 MiB
PID
193054
195947
195961
195966
196953
196956
196957
2026-10-09T12:04:47Z
GPU-a2be9350-e0b5-d8b0-9844-51c35161cd3e, 196956, 18514 MiB
GPU-b7783a01-c440-29bd-ccb8-98ca7acf6675, 196957, 18514 MiB
PID
193054
195947
195961
195966
196953
196956
196957
2026-10-09T12:04:52Z
GPU-a2be9350-e0b5-d8b0-9844-51c35161cd3e, 196956, 18514 MiB
GPU-b7783a01-c440-29bd-ccb8-98ca7acf6675, 196957, 18514 MiB
PID
193054
195947
195961
195966
196953
196956
196957
2026-10-09T12:04:58Z
GPU-a2be9350-e0b5-d8b0-9844-51c35161cd3e, 196956, 18514 MiB
GPU-b7783a01-c440-29bd-ccb8-98ca7acf6675, 196957, 18514 MiB
PID
193054
195947
195961
195966
196953
196956
196957
2026-10-09T12:05:03Z
GPU-a2be9350-e0b5-d8b0-9844-51c35161cd3e, 196956, 18514 MiB
GPU-b7783a01-c440-29bd-ccb8-98ca7acf6675, 196957, 18514 MiB
PID
193054
195947
195961
195966
196953
196956
196957
2026-10-09T12:05:08Z
GPU-a2be9350-e0b5-d8b0-9844-51c35161cd3e, 196956, 18514 MiB
GPU-b7783a01-c440-29bd-ccb8-98ca7acf6675, 196957, 18514 MiB
PID
193054
195947
195961
195966
196953
196956
196957
2026-10-09T12:05:13Z
GPU-a2be9350-e0b5-d8b0-9844-51c35161cd3e, 196956, 18514 MiB
GPU-b7783a01-c440-29bd-ccb8-98ca7acf6675, 196957, 18514 MiB
PID
193054
195947
195961
195966
196953
196956
196957
2026-10-09T12:05:19Z
GPU-a2be9350-e0b5-d8b0-9844-51c35161cd3e, 196956, 18514 MiB
GPU-b7783a01-c440-29bd-ccb8-98ca7acf6675, 196957, 18514 MiB
PID
193054
195947
195961
195966
196953
196956
196957
2026-10-09T12:05:24Z
GPU-a2be9350-e0b5-d8b0-9844-51c35161cd3e, 196956, 18514 MiB
GPU-b7783a01-c440-29bd-ccb8-98ca7acf6675, 196957, 18514 MiB
PID
193054
195947
195961
195966
196953
196956
196957
2026-10-09T12:05:29Z
GPU-a2be9350-e0b5-d8b0-9844-51c35161cd3e, 196956, 18514 MiB
GPU-b7783a01-c440-29bd-ccb8-98ca7acf6675, 196957, 18514 MiB
PID
193054
195947
195961
195966
196953
196956
196957
2026-10-09T12:05:35Z
GPU-a2be9350-e0b5-d8b0-9844-51c35161cd3e, 196956, 18514 MiB
GPU-b7783a01-c440-29bd-ccb8-98ca7acf6675, 196957, 18514 MiB
PID
193054
195947
195961
195966
196953
196956
196957
2026-10-09T12:05:40Z
GPU-a2be9350-e0b5-d8b0-9844-51c35161cd3e, 196956, 18514 MiB
GPU-b7783a01-c440-29bd-ccb8-98ca7acf6675, 196957, 18514 MiB
PID
193054
195947
195961
195966
196953
196956
196957
2026-10-09T12:05:45Z
GPU-a2be9350-e0b5-d8b0-9844-51c35161cd3e, 196956, 18514 MiB
GPU-b7783a01-c440-29bd-ccb8-98ca7acf6675, 196957, 18514 MiB
PID
193054
195947
195961
195966
196953
196956
196957
2026-10-09T12:05:50Z
GPU-a2be9350-e0b5-d8b0-9844-51c35161cd3e, 196956, 18514 MiB
GPU-b7783a01-c440-29bd-ccb8-98ca7acf6675, 196957, 18514 MiB
PID
193054
195947
195961
195966
196953
196956
196957
2026-10-09T12:05:56Z
GPU-a2be9350-e0b5-d8b0-9844-51c35161cd3e, 196956, 18514 MiB
GPU-b7783a01-c440-29bd-ccb8-98ca7acf6675, 196957, 18514 MiB
PID
193054
195947
195961
195966
196953
196956
196957
2026-10-09T12:06:01Z
GPU-a2be9350-e0b5-d8b0-9844-51c35161cd3e, 196956, 18514 MiB
GPU-b7783a01-c440-29bd-ccb8-98ca7acf6675, 196957, 18514 MiB
PID
193054
195947
195961
195966
196953
196956
196957
2026-10-09T12:06:06Z
GPU-a2be9350-e0b5-d8b0-9844-51c35161cd3e, 196956, 552 MiB
GPU-b7783a01-c440-29bd-ccb8-98ca7acf6675, 196957, 552 MiB
PID
193054
195947
195961
195966
196953
196956
196957
2026-10-09T12:06:12Z

PID
193054
