2026-10-10T02:19:07Z

OWNED
404781
2026-10-10T02:19:13Z

OWNED
404781
406942
406953
2026-10-10T02:19:18Z

OWNED
404781
406942
406953
2026-10-10T02:19:24Z

OWNED
404781
406942
406953
2026-10-10T02:19:29Z

OWNED
404781
406942
406953
408174
408176
2026-10-10T02:19:35Z

OWNED
404781
406942
406953
408745
408748
408749
2026-10-10T02:19:40Z

OWNED
404781
406942
406953
408745
408748
408749
2026-10-10T02:19:46Z
GPU-a2be9350-e0b5-d8b0-9844-51c35161cd3e, 408749, 284 MiB
OWNED
404781
406942
406953
408745
408748
408749
409642
409681
409817
409819
2026-10-10T02:19:51Z
GPU-4af84168-6d29-6128-fee3-1b146cce9b47, 408748, 15490 MiB
GPU-a2be9350-e0b5-d8b0-9844-51c35161cd3e, 408749, 15490 MiB
OWNED
404781
406942
406953
408745
408748
408749
409642
409681
409817
409819
410517
410699
2026-10-10T02:19:57Z
GPU-4af84168-6d29-6128-fee3-1b146cce9b47, 408748, 15370 MiB
GPU-a2be9350-e0b5-d8b0-9844-51c35161cd3e, 408749, 15370 MiB
OWNED
404781
406942
406953
408745
408748
408749
2026-10-10T02:20:02Z
GPU-4af84168-6d29-6128-fee3-1b146cce9b47, 408748, 18390 MiB
GPU-a2be9350-e0b5-d8b0-9844-51c35161cd3e, 408749, 18390 MiB
OWNED
404781
406942
406953
408745
408748
408749
2026-10-10T02:20:08Z
GPU-4af84168-6d29-6128-fee3-1b146cce9b47, 408748, 18512 MiB
GPU-a2be9350-e0b5-d8b0-9844-51c35161cd3e, 408749, 18512 MiB
OWNED
404781
406942
406953
408745
408748
408749
2026-10-10T02:20:13Z
GPU-4af84168-6d29-6128-fee3-1b146cce9b47, 408748, 18512 MiB
GPU-a2be9350-e0b5-d8b0-9844-51c35161cd3e, 408749, 18512 MiB
OWNED
404781
406942
406953
408745
408748
408749
2026-10-10T02:20:19Z
GPU-4af84168-6d29-6128-fee3-1b146cce9b47, 408748, 18512 MiB
GPU-a2be9350-e0b5-d8b0-9844-51c35161cd3e, 408749, 18512 MiB
OWNED
404781
406942
406953
408745
408748
408749
2026-10-10T02:20:24Z
GPU-4af84168-6d29-6128-fee3-1b146cce9b47, 408748, 18512 MiB
GPU-a2be9350-e0b5-d8b0-9844-51c35161cd3e, 408749, 18512 MiB
OWNED
404781
406942
406953
408745
408748
408749
2026-10-10T02:20:29Z
GPU-4af84168-6d29-6128-fee3-1b146cce9b47, 408748, 18512 MiB
GPU-a2be9350-e0b5-d8b0-9844-51c35161cd3e, 408749, 18512 MiB
OWNED
404781
406942
406953
408745
408748
408749
2026-10-10T02:20:35Z
GPU-4af84168-6d29-6128-fee3-1b146cce9b47, 408748, 18512 MiB
GPU-a2be9350-e0b5-d8b0-9844-51c35161cd3e, 408749, 18512 MiB
OWNED
404781
406942
406953
408745
408748
408749
2026-10-10T02:20:40Z
GPU-4af84168-6d29-6128-fee3-1b146cce9b47, 408748, 18512 MiB
GPU-a2be9350-e0b5-d8b0-9844-51c35161cd3e, 408749, 18512 MiB
OWNED
404781
406942
406953
408745
408748
408749
2026-10-10T02:20:46Z
GPU-4af84168-6d29-6128-fee3-1b146cce9b47, 408748, 18514 MiB
GPU-a2be9350-e0b5-d8b0-9844-51c35161cd3e, 408749, 18514 MiB
OWNED
404781
406942
406953
408745
408748
408749
2026-10-10T02:20:51Z
GPU-4af84168-6d29-6128-fee3-1b146cce9b47, 408748, 18514 MiB
GPU-a2be9350-e0b5-d8b0-9844-51c35161cd3e, 408749, 18514 MiB
OWNED
404781
406942
406953
408745
408748
408749
2026-10-10T02:20:57Z
GPU-4af84168-6d29-6128-fee3-1b146cce9b47, 408748, 18514 MiB
GPU-a2be9350-e0b5-d8b0-9844-51c35161cd3e, 408749, 18514 MiB
OWNED
404781
406942
406953
408745
408748
408749
2026-10-10T02:21:02Z
GPU-4af84168-6d29-6128-fee3-1b146cce9b47, 408748, 18514 MiB
GPU-a2be9350-e0b5-d8b0-9844-51c35161cd3e, 408749, 18514 MiB
OWNED
404781
406942
406953
408745
408748
408749
2026-10-10T02:21:08Z
GPU-4af84168-6d29-6128-fee3-1b146cce9b47, 408748, 18514 MiB
GPU-a2be9350-e0b5-d8b0-9844-51c35161cd3e, 408749, 18514 MiB
OWNED
404781
406942
406953
408745
408748
408749
2026-10-10T02:21:13Z
GPU-4af84168-6d29-6128-fee3-1b146cce9b47, 408748, 18514 MiB
GPU-a2be9350-e0b5-d8b0-9844-51c35161cd3e, 408749, 18514 MiB
OWNED
404781
406942
406953
408745
408748
408749
2026-10-10T02:21:19Z
GPU-4af84168-6d29-6128-fee3-1b146cce9b47, 408748, 18514 MiB
GPU-a2be9350-e0b5-d8b0-9844-51c35161cd3e, 408749, 18514 MiB
OWNED
404781
406942
406953
408745
408748
408749
2026-10-10T02:21:24Z
GPU-4af84168-6d29-6128-fee3-1b146cce9b47, 408748, 18514 MiB
GPU-a2be9350-e0b5-d8b0-9844-51c35161cd3e, 408749, 18514 MiB
OWNED
404781
406942
406953
408745
408748
408749
2026-10-10T02:21:29Z
GPU-4af84168-6d29-6128-fee3-1b146cce9b47, 408748, 18514 MiB
GPU-a2be9350-e0b5-d8b0-9844-51c35161cd3e, 408749, 18514 MiB
OWNED
404781
406942
406953
408745
408748
408749
2026-10-10T02:21:35Z
GPU-4af84168-6d29-6128-fee3-1b146cce9b47, 408748, 18514 MiB
GPU-a2be9350-e0b5-d8b0-9844-51c35161cd3e, 408749, 18514 MiB
OWNED
404781
406942
406953
408745
408748
408749
2026-10-10T02:21:40Z
GPU-4af84168-6d29-6128-fee3-1b146cce9b47, 408748, 18514 MiB
GPU-a2be9350-e0b5-d8b0-9844-51c35161cd3e, 408749, 18514 MiB
OWNED
404781
406942
406953
408745
408748
408749
2026-10-10T02:21:46Z
GPU-4af84168-6d29-6128-fee3-1b146cce9b47, 408748, 18514 MiB
GPU-a2be9350-e0b5-d8b0-9844-51c35161cd3e, 408749, 18514 MiB
OWNED
404781
406942
406953
408745
408748
408749
2026-10-10T02:21:51Z
GPU-4af84168-6d29-6128-fee3-1b146cce9b47, 408748, 18514 MiB
GPU-a2be9350-e0b5-d8b0-9844-51c35161cd3e, 408749, 18514 MiB
OWNED
404781
406942
406953
408745
408748
408749
2026-10-10T02:21:57Z
GPU-4af84168-6d29-6128-fee3-1b146cce9b47, 408748, 18514 MiB
GPU-a2be9350-e0b5-d8b0-9844-51c35161cd3e, 408749, 18514 MiB
OWNED
404781
406942
406953
408745
408748
408749
2026-10-10T02:22:02Z
GPU-4af84168-6d29-6128-fee3-1b146cce9b47, 408748, 18514 MiB
GPU-a2be9350-e0b5-d8b0-9844-51c35161cd3e, 408749, 18514 MiB
OWNED
404781
406942
406953
408745
408748
408749
2026-10-10T02:22:08Z
GPU-4af84168-6d29-6128-fee3-1b146cce9b47, 408748, 18514 MiB
GPU-a2be9350-e0b5-d8b0-9844-51c35161cd3e, 408749, 18514 MiB
OWNED
404781
406942
406953
408745
408748
408749
2026-10-10T02:22:13Z
GPU-4af84168-6d29-6128-fee3-1b146cce9b47, 408748, 18514 MiB
GPU-a2be9350-e0b5-d8b0-9844-51c35161cd3e, 408749, 18514 MiB
OWNED
404781
406942
406953
408745
408748
408749
2026-10-10T02:22:19Z
GPU-4af84168-6d29-6128-fee3-1b146cce9b47, 408748, 18514 MiB
GPU-a2be9350-e0b5-d8b0-9844-51c35161cd3e, 408749, 18514 MiB
OWNED
404781
406942
406953
408745
408748
408749
2026-10-10T02:22:24Z
GPU-4af84168-6d29-6128-fee3-1b146cce9b47, 408748, 18514 MiB
GPU-a2be9350-e0b5-d8b0-9844-51c35161cd3e, 408749, 18514 MiB
OWNED
404781
406942
406953
408745
408748
408749
2026-10-10T02:22:29Z
GPU-4af84168-6d29-6128-fee3-1b146cce9b47, 408748, 18514 MiB
GPU-a2be9350-e0b5-d8b0-9844-51c35161cd3e, 408749, 18514 MiB
OWNED
404781
406942
406953
408745
408748
408749
2026-10-10T02:22:35Z
GPU-4af84168-6d29-6128-fee3-1b146cce9b47, 408748, 18514 MiB
GPU-a2be9350-e0b5-d8b0-9844-51c35161cd3e, 408749, 18514 MiB
OWNED
404781
406942
406953
408745
408748
408749
2026-10-10T02:22:40Z
GPU-4af84168-6d29-6128-fee3-1b146cce9b47, 408748, 18514 MiB
GPU-a2be9350-e0b5-d8b0-9844-51c35161cd3e, 408749, 18514 MiB
OWNED
404781
406942
406953
408745
408748
408749
2026-10-10T02:22:46Z
GPU-4af84168-6d29-6128-fee3-1b146cce9b47, 408748, 18514 MiB
GPU-a2be9350-e0b5-d8b0-9844-51c35161cd3e, 408749, 18514 MiB
OWNED
404781
406942
406953
408745
408748
408749
2026-10-10T02:22:51Z
GPU-4af84168-6d29-6128-fee3-1b146cce9b47, 408748, 18514 MiB
GPU-a2be9350-e0b5-d8b0-9844-51c35161cd3e, 408749, 18514 MiB
OWNED
404781
406942
406953
408745
408748
408749
2026-10-10T02:22:57Z
GPU-4af84168-6d29-6128-fee3-1b146cce9b47, 408748, 18514 MiB
GPU-a2be9350-e0b5-d8b0-9844-51c35161cd3e, 408749, 18514 MiB
OWNED
404781
406942
406953
408745
408748
408749
2026-10-10T02:23:02Z
GPU-4af84168-6d29-6128-fee3-1b146cce9b47, 408748, 18514 MiB
GPU-a2be9350-e0b5-d8b0-9844-51c35161cd3e, 408749, 18514 MiB
OWNED
404781
406942
406953
408745
408748
408749
2026-10-10T02:23:08Z
GPU-4af84168-6d29-6128-fee3-1b146cce9b47, 408748, 18514 MiB
GPU-a2be9350-e0b5-d8b0-9844-51c35161cd3e, 408749, 18514 MiB
OWNED
404781
406942
406953
408745
408748
408749
2026-10-10T02:23:13Z
GPU-4af84168-6d29-6128-fee3-1b146cce9b47, 408748, 18514 MiB
GPU-a2be9350-e0b5-d8b0-9844-51c35161cd3e, 408749, 18514 MiB
OWNED
404781
406942
406953
408745
408748
408749
2026-10-10T02:23:19Z
GPU-4af84168-6d29-6128-fee3-1b146cce9b47, 408748, 18514 MiB
GPU-a2be9350-e0b5-d8b0-9844-51c35161cd3e, 408749, 18514 MiB
OWNED
404781
406942
406953
408745
408748
408749
2026-10-10T02:23:24Z
GPU-4af84168-6d29-6128-fee3-1b146cce9b47, 408748, 18514 MiB
GPU-a2be9350-e0b5-d8b0-9844-51c35161cd3e, 408749, 18514 MiB
OWNED
404781
406942
406953
408745
408748
408749
2026-10-10T02:23:29Z
GPU-4af84168-6d29-6128-fee3-1b146cce9b47, 408748, 18514 MiB
GPU-a2be9350-e0b5-d8b0-9844-51c35161cd3e, 408749, 18514 MiB
OWNED
404781
406942
406953
408745
408748
408749
2026-10-10T02:23:35Z
GPU-4af84168-6d29-6128-fee3-1b146cce9b47, 408748, 18514 MiB
GPU-a2be9350-e0b5-d8b0-9844-51c35161cd3e, 408749, 18514 MiB
OWNED
404781
406942
406953
408745
408748
408749
2026-10-10T02:23:40Z
GPU-4af84168-6d29-6128-fee3-1b146cce9b47, 408748, 18514 MiB
GPU-a2be9350-e0b5-d8b0-9844-51c35161cd3e, 408749, 18514 MiB
OWNED
404781
406942
406953
408745
408748
408749
2026-10-10T02:23:46Z
GPU-4af84168-6d29-6128-fee3-1b146cce9b47, 408748, 18514 MiB
GPU-a2be9350-e0b5-d8b0-9844-51c35161cd3e, 408749, 18514 MiB
OWNED
404781
406942
406953
408745
408748
408749
2026-10-10T02:23:51Z
GPU-4af84168-6d29-6128-fee3-1b146cce9b47, 408748, 18514 MiB
GPU-a2be9350-e0b5-d8b0-9844-51c35161cd3e, 408749, 18514 MiB
OWNED
404781
406942
406953
408745
408748
408749
2026-10-10T02:23:57Z
GPU-4af84168-6d29-6128-fee3-1b146cce9b47, 408748, 18514 MiB
GPU-a2be9350-e0b5-d8b0-9844-51c35161cd3e, 408749, 18514 MiB
OWNED
404781
406942
406953
408745
408748
408749
2026-10-10T02:24:02Z
GPU-4af84168-6d29-6128-fee3-1b146cce9b47, 408748, 18514 MiB
GPU-a2be9350-e0b5-d8b0-9844-51c35161cd3e, 408749, 18514 MiB
OWNED
404781
406942
406953
408745
408748
408749
2026-10-10T02:24:08Z
GPU-4af84168-6d29-6128-fee3-1b146cce9b47, 408748, 18514 MiB
GPU-a2be9350-e0b5-d8b0-9844-51c35161cd3e, 408749, 18514 MiB
OWNED
404781
406942
406953
408745
408748
408749
2026-10-10T02:24:13Z
GPU-4af84168-6d29-6128-fee3-1b146cce9b47, 408748, 18514 MiB
GPU-a2be9350-e0b5-d8b0-9844-51c35161cd3e, 408749, 18514 MiB
OWNED
404781
406942
406953
408745
408748
408749
2026-10-10T02:24:19Z
GPU-4af84168-6d29-6128-fee3-1b146cce9b47, 408748, 18514 MiB
GPU-a2be9350-e0b5-d8b0-9844-51c35161cd3e, 408749, 18514 MiB
OWNED
404781
406942
406953
408745
408748
408749
2026-10-10T02:24:24Z
GPU-4af84168-6d29-6128-fee3-1b146cce9b47, 408748, 18514 MiB
GPU-a2be9350-e0b5-d8b0-9844-51c35161cd3e, 408749, 18514 MiB
OWNED
404781
406942
406953
408745
408748
408749
2026-10-10T02:24:29Z
GPU-4af84168-6d29-6128-fee3-1b146cce9b47, 408748, 18514 MiB
GPU-a2be9350-e0b5-d8b0-9844-51c35161cd3e, 408749, 18514 MiB
OWNED
404781
406942
406953
408745
408748
408749
2026-10-10T02:24:35Z
GPU-4af84168-6d29-6128-fee3-1b146cce9b47, 408748, 18514 MiB
GPU-a2be9350-e0b5-d8b0-9844-51c35161cd3e, 408749, 18514 MiB
OWNED
404781
406942
406953
408745
408748
408749
2026-10-10T02:24:40Z
GPU-4af84168-6d29-6128-fee3-1b146cce9b47, 408748, 18514 MiB
GPU-a2be9350-e0b5-d8b0-9844-51c35161cd3e, 408749, 18514 MiB
OWNED
404781
406942
406953
408745
408748
408749
2026-10-10T02:24:46Z
GPU-4af84168-6d29-6128-fee3-1b146cce9b47, 408748, 18514 MiB
GPU-a2be9350-e0b5-d8b0-9844-51c35161cd3e, 408749, 18514 MiB
OWNED
404781
406942
406953
408745
408748
408749
2026-10-10T02:24:51Z
GPU-4af84168-6d29-6128-fee3-1b146cce9b47, 408748, 18514 MiB
GPU-a2be9350-e0b5-d8b0-9844-51c35161cd3e, 408749, 18514 MiB
OWNED
404781
406942
406953
408745
408748
408749
2026-10-10T02:24:57Z
GPU-4af84168-6d29-6128-fee3-1b146cce9b47, 408748, 18514 MiB
GPU-a2be9350-e0b5-d8b0-9844-51c35161cd3e, 408749, 18514 MiB
OWNED
404781
406942
406953
408745
408748
408749
2026-10-10T02:25:02Z
GPU-4af84168-6d29-6128-fee3-1b146cce9b47, 408748, 18514 MiB
GPU-a2be9350-e0b5-d8b0-9844-51c35161cd3e, 408749, 18514 MiB
OWNED
404781
406942
406953
408745
408748
408749
2026-10-10T02:25:08Z
GPU-4af84168-6d29-6128-fee3-1b146cce9b47, 408748, 18514 MiB
GPU-a2be9350-e0b5-d8b0-9844-51c35161cd3e, 408749, 18514 MiB
OWNED
404781
406942
406953
408745
408748
408749
2026-10-10T02:25:13Z
GPU-4af84168-6d29-6128-fee3-1b146cce9b47, 408748, 18514 MiB
GPU-a2be9350-e0b5-d8b0-9844-51c35161cd3e, 408749, 18514 MiB
OWNED
404781
406942
406953
408745
408748
408749
2026-10-10T02:25:19Z
GPU-4af84168-6d29-6128-fee3-1b146cce9b47, 408748, 18514 MiB
GPU-a2be9350-e0b5-d8b0-9844-51c35161cd3e, 408749, 18514 MiB
OWNED
404781
406942
406953
408745
408748
408749
2026-10-10T02:25:24Z
GPU-4af84168-6d29-6128-fee3-1b146cce9b47, 408748, 18514 MiB
GPU-a2be9350-e0b5-d8b0-9844-51c35161cd3e, 408749, 18514 MiB
OWNED
404781
406942
406953
408745
408748
408749
2026-10-10T02:25:29Z
GPU-4af84168-6d29-6128-fee3-1b146cce9b47, 408748, 18514 MiB
GPU-a2be9350-e0b5-d8b0-9844-51c35161cd3e, 408749, 18514 MiB
OWNED
404781
406942
406953
408745
408748
408749
2026-10-10T02:25:35Z
GPU-4af84168-6d29-6128-fee3-1b146cce9b47, 408748, 18514 MiB
GPU-a2be9350-e0b5-d8b0-9844-51c35161cd3e, 408749, 18514 MiB
OWNED
404781
406942
406953
408745
408748
408749
2026-10-10T02:25:40Z
GPU-4af84168-6d29-6128-fee3-1b146cce9b47, 408748, 18514 MiB
GPU-a2be9350-e0b5-d8b0-9844-51c35161cd3e, 408749, 18514 MiB
OWNED
404781
406942
406953
408745
408748
408749
2026-10-10T02:25:46Z
GPU-4af84168-6d29-6128-fee3-1b146cce9b47, 408748, 18514 MiB
GPU-a2be9350-e0b5-d8b0-9844-51c35161cd3e, 408749, 18514 MiB
OWNED
404781
406942
406953
408745
408748
408749
2026-10-10T02:25:51Z
GPU-4af84168-6d29-6128-fee3-1b146cce9b47, 408748, 18514 MiB
GPU-a2be9350-e0b5-d8b0-9844-51c35161cd3e, 408749, 18514 MiB
OWNED
404781
406942
406953
408745
408748
408749
2026-10-10T02:25:57Z
GPU-4af84168-6d29-6128-fee3-1b146cce9b47, 408748, 18514 MiB
GPU-a2be9350-e0b5-d8b0-9844-51c35161cd3e, 408749, 18514 MiB
OWNED
404781
406942
406953
408745
408748
408749
2026-10-10T02:26:02Z
GPU-4af84168-6d29-6128-fee3-1b146cce9b47, 408748, 18514 MiB
GPU-a2be9350-e0b5-d8b0-9844-51c35161cd3e, 408749, 18514 MiB
OWNED
404781
406942
406953
408745
408748
408749
2026-10-10T02:26:08Z
GPU-4af84168-6d29-6128-fee3-1b146cce9b47, 408748, 18514 MiB
GPU-a2be9350-e0b5-d8b0-9844-51c35161cd3e, 408749, 18514 MiB
OWNED
404781
406942
406953
408745
408748
408749
2026-10-10T02:26:13Z
GPU-4af84168-6d29-6128-fee3-1b146cce9b47, 408748, 18514 MiB
GPU-a2be9350-e0b5-d8b0-9844-51c35161cd3e, 408749, 18514 MiB
OWNED
404781
406942
406953
408745
408748
408749
2026-10-10T02:26:19Z
GPU-4af84168-6d29-6128-fee3-1b146cce9b47, 408748, 18514 MiB
GPU-a2be9350-e0b5-d8b0-9844-51c35161cd3e, 408749, 18514 MiB
OWNED
404781
406942
406953
408745
408748
408749
2026-10-10T02:26:24Z
GPU-4af84168-6d29-6128-fee3-1b146cce9b47, 408748, 18514 MiB
GPU-a2be9350-e0b5-d8b0-9844-51c35161cd3e, 408749, 18514 MiB
OWNED
404781
406942
406953
408745
408748
408749
2026-10-10T02:26:30Z
GPU-4af84168-6d29-6128-fee3-1b146cce9b47, 408748, 18514 MiB
GPU-a2be9350-e0b5-d8b0-9844-51c35161cd3e, 408749, 18514 MiB
OWNED
404781
406942
406953
408745
408748
408749
2026-10-10T02:26:35Z
GPU-4af84168-6d29-6128-fee3-1b146cce9b47, 408748, 18514 MiB
GPU-a2be9350-e0b5-d8b0-9844-51c35161cd3e, 408749, 18514 MiB
OWNED
404781
406942
406953
408745
408748
408749
2026-10-10T02:26:40Z
GPU-4af84168-6d29-6128-fee3-1b146cce9b47, 408748, 18514 MiB
GPU-a2be9350-e0b5-d8b0-9844-51c35161cd3e, 408749, 18514 MiB
OWNED
404781
406942
406953
408745
408748
408749
2026-10-10T02:26:46Z
GPU-4af84168-6d29-6128-fee3-1b146cce9b47, 408748, 18514 MiB
GPU-a2be9350-e0b5-d8b0-9844-51c35161cd3e, 408749, 18514 MiB
OWNED
404781
406942
406953
408745
408748
408749
2026-10-10T02:26:51Z
GPU-4af84168-6d29-6128-fee3-1b146cce9b47, 408748, 18514 MiB
GPU-a2be9350-e0b5-d8b0-9844-51c35161cd3e, 408749, 18514 MiB
OWNED
404781
406942
406953
408745
408748
408749
2026-10-10T02:26:57Z
GPU-4af84168-6d29-6128-fee3-1b146cce9b47, 408748, 18514 MiB
GPU-a2be9350-e0b5-d8b0-9844-51c35161cd3e, 408749, 18514 MiB
OWNED
404781
406942
406953
408745
408748
408749
2026-10-10T02:27:02Z
GPU-4af84168-6d29-6128-fee3-1b146cce9b47, 408748, 18514 MiB
GPU-a2be9350-e0b5-d8b0-9844-51c35161cd3e, 408749, 18514 MiB
OWNED
404781
406942
406953
408745
408748
408749
2026-10-10T02:27:08Z
GPU-4af84168-6d29-6128-fee3-1b146cce9b47, 408748, 18514 MiB
GPU-a2be9350-e0b5-d8b0-9844-51c35161cd3e, 408749, 18514 MiB
OWNED
404781
406942
406953
408745
408748
408749
2026-10-10T02:27:13Z
GPU-4af84168-6d29-6128-fee3-1b146cce9b47, 408748, 18514 MiB
GPU-a2be9350-e0b5-d8b0-9844-51c35161cd3e, 408749, 18514 MiB
OWNED
404781
406942
406953
408745
408748
408749
2026-10-10T02:27:19Z
GPU-4af84168-6d29-6128-fee3-1b146cce9b47, 408748, 18514 MiB
GPU-a2be9350-e0b5-d8b0-9844-51c35161cd3e, 408749, 18514 MiB
OWNED
404781
406942
406953
408745
408748
408749
2026-10-10T02:27:24Z
GPU-4af84168-6d29-6128-fee3-1b146cce9b47, 408748, 18514 MiB
GPU-a2be9350-e0b5-d8b0-9844-51c35161cd3e, 408749, 18514 MiB
OWNED
404781
406942
406953
408745
408748
408749
2026-10-10T02:27:30Z
GPU-4af84168-6d29-6128-fee3-1b146cce9b47, 408748, 18514 MiB
GPU-a2be9350-e0b5-d8b0-9844-51c35161cd3e, 408749, 18514 MiB
OWNED
404781
406942
406953
408745
408748
408749
2026-10-10T02:27:35Z
GPU-4af84168-6d29-6128-fee3-1b146cce9b47, 408748, 18514 MiB
GPU-a2be9350-e0b5-d8b0-9844-51c35161cd3e, 408749, 18514 MiB
OWNED
404781
406942
406953
408745
408748
408749
2026-10-10T02:27:40Z
GPU-4af84168-6d29-6128-fee3-1b146cce9b47, 408748, 18514 MiB
GPU-a2be9350-e0b5-d8b0-9844-51c35161cd3e, 408749, 18514 MiB
OWNED
404781
406942
406953
408745
408748
408749
2026-10-10T02:27:46Z
GPU-4af84168-6d29-6128-fee3-1b146cce9b47, 408748, 18514 MiB
GPU-a2be9350-e0b5-d8b0-9844-51c35161cd3e, 408749, 18514 MiB
OWNED
404781
406942
406953
408745
408748
408749
2026-10-10T02:27:51Z
GPU-4af84168-6d29-6128-fee3-1b146cce9b47, 408748, 18514 MiB
GPU-a2be9350-e0b5-d8b0-9844-51c35161cd3e, 408749, 18514 MiB
OWNED
404781
406942
406953
408745
408748
408749
2026-10-10T02:27:57Z
GPU-4af84168-6d29-6128-fee3-1b146cce9b47, 408748, 18514 MiB
GPU-a2be9350-e0b5-d8b0-9844-51c35161cd3e, 408749, 18514 MiB
OWNED
404781
406942
406953
408745
408748
408749
2026-10-10T02:28:02Z
GPU-4af84168-6d29-6128-fee3-1b146cce9b47, 408748, 18514 MiB
GPU-a2be9350-e0b5-d8b0-9844-51c35161cd3e, 408749, 18514 MiB
OWNED
404781
406942
406953
408745
408748
408749
2026-10-10T02:28:08Z
GPU-4af84168-6d29-6128-fee3-1b146cce9b47, 408748, 18514 MiB
GPU-a2be9350-e0b5-d8b0-9844-51c35161cd3e, 408749, 18514 MiB
OWNED
404781
406942
406953
408745
408748
408749
2026-10-10T02:28:13Z
GPU-4af84168-6d29-6128-fee3-1b146cce9b47, 408748, 18514 MiB
GPU-a2be9350-e0b5-d8b0-9844-51c35161cd3e, 408749, 18514 MiB
OWNED
404781
406942
406953
408745
408748
408749
2026-10-10T02:28:19Z
GPU-4af84168-6d29-6128-fee3-1b146cce9b47, 408748, 18514 MiB
GPU-a2be9350-e0b5-d8b0-9844-51c35161cd3e, 408749, 18514 MiB
OWNED
404781
406942
406953
408745
408748
408749
2026-10-10T02:28:24Z
GPU-4af84168-6d29-6128-fee3-1b146cce9b47, 408748, 18514 MiB
GPU-a2be9350-e0b5-d8b0-9844-51c35161cd3e, 408749, 18514 MiB
OWNED
404781
406942
406953
408745
408748
408749
2026-10-10T02:28:30Z
GPU-4af84168-6d29-6128-fee3-1b146cce9b47, 408748, 18514 MiB
GPU-a2be9350-e0b5-d8b0-9844-51c35161cd3e, 408749, 18514 MiB
OWNED
404781
406942
406953
408745
408748
408749
2026-10-10T02:28:35Z
GPU-4af84168-6d29-6128-fee3-1b146cce9b47, 408748, 18514 MiB
GPU-a2be9350-e0b5-d8b0-9844-51c35161cd3e, 408749, 18514 MiB
OWNED
404781
406942
406953
408745
408748
408749
2026-10-10T02:28:41Z
GPU-4af84168-6d29-6128-fee3-1b146cce9b47, 408748, 18514 MiB
GPU-a2be9350-e0b5-d8b0-9844-51c35161cd3e, 408749, 18514 MiB
OWNED
404781
406942
406953
408745
408748
408749
2026-10-10T02:28:46Z
GPU-4af84168-6d29-6128-fee3-1b146cce9b47, 408748, 18514 MiB
GPU-a2be9350-e0b5-d8b0-9844-51c35161cd3e, 408749, 18514 MiB
OWNED
404781
406942
406953
408745
408748
408749
2026-10-10T02:28:52Z
GPU-4af84168-6d29-6128-fee3-1b146cce9b47, 408748, 18514 MiB
GPU-a2be9350-e0b5-d8b0-9844-51c35161cd3e, 408749, 18514 MiB
OWNED
404781
406942
406953
408745
408748
408749
2026-10-10T02:28:57Z
GPU-4af84168-6d29-6128-fee3-1b146cce9b47, 408748, 18514 MiB
GPU-a2be9350-e0b5-d8b0-9844-51c35161cd3e, 408749, 18514 MiB
OWNED
404781
406942
406953
408745
408748
408749
2026-10-10T02:29:02Z
GPU-4af84168-6d29-6128-fee3-1b146cce9b47, 408748, 18514 MiB
GPU-a2be9350-e0b5-d8b0-9844-51c35161cd3e, 408749, 18514 MiB
OWNED
404781
406942
406953
408745
408748
408749
2026-10-10T02:29:08Z
GPU-4af84168-6d29-6128-fee3-1b146cce9b47, 408748, 18514 MiB
GPU-a2be9350-e0b5-d8b0-9844-51c35161cd3e, 408749, 18514 MiB
OWNED
404781
406942
406953
408745
408748
408749
2026-10-10T02:29:13Z
GPU-4af84168-6d29-6128-fee3-1b146cce9b47, 408748, 552 MiB
GPU-a2be9350-e0b5-d8b0-9844-51c35161cd3e, 408749, 550 MiB
OWNED
404781
406942
406953
408745
408748
408749
2026-10-10T02:29:19Z

OWNED
404781
443501
443529
2026-10-10T02:29:24Z

OWNED
404781
443501
443529
2026-10-10T02:29:30Z

OWNED
404781
443501
443529
2026-10-10T02:29:35Z

OWNED
404781
443501
443529
444725
444784
2026-10-10T02:29:41Z

OWNED
404781
443501
443529
444725
444784
445299
445302
445303
2026-10-10T02:29:46Z

OWNED
404781
443501
443529
445299
445302
445303
2026-10-10T02:29:52Z

OWNED
404781
443501
443529
445299
445302
445303
2026-10-10T02:29:57Z
GPU-4af84168-6d29-6128-fee3-1b146cce9b47, 445302, 554 MiB
GPU-a2be9350-e0b5-d8b0-9844-51c35161cd3e, 445303, 554 MiB
OWNED
404781
443501
443529
445299
445302
445303
446449
446451
446453
446455
2026-10-10T02:30:03Z
GPU-4af84168-6d29-6128-fee3-1b146cce9b47, 445302, 15490 MiB
GPU-a2be9350-e0b5-d8b0-9844-51c35161cd3e, 445303, 16140 MiB
OWNED
404781
443501
443529
445299
445302
445303
446449
2026-10-10T02:30:08Z
GPU-4af84168-6d29-6128-fee3-1b146cce9b47, 445302, 15372 MiB
GPU-a2be9350-e0b5-d8b0-9844-51c35161cd3e, 445303, 15372 MiB
OWNED
404781
443501
443529
445299
445302
445303
447902
447903
2026-10-10T02:30:14Z
GPU-4af84168-6d29-6128-fee3-1b146cce9b47, 445302, 18390 MiB
GPU-a2be9350-e0b5-d8b0-9844-51c35161cd3e, 445303, 18390 MiB
OWNED
404781
443501
443529
445299
445302
445303
2026-10-10T02:30:19Z
GPU-4af84168-6d29-6128-fee3-1b146cce9b47, 445302, 18512 MiB
GPU-a2be9350-e0b5-d8b0-9844-51c35161cd3e, 445303, 18512 MiB
OWNED
404781
443501
443529
445299
445302
445303
2026-10-10T02:30:24Z
GPU-4af84168-6d29-6128-fee3-1b146cce9b47, 445302, 18512 MiB
GPU-a2be9350-e0b5-d8b0-9844-51c35161cd3e, 445303, 18512 MiB
OWNED
404781
443501
443529
445299
445302
445303
2026-10-10T02:30:30Z
GPU-4af84168-6d29-6128-fee3-1b146cce9b47, 445302, 18512 MiB
GPU-a2be9350-e0b5-d8b0-9844-51c35161cd3e, 445303, 18512 MiB
OWNED
404781
443501
443529
445299
445302
445303
2026-10-10T02:30:35Z
GPU-4af84168-6d29-6128-fee3-1b146cce9b47, 445302, 18512 MiB
GPU-a2be9350-e0b5-d8b0-9844-51c35161cd3e, 445303, 18512 MiB
OWNED
404781
443501
443529
445299
445302
445303
2026-10-10T02:30:41Z
GPU-4af84168-6d29-6128-fee3-1b146cce9b47, 445302, 18512 MiB
GPU-a2be9350-e0b5-d8b0-9844-51c35161cd3e, 445303, 18512 MiB
OWNED
404781
443501
443529
445299
445302
445303
2026-10-10T02:30:46Z
GPU-4af84168-6d29-6128-fee3-1b146cce9b47, 445302, 18512 MiB
GPU-a2be9350-e0b5-d8b0-9844-51c35161cd3e, 445303, 18512 MiB
OWNED
404781
443501
443529
445299
445302
445303
2026-10-10T02:30:52Z
GPU-4af84168-6d29-6128-fee3-1b146cce9b47, 445302, 18514 MiB
GPU-a2be9350-e0b5-d8b0-9844-51c35161cd3e, 445303, 18514 MiB
OWNED
404781
443501
443529
445299
445302
445303
2026-10-10T02:30:57Z
GPU-4af84168-6d29-6128-fee3-1b146cce9b47, 445302, 18514 MiB
GPU-a2be9350-e0b5-d8b0-9844-51c35161cd3e, 445303, 18514 MiB
OWNED
404781
443501
443529
445299
445302
445303
2026-10-10T02:31:03Z
GPU-4af84168-6d29-6128-fee3-1b146cce9b47, 445302, 18514 MiB
GPU-a2be9350-e0b5-d8b0-9844-51c35161cd3e, 445303, 18514 MiB
OWNED
404781
443501
443529
445299
445302
445303
2026-10-10T02:31:08Z
GPU-4af84168-6d29-6128-fee3-1b146cce9b47, 445302, 18514 MiB
GPU-a2be9350-e0b5-d8b0-9844-51c35161cd3e, 445303, 18514 MiB
OWNED
404781
443501
443529
445299
445302
445303
2026-10-10T02:31:14Z
GPU-4af84168-6d29-6128-fee3-1b146cce9b47, 445302, 18514 MiB
GPU-a2be9350-e0b5-d8b0-9844-51c35161cd3e, 445303, 18514 MiB
OWNED
404781
443501
443529
445299
445302
445303
2026-10-10T02:31:19Z
GPU-4af84168-6d29-6128-fee3-1b146cce9b47, 445302, 18514 MiB
GPU-a2be9350-e0b5-d8b0-9844-51c35161cd3e, 445303, 18514 MiB
OWNED
404781
443501
443529
445299
445302
445303
2026-10-10T02:31:25Z
GPU-4af84168-6d29-6128-fee3-1b146cce9b47, 445302, 18514 MiB
GPU-a2be9350-e0b5-d8b0-9844-51c35161cd3e, 445303, 18514 MiB
OWNED
404781
443501
443529
445299
445302
445303
2026-10-10T02:31:30Z
GPU-4af84168-6d29-6128-fee3-1b146cce9b47, 445302, 18514 MiB
GPU-a2be9350-e0b5-d8b0-9844-51c35161cd3e, 445303, 18514 MiB
OWNED
404781
443501
443529
445299
445302
445303
2026-10-10T02:31:35Z
GPU-4af84168-6d29-6128-fee3-1b146cce9b47, 445302, 18514 MiB
GPU-a2be9350-e0b5-d8b0-9844-51c35161cd3e, 445303, 18514 MiB
OWNED
404781
443501
443529
445299
445302
445303
2026-10-10T02:31:41Z
GPU-4af84168-6d29-6128-fee3-1b146cce9b47, 445302, 18514 MiB
GPU-a2be9350-e0b5-d8b0-9844-51c35161cd3e, 445303, 18514 MiB
OWNED
404781
443501
443529
445299
445302
445303
2026-10-10T02:31:46Z
GPU-4af84168-6d29-6128-fee3-1b146cce9b47, 445302, 18514 MiB
GPU-a2be9350-e0b5-d8b0-9844-51c35161cd3e, 445303, 18514 MiB
OWNED
404781
443501
443529
445299
445302
445303
2026-10-10T02:31:52Z
GPU-4af84168-6d29-6128-fee3-1b146cce9b47, 445302, 18514 MiB
GPU-a2be9350-e0b5-d8b0-9844-51c35161cd3e, 445303, 18514 MiB
OWNED
404781
443501
443529
445299
445302
445303
2026-10-10T02:31:57Z
GPU-4af84168-6d29-6128-fee3-1b146cce9b47, 445302, 18514 MiB
GPU-a2be9350-e0b5-d8b0-9844-51c35161cd3e, 445303, 18514 MiB
OWNED
404781
443501
443529
445299
445302
445303
2026-10-10T02:32:03Z
GPU-4af84168-6d29-6128-fee3-1b146cce9b47, 445302, 18514 MiB
GPU-a2be9350-e0b5-d8b0-9844-51c35161cd3e, 445303, 18514 MiB
OWNED
404781
443501
443529
445299
445302
445303
2026-10-10T02:32:08Z
GPU-4af84168-6d29-6128-fee3-1b146cce9b47, 445302, 18514 MiB
GPU-a2be9350-e0b5-d8b0-9844-51c35161cd3e, 445303, 18514 MiB
OWNED
404781
443501
443529
445299
445302
445303
2026-10-10T02:32:14Z
GPU-4af84168-6d29-6128-fee3-1b146cce9b47, 445302, 18514 MiB
GPU-a2be9350-e0b5-d8b0-9844-51c35161cd3e, 445303, 18514 MiB
OWNED
404781
443501
443529
445299
445302
445303
2026-10-10T02:32:19Z
GPU-4af84168-6d29-6128-fee3-1b146cce9b47, 445302, 18514 MiB
GPU-a2be9350-e0b5-d8b0-9844-51c35161cd3e, 445303, 18514 MiB
OWNED
404781
443501
443529
445299
445302
445303
2026-10-10T02:32:25Z
GPU-4af84168-6d29-6128-fee3-1b146cce9b47, 445302, 18514 MiB
GPU-a2be9350-e0b5-d8b0-9844-51c35161cd3e, 445303, 18514 MiB
OWNED
404781
443501
443529
445299
445302
445303
2026-10-10T02:32:30Z
GPU-4af84168-6d29-6128-fee3-1b146cce9b47, 445302, 18514 MiB
GPU-a2be9350-e0b5-d8b0-9844-51c35161cd3e, 445303, 18514 MiB
OWNED
404781
443501
443529
445299
445302
445303
2026-10-10T02:32:36Z
GPU-4af84168-6d29-6128-fee3-1b146cce9b47, 445302, 18514 MiB
GPU-a2be9350-e0b5-d8b0-9844-51c35161cd3e, 445303, 18514 MiB
OWNED
404781
443501
443529
445299
445302
445303
2026-10-10T02:32:41Z
GPU-4af84168-6d29-6128-fee3-1b146cce9b47, 445302, 18514 MiB
GPU-a2be9350-e0b5-d8b0-9844-51c35161cd3e, 445303, 18514 MiB
OWNED
404781
443501
443529
445299
445302
445303
2026-10-10T02:32:46Z
GPU-4af84168-6d29-6128-fee3-1b146cce9b47, 445302, 18514 MiB
GPU-a2be9350-e0b5-d8b0-9844-51c35161cd3e, 445303, 18514 MiB
OWNED
404781
443501
443529
445299
445302
445303
2026-10-10T02:32:52Z
GPU-4af84168-6d29-6128-fee3-1b146cce9b47, 445302, 18514 MiB
GPU-a2be9350-e0b5-d8b0-9844-51c35161cd3e, 445303, 18514 MiB
OWNED
404781
443501
443529
445299
445302
445303
2026-10-10T02:32:57Z
GPU-4af84168-6d29-6128-fee3-1b146cce9b47, 445302, 18514 MiB
GPU-a2be9350-e0b5-d8b0-9844-51c35161cd3e, 445303, 18514 MiB
OWNED
404781
443501
443529
445299
445302
445303
2026-10-10T02:33:03Z
GPU-4af84168-6d29-6128-fee3-1b146cce9b47, 445302, 18514 MiB
GPU-a2be9350-e0b5-d8b0-9844-51c35161cd3e, 445303, 18514 MiB
OWNED
404781
443501
443529
445299
445302
445303
2026-10-10T02:33:08Z
GPU-4af84168-6d29-6128-fee3-1b146cce9b47, 445302, 18514 MiB
GPU-a2be9350-e0b5-d8b0-9844-51c35161cd3e, 445303, 18514 MiB
OWNED
404781
443501
443529
445299
445302
445303
2026-10-10T02:33:14Z
GPU-4af84168-6d29-6128-fee3-1b146cce9b47, 445302, 18514 MiB
GPU-a2be9350-e0b5-d8b0-9844-51c35161cd3e, 445303, 18514 MiB
OWNED
404781
443501
443529
445299
445302
445303
2026-10-10T02:33:19Z
GPU-4af84168-6d29-6128-fee3-1b146cce9b47, 445302, 18514 MiB
GPU-a2be9350-e0b5-d8b0-9844-51c35161cd3e, 445303, 18514 MiB
OWNED
404781
443501
443529
445299
445302
445303
2026-10-10T02:33:25Z
GPU-4af84168-6d29-6128-fee3-1b146cce9b47, 445302, 18514 MiB
GPU-a2be9350-e0b5-d8b0-9844-51c35161cd3e, 445303, 18514 MiB
OWNED
404781
443501
443529
445299
445302
445303
2026-10-10T02:33:30Z
GPU-4af84168-6d29-6128-fee3-1b146cce9b47, 445302, 18514 MiB
GPU-a2be9350-e0b5-d8b0-9844-51c35161cd3e, 445303, 18514 MiB
OWNED
404781
443501
443529
445299
445302
445303
2026-10-10T02:33:36Z
GPU-4af84168-6d29-6128-fee3-1b146cce9b47, 445302, 18514 MiB
GPU-a2be9350-e0b5-d8b0-9844-51c35161cd3e, 445303, 18514 MiB
OWNED
404781
443501
443529
445299
445302
445303
2026-10-10T02:33:41Z
GPU-4af84168-6d29-6128-fee3-1b146cce9b47, 445302, 18514 MiB
GPU-a2be9350-e0b5-d8b0-9844-51c35161cd3e, 445303, 18514 MiB
OWNED
404781
443501
443529
445299
445302
445303
2026-10-10T02:33:47Z
GPU-4af84168-6d29-6128-fee3-1b146cce9b47, 445302, 18514 MiB
GPU-a2be9350-e0b5-d8b0-9844-51c35161cd3e, 445303, 18514 MiB
OWNED
404781
443501
443529
445299
445302
445303
2026-10-10T02:33:52Z
GPU-4af84168-6d29-6128-fee3-1b146cce9b47, 445302, 18514 MiB
GPU-a2be9350-e0b5-d8b0-9844-51c35161cd3e, 445303, 18514 MiB
OWNED
404781
443501
443529
445299
445302
445303
2026-10-10T02:33:58Z
GPU-4af84168-6d29-6128-fee3-1b146cce9b47, 445302, 18514 MiB
GPU-a2be9350-e0b5-d8b0-9844-51c35161cd3e, 445303, 18514 MiB
OWNED
404781
443501
443529
445299
445302
445303
2026-10-10T02:34:03Z
GPU-4af84168-6d29-6128-fee3-1b146cce9b47, 445302, 18514 MiB
GPU-a2be9350-e0b5-d8b0-9844-51c35161cd3e, 445303, 18514 MiB
OWNED
404781
443501
443529
445299
445302
445303
2026-10-10T02:34:08Z
GPU-4af84168-6d29-6128-fee3-1b146cce9b47, 445302, 654 MiB
GPU-a2be9350-e0b5-d8b0-9844-51c35161cd3e, 445303, 604 MiB
OWNED
404781
443501
443529
445299
445302
445303
